======================================================================================================================
c52 -- q_1 = gap_2/gap_1 of the pooled parity ladder, per (x, N).  dps=300, gl=9, it=16, k=3 everywhere.
======================================================================================================================
x          N    n        L  q_1                order     cert drop  note
4         60    3  1.38629  0.878661297622     eoeoe        4    1  
4         86    3  1.38629  0.874804814563     eoeoe        4    1  ISO
4        100    3  1.38629  0.875226119031     eoeoe        4    1  
4.82      60    3  1.57277  0.902961975383     eoeoeo       5    0  
4.82      98    3  1.57277  0.881949098804     eoeoeo       5    0  ISO
4.82     100    3  1.57277  0.881370185567     eoeoeo       5    0  
4.86      60    4  1.58104  0.886692228951     eoeoeo       5    0  
4.86      98    4  1.58104  0.867965528838     eoeoeo       5    0  ISO
4.86     100    4  1.58104  0.867590900558     eoeoeo       5    0  
5         60    4  1.60944  0.917335045899     eoeoeo       5    0  
5        100    4  1.60944  0.889256615305     eoeoeo       5    0  ISO
5.23      60    4  1.65441  0.916209844997     eoeoeo       5    0  
5.23     100    4  1.65441  0.897548359346     eoeoeo       5    0  
5.23     103    4  1.65441  0.896853762618     eoeoeo       5    0  ISO
7         60    8  1.94591  0.897316625502     eoeoeo       5    0  
7        100    8  1.94591  0.913979559849     eoeoeo       5    0  
7        121    8  1.94591  0.918656473871     eoeoeo       5    0  ISO
9         60   12  2.19722  0.935138881071     eoeoeo       5    0  
9        100   12  2.19722  0.92716400046      eoeoeo       5    0  
9        137   12  2.19722  0.91266859567      eoeoeo       5    0  ISO
11        60   16   2.3979  0.937025199473     eoeoeo       5    0  
11       100   16   2.3979  0.931024396616     eoeoeo       5    0  
11       149   16   2.3979  0.929563442474     eoeoeo       5    0  ISO
13        60   21  2.56495  0.926250423386     eoeoeo       5    0  
13       100   21  2.56495  0.920657101471     eoeoeo       5    0  
13       159   21  2.56495  0.925005134124     eoeoeo       5    0  ISO
16        60   29  2.77259  0.934244829359     eoeoeo       5    0  
16       100   29  2.77259  0.92829615718      eoeoeo       5    0  
16       172   29  2.77259  0.940899407831     eoeoeo       5    0  ISO
19        60   38  2.94444  0.926149116682     eoeoeo       5    0  
19       100   38  2.94444  0.931062954397     eoeoeo       5    0  
19       183   38  2.94444  0.934713596132     eoeoeo       5    0  ISO
23        60   50  3.13549  0.932277832223     eoeoeo       5    0  
23       100   50  3.13549  0.942861641259     eoeoeo       5    0  
23       195   50  3.13549  0.942836661557     eoeoeo       5    0  ISO

--- P0  the pooling import vs c50's PUBLISHED q_1 (external ground truth for the analysis) ---
  x=5   published q_1 = 0.889256615305  recomputed = 0.889256615304873      AGREE
  x=13  published q_1 = 0.9206571015    recomputed = 0.920657101470947      AGREE
  x=19  published q_1 = 0.931062954     recomputed = 0.931062954396853      AGREE

--- P1  certified prefix >= 3 and pooled order starts 'eoe' : 0 of 35 cells fail

--- S_N(x) = q_1(x,100) - q_1(x,60): the N-control AT EACH x, used as a COVARIATE ---
  x=4      S_N = -0.0034351786     (|S_N| = 0.0034351786)
  x=4.82   S_N = -0.02159179       (|S_N| = 0.02159179)
  x=4.86   S_N = -0.019101328      (|S_N| = 0.019101328)
  x=5      S_N = -0.028078431      (|S_N| = 0.028078431)
  x=5.23   S_N = -0.018661486      (|S_N| = 0.018661486)
  x=7      S_N = 0.016662934       (|S_N| = 0.016662934)
  x=9      S_N = -0.0079748806     (|S_N| = 0.0079748806)
  x=11     S_N = -0.0060008029     (|S_N| = 0.0060008029)
  x=13     S_N = -0.0055933219     (|S_N| = 0.0055933219)
  x=16     S_N = -0.0059486722     (|S_N| = 0.0059486722)
  x=19     S_N = 0.0049138377      (|S_N| = 0.0049138377)
  x=23     S_N = 0.010583809       (|S_N| = 0.010583809)
  range R of q_1 over the completed N=100 grid          : 0.0752707407

--- P5  per-x confound verdict: CONFOUNDED if |S_N(x)| > R/3 ---
  x=4      CLEAN
  x=4.82   CLEAN
  x=4.86   CLEAN
  x=5      CONFOUNDED
  x=5.23   CLEAN
  x=7      CLEAN
  x=9      CLEAN
  x=11     CLEAN
  x=13     CLEAN
  x=16     CLEAN
  x=19     CLEAN
  x=23     CLEAN

--- P2  strict monotone increase of q_1 in x at fixed N=100 ---
  P2a all-12   m=12  strictly increasing: False   permutation null p = 1/12! = 2.088e-9
      violating consecutive pairs: [('4.82', '4.86'), ('11', '13')]
  P2b coarse-9 m= 9  strictly increasing: False   permutation null p = 1/9! = 2.756e-6
      violating consecutive pairs: [('11', '13')]

--- P3  the axis, with ZERO fitted parameters ---
  a pure-n law says q_1 is a function of n alone; a pure-x/L law says it is smooth in x.
  P3a-n3   x=4     -> 4.82  (same n=3, x moves 20.5%)
           dq_1 = 0.0061440665     conservative band 0.0647754 [inside]   paired band 0.0544698 [inside]
  P3a-n4   x=4.86  -> 5     (same n=4, x moves up to 7.6%)
           dq_1 = 0.021665715      conservative band 0.0842353 [inside]   paired band 0.0269313 [inside]
  P3a-n4   x=5     -> 5.23  (same n=4, x moves up to 7.6%)
           dq_1 = 0.008291744      conservative band 0.0842353 [inside]   paired band 0.0282508 [inside]
  P3a-n4   x=4.86  -> 5.23  (same n=4, x moves up to 7.6%)
           dq_1 = 0.029957459      conservative band 0.057304 [inside]   paired band 0.00131953 [EXCEEDS]
  P3b      x=4.82  -> 4.86  (n moves +1, x moves 0.83%)
           dq_1 = -0.013779285     conservative band 0.0647754 [inside]   paired band 0.00747138 [EXCEEDS]

--- P4  isoresolution series (N/L constant) vs fixed-N series: consecutive signs ---
  x with BOTH series: 12   consecutive sign agreements: 9 of 11   disagreements: [('7', '9', '-1.0', '1.0'), ('16', '19', '-1.0', '1.0')]
  isoresolution q_1 range: 0.874804814563 -> 0.942836661557 (span 0.068031847)
  fixed-N=100    q_1 range: 0.875226119031 -> 0.942861641259 (span 0.067635522)

--- P6  three registered families, calibrated on the 3 PUBLISHED points ONLY, applied blind ---
  family F_x : 1 - q_1 = 0.19594185 * x^(-0.35388775)
    x      predicted q_1    measured q_1     residual       3|S_N|   in band?
    4      0.8800319666     0.875226119      -0.00480585    0.01031  YES
    4.82   0.8876934165     0.8813701856     -0.00632323    0.06478  YES
    4.86   0.8880214007     0.8675909006     -0.0204305     0.0573   YES
    5      0.8891411745     0.8892566153     0.000115441    0.08424  YES   [calibration]
    5.23   0.8908915844     0.8975483593     0.00665677     0.05598  YES
    7      0.9015858941     0.9139795598     0.0123937      0.04999  YES
    9      0.9099606273     0.9271640005     0.0172034      0.02392  YES
    11     0.9161330053     0.9310243966     0.0148914      0.018    YES
    13     0.9209473763     0.9206571015     -0.000290275   0.01678  YES   [calibration]
    16     0.9265479563     0.9282961572     0.0017482      0.01785  YES
    19     0.9308818731     0.9310629544     0.000181081    0.01474  YES   [calibration]
    23     0.9354006133     0.9428616413     0.00746103     0.03175  YES
    BLIND: 9 of 9 inside 3|S_N| ; residual signs ---++++++ ; monotone-in-x: False ; sum|resid| = 0.091914
  family F_L : 1 - q_1 = 0.16025406 * L^(-0.76713003)
    x      predicted q_1    measured q_1     residual       3|S_N|   in band?
    4      0.8752652524     0.875226119      -3.91333e-5    0.01031  YES
    4.82   0.8867755009     0.8813701856     -0.00540532    0.06478  YES
    4.86   0.8872298073     0.8675909006     -0.0196389     0.0573   YES
    5      0.8887594756     0.8892566153     0.00049714     0.08424  YES   [calibration]
    5.23   0.8910866659     0.8975483593     0.00646169     0.05598  YES
    7      0.9038356136     0.9139795598     0.0101439      0.04999  YES
    9      0.9123913721     0.9271640005     0.0147726      0.02392  YES
    11     0.9180724679     0.9310243966     0.0129519      0.018    YES
    13     0.9221977053     0.9206571015     -0.0015406     0.01678  YES   [calibration]
    16     0.9267077078     0.9282961572     0.00158845     0.01785  YES
    19     0.9300120798     0.9310629544     0.00105087     0.01474  YES   [calibration]
    23     0.9333073775     0.9428616413     0.00955426     0.03175  YES
    BLIND: 9 of 9 inside 3|S_N| ; residual signs ---++++++ ; monotone-in-x: False ; sum|resid| = 0.0805563
  family F_n : 1 - q_1 = 0.14824044 * n^(-0.20850698)
    x      predicted q_1    measured q_1     residual       3|S_N|   in band?
    4      0.8821082036     0.875226119      -0.00688208    0.01031  YES
    4.82   0.8821082036     0.8813701856     -0.000738018   0.06478  YES
    4.86   0.8889718799     0.8675909006     -0.021381      0.0573   YES
    5      0.8889718799     0.8892566153     0.000284735    0.08424  YES   [calibration]
    5.23   0.8889718799     0.8975483593     0.00857648     0.05598  YES
    7      0.9039126688     0.9139795598     0.0100669      0.04999  YES
    9      0.9117022017     0.9271640005     0.0154618      0.02392  YES
    11     0.9168429114     0.9310243966     0.0141815      0.018    YES
    13     0.9214267449     0.9206571015     -0.000769643   0.01678  YES   [calibration]
    16     0.9265407471     0.9282961572     0.00175541     0.01785  YES
    19     0.930566223      0.9310629544     0.000496731    0.01474  YES   [calibration]
    23     0.9344278245     0.9428616413     0.00843382     0.03175  YES
    BLIND: 9 of 9 inside 3|S_N| ; residual signs ---++++++ ; monotone-in-x: False ; sum|resid| = 0.087477

--- P7  label-permutation null for the best family (V5: a new feature ships with a null) ---
  best family by sum|resid| = F_L ; observed 0.080556265 ; 2/20000 random label assignments do as well or better -> p = 0.0001

DENOMINATOR: 35 of 35 planned (x,N) PAIRS completed; 70 of 70 planned CELLS present.
