REDIRECTION: {
 "wrapper": "/shared/rh-exchange-repo/Riemann/data/c55/m2_c55_spectrum.py",
 "c53_module": "/shared/rh-exchange-repo/Riemann/data/c53/m2_c53_spectrum.py",
 "c53_dir": "/shared/rh-exchange-repo/Riemann/data/c53",
 "out_dir": "/shared/rh-exchange-repo/Riemann/data/c55",
 "redirected": true,
 "inner_resolver": {
  "HERE": "/shared/rh-exchange-repo/Riemann/data/c55",
  "c42": "/shared/rh-exchange-repo/Riemann/data/c42",
  "code": "/shared/rh-exchange-repo/Riemann/data/code",
  "c46": "/shared/rh-exchange-repo/Riemann/data/c46",
  "c50": "/shared/rh-exchange-repo/Riemann/data/c50",
  "c51": "/shared/rh-exchange-repo/Riemann/data/c51",
  "detector_module": "/shared/rh-exchange-repo/Riemann/data/c51/m2_c51_nodes.py"
 }
}
x=22 N=100: pooled levels 201 (certified prefix 200)
  gaps: ['4.2062', '3.91842', '3.7741', '3.66556', '3.57223', '3.40267', '3.16424', '3.16693', '3.2794', '3.1179', '2.83692', '2.85348', '2.91026', '2.81788', '2.70835', '2.56749', '2.57973', '2.64273', '2.47385', '2.34027', '2.37148', '2.51439', '2.32292', '2.16362', '2.27763', '2.18094', '2.15237', '2.07126', '2.00261', '2.08949', '1.89905', '1.80511', '1.83647', '1.86817', '1.62248', '1.65185', '1.62514', '1.48719', '1.37796', '1.31653', '1.02696', '0.498732', '0.0380781', '0.022955', '0.00150284', '0.0206592', '0.09138', '0.00417567', '0.00177849', '0.022423', '0.0398695', '0.00620769', '0.00525916', '0.00845306', '0.0363008', '0.00561112', '0.0215424', '0.00099212', '0.0761264', '0.0030062', '0.0952121', '0.0280465', '0.00141022', '0.0302972', '0.0129636', '0.00331544', '0.00781386', '0.00884051', '0.00932141', '0.0213179', '0.0110174', '0.0073633', '0.0178623', '0.000654757', '0.00987336', '4.71301e-5', '0.0100136', '0.0107869', '0.0267409', '0.000133939', '0.0128398', '0.0101034', '0.0057744', '0.000555284', '0.00696522', '0.0029525', '0.00249272', '0.00588299', '0.000934441', '0.00498929', '0.00480237', '0.000538828', '0.00357565', '0.000366323', '2.84395e-5', '0.0121058', '9.95367e-5', '0.00205824', '0.00132843', '0.00419046', '0.00569663', '0.00474884', '0.00473836', '1.798e-5', '0.00913453', '0.000126874', '0.00502697', '0.00308511', '0.00631049', '0.000858938', '0.00894411', '6.51025e-5', '0.00868641', '0.00790355', '0.000876693', '0.000633578', '0.000829207', '0.00241655', '0.00489505', '0.000580816', '0.00486505', '0.00435454', '0.00242268', '0.00834449', '4.20863e-5', '0.00934652', '0.000945039', '0.00217313', '0.000205022', '0.00295751', '0.00077798', '0.0028473', '0.000469674', '0.00329847', '0.000124488', '0.00255159', '0.000172167', '0.00644073', '0.000708918', '0.00180549', '0.00183058', '0.000464165', '0.00957925', '0.000147749', '0.00592097', '0.000206201', '0.00570708', '0.000915079', '0.00799134', '0.00924413', '0.000173801', '0.00218353', '0.00019351', '0.00258939', '0.00413507', '0.00526597', '0.00223404', '0.00124606', '0.00401632', '0.000572141', '0.00114412', '0.00187263', '0.000639844', '4.21159e-5', '0.00185516', '0.000363005', '0.00735529', '4.50157e-5', '0.00167887', '0.001584', '0.00710022', '0.000749134', '0.00508898', '0.00116601', '0.0036704', '0.00187354', '0.0020454', '0.00198848', '0.00142901', '0.000738051', '0.00122148', '0.00215201', '0.00576428', '0.00131281', '0.0130892', '4.53269e-6', '0.000393508', '4.10727e-5', '0.00277151', '0.000801803', '0.0412853', '0.00173207', '0.0150641', '0.000376523', '0.015912', '0.000270924', '0.00451865', '0.00346883', '0.0131384', '0.000140725']
  first strict local MIN at gap index 7; first strict local MAX after it at 9
  MODEL G p2 = 10
renamed m2_c53_gpred_x22_N100_dps300.json -> m2_c55_gpred_x22_N100_dps300.json
