REDIRECTION: {
 "wrapper": "/shared/rh-exchange-repo/Riemann/data/c55/m2_c55_spectrum.py",
 "c53_module": "/shared/rh-exchange-repo/Riemann/data/c53/m2_c53_spectrum.py",
 "c53_dir": "/shared/rh-exchange-repo/Riemann/data/c53",
 "out_dir": "/shared/rh-exchange-repo/Riemann/data/c55",
 "redirected": true,
 "inner_resolver": {
  "HERE": "/shared/rh-exchange-repo/Riemann/data/c55",
  "c42": "/shared/rh-exchange-repo/Riemann/data/c42",
  "code": "/shared/rh-exchange-repo/Riemann/data/code",
  "c46": "/shared/rh-exchange-repo/Riemann/data/c46",
  "c50": "/shared/rh-exchange-repo/Riemann/data/c50",
  "c51": "/shared/rh-exchange-repo/Riemann/data/c51",
  "detector_module": "/shared/rh-exchange-repo/Riemann/data/c51/m2_c51_nodes.py"
 }
}
x=25 N=100: pooled levels 201 (certified prefix 200)
  gaps: ['4.17909', '3.90993', '3.79193', '3.70219', '3.57171', '3.36723', '3.14369', '3.14912', '3.25967', '3.09596', '2.80691', '2.81329', '2.8501', '2.77554', '2.72778', '2.55856', '2.51876', '2.62141', '2.48859', '2.31755', '2.28729', '2.45508', '2.37429', '2.14715', '2.20177', '2.16789', '2.18866', '2.12205', '1.97707', '2.11056', '2.06287', '1.90582', '1.83824', '2.01233', '1.87611', '1.70971', '1.77366', '1.75518', '1.73439', '1.61501', '1.61335', '1.61163', '1.4139', '1.52234', '1.40326', '1.203', '0.958526', '0.387258', '0.00849165', '0.13705', '0.0426985', '0.0129518', '0.00455272', '0.00328631', '0.0481558', '0.000450501', '0.0356027', '0.00646741', '0.0359314', '0.00648679', '0.0462871', '0.0822649', '0.0236808', '0.000761224', '0.0525524', '0.0171048', '0.0272019', '0.00743791', '0.00756053', '0.0112143', '0.0229298', '0.00744269', '0.0212958', '0.00187916', '0.0194847', '0.00756292', '7.65727e-5', '0.0114038', '0.00110716', '0.00616805', '0.0457313', '0.0118902', '0.00207777', '0.00586694', '0.00183238', '0.00950776', '0.000116783', '0.00518912', '0.0103803', '0.00059877', '0.00171245', '0.000318901', '0.00280083', '0.00206169', '0.00188676', '0.0012626', '0.0124397', '0.000382276', '0.00526965', '0.000731458', '0.011079', '0.00271411', '0.000922472', '0.000108943', '0.00473263', '0.00086887', '0.00962142', '9.1136e-5', '0.00325295', '0.00107311', '0.00514332', '0.0154375', '0.000683627', '0.00854261', '0.0030801', '0.000197077', '0.0031209', '0.00350411', '0.000480406', '0.00860027', '0.000161737', '0.00722124', '0.00020132', '0.00910065', '0.000919652', '0.00585056', '1.54131e-5', '0.00273848', '0.000943344', '0.000381912', '0.00545727', '0.000640414', '0.00313089', '0.00060746', '0.0016451', '0.000892827', '0.00985463', '0.000166813', '6.23189e-6', '0.00142833', '0.00495368', '0.000575493', '0.00160343', '0.00109678', '0.0089007', '0.000264372', '0.00435172', '0.00031902', '0.0048467', '0.00301966', '0.00751056', '2.21085e-5', '0.00558693', '0.00225003', '0.0116066', '0.000927593', '0.00249535', '3.11736e-5', '0.00213598', '0.000670291', '0.00132829', '0.000418275', '0.00186706', '0.00117433', '0.00275597', '0.00136235', '0.000652861', '0.000127294', '0.00188971', '0.00220872', '0.0033007', '0.00247872', '0.00608242', '0.00158372', '0.00284509', '0.00504607', '0.000891361', '0.00013117', '0.000488037', '1.46435e-5', '0.0111881', '0.0049586', '0.004666', '0.000667783', '0.00776467', '0.00194558', '0.00450524', '0.000242475', '0.00744654', '0.00148414', '0.023783', '0.00108052', '0.0381592', '0.000463381', '0.0108389', '0.000985102', '0.00305739', '0.00106847', '0.00903129', '2.40289e-5']
  first strict local MIN at gap index 7; first strict local MAX after it at 9
  MODEL G p2 = 10
renamed m2_c53_gpred_x25_N100_dps300.json -> m2_c55_gpred_x25_N100_dps300.json
