REDIRECTION: {
 "wrapper": "/shared/rh-exchange-repo/Riemann/data/c55/m2_c55_spectrum.py",
 "c53_module": "/shared/rh-exchange-repo/Riemann/data/c53/m2_c53_spectrum.py",
 "c53_dir": "/shared/rh-exchange-repo/Riemann/data/c53",
 "out_dir": "/shared/rh-exchange-repo/Riemann/data/c55",
 "redirected": true,
 "inner_resolver": {
  "HERE": "/shared/rh-exchange-repo/Riemann/data/c55",
  "c42": "/shared/rh-exchange-repo/Riemann/data/c42",
  "code": "/shared/rh-exchange-repo/Riemann/data/code",
  "c46": "/shared/rh-exchange-repo/Riemann/data/c46",
  "c50": "/shared/rh-exchange-repo/Riemann/data/c50",
  "c51": "/shared/rh-exchange-repo/Riemann/data/c51",
  "detector_module": "/shared/rh-exchange-repo/Riemann/data/c51/m2_c51_nodes.py"
 }
}
  odd  rung 1  log10lam=-102.07502843432 rel_resid=4.888500831e-199 adm=True  nu=None refine=3    lobe=6.106e-43  sturm=1   delta=None stable=False
  odd  rung 2  log10lam=-93.861138896944 rel_resid=5.825966357e-207 adm=True  nu=3    refine=3    lobe=0.5708     sturm=3   delta=0    stable=True
  odd  rung 3  log10lam=-86.173378937987 rel_resid=1.051670807e-214 adm=True  nu=7    refine=7    lobe=0.05463    sturm=5   delta=2    stable=True
  odd  rung 4  log10lam=-79.206955832879 rel_resid=1.449546762e-221 adm=True  nu=9    refine=9    lobe=0.496      sturm=7   delta=2    stable=True
  odd  rung 5  log10lam=-72.437248283653 rel_resid=2.855987887e-228 adm=True  nu=11   refine=11   lobe=0.2121     sturm=9   delta=2    stable=True
  odd  rung 6  log10lam=-66.127117580488 rel_resid=2.172842191e-234 adm=True  nu=17   refine=17   lobe=0.1168     sturm=11  delta=6    stable=True
  odd  rung 7  log10lam=-60.125009311349 rel_resid=1.956103048e-240 adm=True  nu=19   refine=19   lobe=0.1449     sturm=13  delta=6    stable=True
  odd  rung 8  log10lam=-54.330417636391 rel_resid=4.195490474e-246 adm=True  nu=25   refine=25   lobe=0.1395     sturm=15  delta=10   stable=True
  odd  rung 9  log10lam=-48.960233129128 rel_resid=1.889625776e-251 adm=True  nu=25   refine=25   lobe=0.1096     sturm=17  delta=8    stable=True
  odd  rung 10 log10lam=-43.635341364344 rel_resid=1.085813311e-256 adm=True  nu=35   refine=35   lobe=0.003742   sturm=19  delta=16   stable=True
  odd  rung 11 log10lam=-38.757062576800 rel_resid=1.254444057e-261 adm=True  nu=33   refine=33   lobe=0.1939     sturm=21  delta=12   stable=True
  odd  rung 12 log10lam=-33.803815529096 rel_resid=1.578807518e-266 adm=True  nu=43   refine=43   lobe=0.008815   sturm=23  delta=20   stable=True
  odd  rung 13 log10lam=-29.250528852877 rel_resid=3.522887363e-271 adm=True  nu=49   refine=49   lobe=0.05373    sturm=25  delta=24   stable=True
wrote m2_c55_nodes_odd_x22_N180_dps300.json  2625.3s
