REDIRECTION: {
 "wrapper": "/shared/rh-exchange-repo/Riemann/data/c55/m2_c55_spectrum.py",
 "c53_module": "/shared/rh-exchange-repo/Riemann/data/c53/m2_c53_spectrum.py",
 "c53_dir": "/shared/rh-exchange-repo/Riemann/data/c53",
 "out_dir": "/shared/rh-exchange-repo/Riemann/data/c55",
 "redirected": true,
 "inner_resolver": {
  "HERE": "/shared/rh-exchange-repo/Riemann/data/c55",
  "c42": "/shared/rh-exchange-repo/Riemann/data/c42",
  "code": "/shared/rh-exchange-repo/Riemann/data/code",
  "c46": "/shared/rh-exchange-repo/Riemann/data/c46",
  "c50": "/shared/rh-exchange-repo/Riemann/data/c50",
  "c51": "/shared/rh-exchange-repo/Riemann/data/c51",
  "detector_module": "/shared/rh-exchange-repo/Riemann/data/c51/m2_c51_nodes.py"
 }
}
  odd  rung 1  log10lam=-98.325838859015 rel_resid=3.389270409e-203 adm=True  nu=None refine=3    lobe=1.57e-42   sturm=1   delta=None stable=False
  odd  rung 2  log10lam=-90.633324336024 rel_resid=1.264090751e-210 adm=True  nu=None refine=5    lobe=2.844e-43  sturm=3   delta=None stable=False
  odd  rung 3  log10lam=-83.395535362634 rel_resid=8.192042477e-218 adm=True  nu=7    refine=7    lobe=0.05298    sturm=5   delta=2    stable=True
  odd  rung 4  log10lam=-76.828631469818 rel_resid=5.721743223e-224 adm=True  nu=9    refine=9    lobe=0.4982     sturm=7   delta=2    stable=True
  odd  rung 5  log10lam=-70.382299318485 rel_resid=1.960523012e-230 adm=True  nu=11   refine=11   lobe=0.2114     sturm=9   delta=2    stable=True
  odd  rung 6  log10lam=-64.427473280342 rel_resid=2.637297571e-236 adm=True  nu=17   refine=17   lobe=0.116      sturm=11  delta=6    stable=True
  odd  rung 7  log10lam=-58.663731880409 rel_resid=3.731082079e-242 adm=True  nu=19   refine=19   lobe=0.1464     sturm=13  delta=6    stable=True
  odd  rung 8  log10lam=-53.137501000629 rel_resid=1.648785297e-247 adm=True  nu=25   refine=25   lobe=0.1384     sturm=15  delta=10   stable=True
  odd  rung 9  log10lam=-47.990280295176 rel_resid=1.128663479e-252 adm=True  nu=25   refine=25   lobe=0.1116     sturm=17  delta=8    stable=True
  odd  rung 10 log10lam=-42.873694280441 rel_resid=1.119884697e-257 adm=True  nu=35   refine=35   lobe=0.003409   sturm=19  delta=16   stable=True
  odd  rung 11 log10lam=-38.161942548711 rel_resid=2.520348536e-262 adm=True  nu=33   refine=33   lobe=0.1949     sturm=21  delta=12   stable=True
  odd  rung 12 log10lam=-33.324626432711 rel_resid=2.84167052e-267 adm=True  nu=43   refine=43   lobe=0.008475   sturm=23  delta=20   stable=True
  odd  rung 13 log10lam=-28.883377020192 rel_resid=1.505332067e-271 adm=True  nu=49   refine=49   lobe=0.05323    sturm=25  delta=24   stable=True
wrote m2_c55_nodes_odd_x22_N100_dps300.json  1514.8s
