REDIRECTION: {
 "wrapper": "/shared/rh-exchange-repo/Riemann/data/c55/m2_c55_spectrum.py",
 "c53_module": "/shared/rh-exchange-repo/Riemann/data/c53/m2_c53_spectrum.py",
 "c53_dir": "/shared/rh-exchange-repo/Riemann/data/c53",
 "out_dir": "/shared/rh-exchange-repo/Riemann/data/c55",
 "redirected": true,
 "inner_resolver": {
  "HERE": "/shared/rh-exchange-repo/Riemann/data/c55",
  "c42": "/shared/rh-exchange-repo/Riemann/data/c42",
  "code": "/shared/rh-exchange-repo/Riemann/data/code",
  "c46": "/shared/rh-exchange-repo/Riemann/data/c46",
  "c50": "/shared/rh-exchange-repo/Riemann/data/c50",
  "c51": "/shared/rh-exchange-repo/Riemann/data/c51",
  "detector_module": "/shared/rh-exchange-repo/Riemann/data/c51/m2_c51_nodes.py"
 }
}
  odd  rung 1  log10lam=-108.30857731815 rel_resid=2.875192561e-193 adm=True  nu=1    refine=1    lobe=1.0        sturm=1   delta=0    stable=True
  odd  rung 2  log10lam=-100.60671854078 rel_resid=9.197356429e-201 adm=True  nu=3    refine=3    lobe=0.5762     sturm=3   delta=0    stable=True
  odd  rung 3  log10lam=-93.332812429976 rel_resid=7.180131366e-208 adm=True  nu=7    refine=7    lobe=0.04333    sturm=5   delta=2    stable=True
  odd  rung 4  log10lam=-86.821892016078 rel_resid=3.947032286e-214 adm=True  nu=9    refine=9    lobe=0.5105     sturm=7   delta=2    stable=True
  odd  rung 5  log10lam=-80.413101533466 rel_resid=1.969877855e-220 adm=True  nu=11   refine=11   lobe=0.2045     sturm=9   delta=2    stable=True
  odd  rung 6  log10lam=-74.510236066348 rel_resid=2.780662778e-226 adm=True  nu=17   refine=17   lobe=0.106      sturm=11  delta=6    stable=True
  odd  rung 7  log10lam=-68.846849774224 rel_resid=6.879041507e-232 adm=True  nu=19   refine=19   lobe=0.162      sturm=13  delta=6    stable=True
  odd  rung 8  log10lam=-63.343533923941 rel_resid=2.277341307e-237 adm=True  nu=25   refine=25   lobe=0.1182     sturm=15  delta=10   stable=True
  odd  rung 9  log10lam=-58.266207890059 rel_resid=1.737205074e-242 adm=True  nu=25   refine=25   lobe=0.1426     sturm=17  delta=8    stable=True
  odd  rung 10 log10lam=-53.156213577139 rel_resid=1.763250317e-247 adm=True  nu=31   refine=31   lobe=0.02569    sturm=19  delta=12   stable=True
  odd  rung 11 log10lam=-48.551367161548 rel_resid=4.529405633e-252 adm=True  nu=33   refine=33   lobe=0.2241     sturm=21  delta=12   stable=True
  odd  rung 12 log10lam=-43.721995809259 rel_resid=9.854481755e-257 adm=True  nu=39   refine=39   lobe=0.05842    sturm=23  delta=16   stable=True
  odd  rung 13 log10lam=-39.373070012767 rel_resid=4.079525777e-261 adm=True  nu=49   refine=49   lobe=0.02662    sturm=25  delta=24   stable=True
wrote m2_c55_nodes_odd_x25_N100_dps300.json  1484.6s
