REDIRECTION: {
 "wrapper": "/shared/rh-exchange-repo/Riemann/data/c55/m2_c55_spectrum.py",
 "c53_module": "/shared/rh-exchange-repo/Riemann/data/c53/m2_c53_spectrum.py",
 "c53_dir": "/shared/rh-exchange-repo/Riemann/data/c53",
 "out_dir": "/shared/rh-exchange-repo/Riemann/data/c55",
 "redirected": true,
 "inner_resolver": {
  "HERE": "/shared/rh-exchange-repo/Riemann/data/c55",
  "c42": "/shared/rh-exchange-repo/Riemann/data/c42",
  "code": "/shared/rh-exchange-repo/Riemann/data/code",
  "c46": "/shared/rh-exchange-repo/Riemann/data/c46",
  "c50": "/shared/rh-exchange-repo/Riemann/data/c50",
  "c51": "/shared/rh-exchange-repo/Riemann/data/c51",
  "detector_module": "/shared/rh-exchange-repo/Riemann/data/c51/m2_c51_nodes.py"
 }
}
  even rung 1  log10lam=-102.53204209593 rel_resid=2.648359636e-198 adm=True  nu=None refine=2    lobe=1.706e-41  sturm=0   delta=None stable=False
  even rung 2  log10lam=-94.407420926944 rel_resid=1.74358798e-206 adm=True  nu=None refine=4    lobe=3.014e-41  sturm=2   delta=None stable=False
  even rung 3  log10lam=-86.967761548532 rel_resid=6.513933663e-214 adm=True  nu=4    refine=4    lobe=0.2933     sturm=4   delta=0    stable=True
  even rung 4  log10lam=-79.992868698796 rel_resid=6.465813658e-221 adm=True  nu=8    refine=8    lobe=0.4098     sturm=6   delta=2    stable=True
  even rung 5  log10lam=-73.661703352297 rel_resid=3.627896833e-227 adm=True  nu=10   refine=10   lobe=0.2812     sturm=8   delta=2    stable=True
  even rung 6  log10lam=-67.264397536723 rel_resid=1.605850904e-233 adm=True  nu=16   refine=16   lobe=0.1181     sturm=10  delta=6    stable=True
  even rung 7  log10lam=-61.573992115774 rel_resid=3.467549721e-239 adm=True  nu=18   refine=18   lobe=0.1452     sturm=12  delta=6    stable=True
  even rung 8  log10lam=-55.845855180051 rel_resid=8.418374567e-245 adm=True  nu=20   refine=20   lobe=0.1175     sturm=14  delta=6    stable=True
  even rung 9  log10lam=-50.570006392909 rel_resid=4.972527379e-250 adm=True  nu=26   refine=26   lobe=0.02441    sturm=16  delta=10   stable=True
  even rung 10 log10lam=-45.347545948573 rel_resid=2.294035075e-255 adm=True  nu=26   refine=26   lobe=0.05344    sturm=18  delta=8    stable=True
  even rung 11 log10lam=-40.533423098501 rel_resid=5.21432642e-260 adm=True  nu=36   refine=36   lobe=0.1375     sturm=20  delta=16   stable=True
  even rung 12 log10lam=-35.647550902576 rel_resid=6.980258446e-265 adm=True  nu=38   refine=38   lobe=0.04128    sturm=22  delta=16   stable=True
  even rung 13 log10lam=-31.161003242257 rel_resid=2.460974791e-269 adm=True  nu=44   refine=44   lobe=0.05227    sturm=24  delta=20   stable=True
wrote m2_c55_nodes_even_x22_N100_dps300.json  1485.7s
