=== r_block_even_13.log ===
   block-iter 0: ['3.7208997e-59', '1.4570139e-51', '1.1859144e-44']
   block-iter 1: ['3.7208997e-59', '1.4570139e-51', '1.1859142e-44']
   block-iter 2: ['3.7208997e-59', '1.4570139e-51', '1.1859142e-44']
   block-iter 3: ['3.7208997e-59', '1.4570139e-51', '1.1859142e-44']
   block-iter 4: ['3.7208997e-59', '1.4570139e-51', '1.1859142e-44']
   block-iter 5: ['3.7208997e-59', '1.4570139e-51', '1.1859142e-44']
   block-iter 6: ['3.7208997e-59', '1.4570139e-51', '1.1859142e-44']
   block-iter 7: ['3.7208997e-59', '1.4570139e-51', '1.1859142e-44']
   block-iter 8: ['3.7208997e-59', '1.4570139e-51', '1.1859142e-44']
   block-iter 9: ['3.7208997e-59', '1.4570139e-51', '1.1859142e-44']
   block-iter 10: ['3.7208997e-59', '1.4570139e-51', '1.1859142e-44']
   block-iter 11: ['3.7208997e-59', '1.4570139e-51', '1.1859142e-44']
   block-iter 12: ['3.7208997e-59', '1.4570139e-51', '1.1859142e-44']
   block-iter 13: ['3.7208997e-59', '1.4570139e-51', '1.1859142e-44']
   block-iter 14: ['3.7208997e-59', '1.4570139e-51', '1.1859142e-44']
   block-iter 15: ['3.7208997e-59', '1.4570139e-51', '1.1859142e-44']
  ritz[0] lam=3.720899741667123935791434766094540694091e-59  log10=-58.429352031732654245  res=9.230328767e-153
  ritz[1] lam=1.457013928926167650883091980870060488527e-51  log10=-50.836536296392770201  res=1.309938353e-152
  ritz[2] lam=1.185914204153108143772067843566851714123e-44  log10=-43.92594672919323011  res=1.371443318e-139
block even x=13 N=100 k=3  353.4s
=== r_block_odd_13.log ===
   block-iter 0: ['3.3410774e-55', '4.4926999e-48', '2.2718827e-41']
   block-iter 1: ['3.3410774e-55', '4.4926999e-48', '2.271848e-41']
   block-iter 2: ['3.3410774e-55', '4.4926999e-48', '2.271848e-41']
   block-iter 3: ['3.3410774e-55', '4.4926999e-48', '2.271848e-41']
   block-iter 4: ['3.3410774e-55', '4.4926999e-48', '2.271848e-41']
   block-iter 5: ['3.3410774e-55', '4.4926999e-48', '2.271848e-41']
   block-iter 6: ['3.3410774e-55', '4.4926999e-48', '2.271848e-41']
   block-iter 7: ['3.3410774e-55', '4.4926999e-48', '2.271848e-41']
   block-iter 8: ['3.3410774e-55', '4.4926999e-48', '2.271848e-41']
   block-iter 9: ['3.3410774e-55', '4.4926999e-48', '2.271848e-41']
   block-iter 10: ['3.3410774e-55', '4.4926999e-48', '2.271848e-41']
   block-iter 11: ['3.3410774e-55', '4.4926999e-48', '2.271848e-41']
   block-iter 12: ['3.3410774e-55', '4.4926999e-48', '2.271848e-41']
   block-iter 13: ['3.3410774e-55', '4.4926999e-48', '2.271848e-41']
   block-iter 14: ['3.3410774e-55', '4.4926999e-48', '2.271848e-41']
   block-iter 15: ['3.3410774e-55', '4.4926999e-48', '2.271848e-41']
  ritz[0] lam=3.341077420320739656582137126019922362544e-55  log10=-54.476113460659827868  res=7.417360902e-153
  ritz[1] lam=4.492699908591294821429457131338185360959e-48  log10=-47.347492589284878714  res=2.556014909e-152
  ritz[2] lam=2.27184803901706844135723415370279760119e-41  log10=-40.643620721386850624  res=8.512905052e-129
block odd x=13 N=100 k=3  342.1s
=== r_even_13.log ===
even x=13 N=100 dps=150 g=9 it=16 dim=101  lambda=3.72089974166712393579143476609e-59  log10=-58.429352031732654245  res=2.38156803e-152  291.1s
=== r_even_19.log ===
even x=19 N=100 dps=300 g=9 it=16 dim=101  lambda=1.91753481000346992195154931041e-90  log10=-89.717256743334548248  res=8.160342893e-214  299.8s
=== r_even_5.log ===
even x=5 N=100 dps=150 g=9 it=16 dim=101  lambda=1.00502253020078329195348849809e-17  log10=-16.99782420229105423  res=9.458952894e-104  288.7s
=== r_even_zhu.log ===
even x=4.953032424395115 N=100 dps=150 g=9 it=16 dim=101  lambda=1.73573784262049859362564244089e-17  log10=-16.760515867927276798  res=2.342171607e-103  289.7s
=== r_odd_13.log ===
odd x=13 N=100 dps=150 g=9 it=16 dim=100  lambda=3.34107742032073965658213712602e-55  log10=-54.476113460659827868  res=2.273211821e-154  285.6s
=== r_odd_13_dps220.log ===
odd x=13 N=100 dps=220 g=9 it=16 dim=100  lambda=3.34107742032073965658213712602e-55  log10=-54.476113460659827868  res=1.024709662e-162  289.9s
=== r_odd_19.log ===
odd x=19 N=100 dps=300 g=9 it=16 dim=100  lambda=3.40118649457081143325142161008e-86  log10=-85.468369554088318821  res=3.963059632e-203  307.5s
=== r_odd_5.log ===
odd x=5 N=100 dps=150 g=9 it=16 dim=100  lambda=1.05647662938859768787043976697e-14  log10=-13.976140105653629366  res=3.426871864e-94  283.1s
=== r_odd_zhu.log ===
odd x=4.953032424395115 N=100 dps=150 g=9 it=16 dim=100  lambda=1.6660665631763857853981985599e-14  log10=-13.778307651523034463  res=1.07370106e-93  276.5s
=== r2_K5.log ===
=== r2_K5_N8.log ===
=== r2_K5_p4.log ===
K5 odd block, quadrature vs closed form, N=10 x=13 dps=50
   max entry diff = 1.4165653e-49   (matrix scale 2.3794276)
   lambda_min quadrature  = 1.644924478262006080523222606383348817086e-23
   lambda_min closed form = 1.644924478262006080523222606781427631232e-23
   relative difference = 2.4200431e-28  -> agree to 27 s.f.  [314.6s]
   NOTE: this is an AGREEMENT DEPTH, not a lower bound -- both sides are printed at 40 s.f.,
   wider than the agreement, so the agreement is not censored by either print width.
=== r2_even_13_N140.log ===
even x=13 N=140 dps=150 g=9 it=16 dim=141  lambda=3.19161872290429918777587895153e-59  log10=-58.495988995901819813  res=7.832459442e-153  397.2s
=== r2_even_13_N60.log ===
even x=13 N=60 dps=150 g=9 it=16 dim=61  lambda=1.01356290716919907359975938527e-58  log10=-57.994149291481463544  res=1.450314069e-153  75.5s
=== r2_odd_13_N140.log ===
odd x=13 N=140 dps=150 g=9 it=16 dim=140  lambda=2.84751569133936367715637039399e-55  log10=-54.545533874046641463  res=4.901899564e-153  382.7s
=== r2_odd_13_N60.log ===
odd x=13 N=60 dps=150 g=9 it=16 dim=60  lambda=8.54687683010904448605585589299e-55  log10=-54.068192554656680987  res=4.893698566e-153  72.7s
