x	N	dps	k	n	order	alt	cert	drop	d1	s1	q1	res_q1_A	res_q1_B	win	lam2/lam1
13	100	150	3	21	eoeoeo	True	5	0	3.95323857107	7.59281573534	0.920657101471	-2.905274e-11	-0.064691752	A	39157570.0
13	100	150	5	21	eoeoeoeoeo	True	9	0	3.95323857107	7.59281573534	0.920657101471	-2.905274e-11	-0.064691752	A	39157570.0
13	180	150	3	21	eoeoeo	True	5	0	3.95979482805	7.59066169672	0.916933080206	-0.0037240213	-0.068415773	A	38963835.0
19	100	300	3	38	eoeoeo	True	5	0	4.24888718925	8.20486864856	0.931062954397	0.010405853	-0.060455921	A	1.6027606e+8
5	100	150	5	4	eoeoeoe	True	6	3	3.02168409664	5.70873666893	0.889256615305	-0.031400486	-0.18683089	A	511371.68

per-cell detail
  x=13 N=100 dps=150 k=3  order=eoeoeo  CERTIFIED PREFIX 5 (eoeoe, alternates=True)  min_gap=3.282326008  dropped=0  max_rel_resid=3.7471e-88
     gaps: 3.95323857107, 3.63957716427, 3.48904370711, 3.42154586009, 3.28232600781
     q   : 0.920657101471, 0.95863985008, 0.980654341796, 0.959310832595   decreasing=True
     s1=7.59281573534  A_hat=7.592815735 (res -1.1485241e-10)  B_hat=7.848557664 (res -0.25574193)  B_gap1_hat=3.7525248 (res 0.20071378)
  x=13 N=100 dps=150 k=5  order=eoeoeoeoeo  CERTIFIED PREFIX 9 (eoeoeoeoe, alternates=True)  min_gap=2.832818148  dropped=0  max_rel_resid=1.2475e-75
     gaps: 3.95323857107, 3.63957716427, 3.48904370711, 3.42154586009, 3.28232600781, 3.03049775854, 2.83281814841, 2.90436506098, 2.90943978155
     q   : 0.920657101471, 0.95863985008, 0.980654341796, 0.959310832595, 0.923277502397, 0.934769920363, 1.02525644387, 1.00174727366   decreasing=False
     s1=7.59281573534  A_hat=7.592815735 (res -1.1485241e-10)  B_hat=7.848557664 (res -0.25574193)  B_gap1_hat=3.7525248 (res 0.20071378)
  x=13 N=180 dps=150 k=3  order=eoeoeo  CERTIFIED PREFIX 5 (eoeoe, alternates=True)  min_gap=3.275022631  dropped=0  max_rel_resid=2.3438e-88
     gaps: 3.95979482805, 3.63086686867, 3.50754980269, 3.40647839485, 3.27502263071
     q   : 0.916933080206, 0.966036467202, 0.971184612187, 0.961410069608   decreasing=True
     s1=7.59066169672  A_hat=7.605408057 (res -0.01474636)  B_hat=7.861574121 (res -0.27091242)  B_gap1_hat=3.7525248 (res 0.20727004)
  x=19 N=100 dps=300 k=3  order=eoeoeo  CERTIFIED PREFIX 5 (eoeoe, alternates=True)  min_gap=3.602453556  dropped=0  max_rel_resid=1.1739e-99
     gaps: 4.24888718925, 3.95598145932, 3.80087855288, 3.72019962098, 3.60245355599
     q   : 0.931062954397, 0.960792812598, 0.978773609633, 0.968349530404   decreasing=True
     s1=8.20486864856  A_hat=8.160655353 (res 0.044213295)  B_hat=8.461739039 (res -0.25687039)  B_gap1_hat=3.4025904 (res 0.84629677)
  x=5 N=100 dps=150 k=5  order=eoeoeoe  CERTIFIED PREFIX 6 (eoeoeo, alternates=True)  min_gap=1.618313146  dropped=3  max_rel_resid=0.0036395
     gaps: 3.02168409664, 2.6870525723, 2.56986776888, 2.33169363101, 2.14039154209, 1.61831314616
     q   : 0.889256615305, 0.956389091668, 0.907320469652, 0.917955735536, 0.756082760716   decreasing=True
     s1=5.70873666893  A_hat=5.803619019 (res -0.09488235)  B_hat=6.273280601 (res -0.56454393)  B_gap1_hat=3.9714736 (res -0.94978948)
