  m2_c51_nodes_even_x13_N100_k7.json       rung 1  published nu=0   recounted nu=0   OK
  m2_c51_nodes_even_x13_N100_k7.json       rung 2  published nu=2   recounted nu=2   OK
  m2_c51_nodes_even_x13_N100_k7.json       rung 3  published nu=4   recounted nu=4   OK
  m2_c51_nodes_even_x13_N100_k7.json       rung 4  published nu=8   recounted nu=8   OK
  m2_c51_nodes_even_x13_N100_k7.json       rung 5  published nu=10  recounted nu=10  OK
  m2_c51_nodes_even_x13_N100_k7.json       rung 6  published nu=16  recounted nu=16  OK
  m2_c51_nodes_even_x13_N100_k7.json       rung 7  published nu=18  recounted nu=18  OK
  m2_c51_nodes_even_x13_N180_k5.json       rung 1  published nu=0   recounted nu=0   OK
  m2_c51_nodes_even_x13_N180_k5.json       rung 2  published nu=2   recounted nu=2   OK
  m2_c51_nodes_even_x13_N180_k5.json       rung 3  published nu=4   recounted nu=4   OK
  m2_c51_nodes_even_x13_N180_k5.json       rung 4  published nu=8   recounted nu=8   OK
  m2_c51_nodes_even_x13_N180_k5.json       rung 5  published nu=10  recounted nu=10  OK
  m2_c51_nodes_even_x19_N100_k5.json       rung 1  published nu=0   recounted nu=0   OK
  m2_c51_nodes_even_x19_N100_k5.json       rung 2  published nu=2   recounted nu=2   OK
  m2_c51_nodes_even_x19_N100_k5.json       rung 3  published nu=4   recounted nu=4   OK
  m2_c51_nodes_even_x19_N100_k5.json       rung 4  published nu=8   recounted nu=8   OK
  m2_c51_nodes_even_x19_N100_k5.json       rung 5  published nu=10  recounted nu=10  OK
  m2_c51_nodes_even_x5_N100_k5.json        rung 1  published nu=0   recounted nu=0   OK
  m2_c51_nodes_even_x5_N100_k5.json        rung 2  published nu=2   recounted nu=2   OK
  m2_c51_nodes_even_x5_N100_k5.json        rung 3  published nu=4   recounted nu=4   OK
  m2_c51_nodes_even_x5_N100_k5.json        rung 4  published nu=8   recounted nu=8   OK
  m2_c51_nodes_even_x5_N100_k5.json        rung 5  published nu=14  recounted nu=14  OK
  m2_c51_nodes_odd_x13_N100_k7.json        rung 1  published nu=1   recounted nu=1   OK
  m2_c51_nodes_odd_x13_N100_k7.json        rung 2  published nu=3   recounted nu=3   OK
  m2_c51_nodes_odd_x13_N100_k7.json        rung 3  published nu=7   recounted nu=7   OK
  m2_c51_nodes_odd_x13_N100_k7.json        rung 4  published nu=9   recounted nu=9   OK
  m2_c51_nodes_odd_x13_N100_k7.json        rung 5  published nu=15  recounted nu=15  OK
  m2_c51_nodes_odd_x13_N100_k7.json        rung 6  published nu=17  recounted nu=17  OK
  m2_c51_nodes_odd_x13_N100_k7.json        rung 7  published nu=19  recounted nu=19  OK
  m2_c51_nodes_odd_x13_N180_k5.json        rung 1  published nu=1   recounted nu=1   OK
  m2_c51_nodes_odd_x13_N180_k5.json        rung 2  published nu=3   recounted nu=3   OK
  m2_c51_nodes_odd_x13_N180_k5.json        rung 3  published nu=7   recounted nu=7   OK
  m2_c51_nodes_odd_x13_N180_k5.json        rung 4  published nu=9   recounted nu=9   OK
  m2_c51_nodes_odd_x13_N180_k5.json        rung 5  published nu=15  recounted nu=15  OK
  m2_c51_nodes_odd_x19_N100_k5.json        rung 1  published nu=1   recounted nu=1   OK
  m2_c51_nodes_odd_x19_N100_k5.json        rung 2  published nu=3   recounted nu=3   OK
  m2_c51_nodes_odd_x19_N100_k5.json        rung 3  published nu=7   recounted nu=7   OK
  m2_c51_nodes_odd_x19_N100_k5.json        rung 4  published nu=9   recounted nu=9   OK
  m2_c51_nodes_odd_x19_N100_k5.json        rung 5  published nu=11  recounted nu=11  OK
  m2_c51_nodes_odd_x5_N100_k5.json         rung 1  published nu=1   recounted nu=1   OK
  m2_c51_nodes_odd_x5_N100_k5.json         rung 2  published nu=3   recounted nu=3   OK
  m2_c51_nodes_odd_x5_N100_k5.json         rung 3  published nu=7   recounted nu=7   OK
  m2_c51_nodes_odd_x5_N100_k5.json         rung 4  published nu=9   recounted nu=9   OK
  m2_c51_nodes_odd_x5_N100_k5.json         rung 5  published nu=15  recounted nu=15  OK
P0 GATE: 396/396 integers reproduced from 8 published cells -> PASS
