{
 "r_check_eps0.000025": "mine 11.701229238 theirs 11.7012292379679054259573 rel 4.13e-14",
 "r_check_eps0.000035": "mine 11.7014339952 theirs 11.701433995226010888216 rel 2.11e-14",
 "r_check_eps0.00005": "mine 11.7017411469 theirs 11.7017411469155159129492 rel 1.03e-14",
 "r_check_eps0.00007": "mine 11.7021506994 theirs 11.7021506994400400297881 rel 5.27e-15",
 "r_check_eps0.00012": "mine 11.7031746487 theirs 11.7031746487015136776143 rel 1.79e-15",
 "r_check_eps0.00027": "mine 11.7062470491 theirs 11.7062470491008034225262 rel 3.54e-16",
 "V1_c0_new": "1.18156214401e-17",
 "V1_max_res": "7.44058178e-12",
 "V2_a3_new": "11.70071735540891911163",
 "V2_dev_vs_ref": "3.43577653e-8",
 "transfer_a3_per_c0": "3113034852.73",
 "ratio_delta_a_over_c0new": "138.24",
 "c0_admitted_by_T3": "3.6241e-19",
 "T1_over_T3admits": "521.743",
 "c0_new_with_a_used": "-1.62157937856e-15",
 "eps2_dev_spread": [
  "1.066e-17",
  "9.776e-18",
  "8.268e-18",
  "5.966e-18",
  "-8.813e-19",
  "-2.353e-17"
 ]
}
