TIMESTAMP: 2026-09-02T19:59:14Z

== P1/P2: theorem table a_j = -(j-1)! S_j, j=3,5,6 ==
site          a3 pred      M3 k3      rel |     a5 pred      M3 k5      rel |    ours a5      rel |    a6 pred      M3 k6      rel
W           +2.288204  +2.288200  1.6e-06 | +631.009229 +631.009228  2.9e-09 | +631.009283  8.5e-08 |  -8.514329  -8.514329  4.2e-09
k922        -0.052046  -0.052046  4.8e-07 |   -3.115109  -3.115114  1.6e-06 |  -3.115109  1.1e-07 |  -0.049625  -0.049625  6.8e-08
Lehmer      +0.256170  +0.256167  1.2e-05 |  +18.406508 +17.278849  6.1e-02 | +18.406508  1.0e-09 |  -0.143077  -0.143076  1.0e-05
k693        -0.006934  -0.006934  1.5e-05 |   +0.298651  +0.298660  3.0e-05 |  +0.298651  1.4e-06 |  -0.014952  -0.014952  4.6e-08
k453        -0.012501  -0.012501  1.6e-05 |   -0.362541  -0.362540  8.3e-07 |  -0.362541  8.2e-07 |  -0.002974  -0.002974  3.5e-07
k1166       +0.016191  +0.016191  3.1e-06 |   +0.535331  +0.535332  1.0e-06 |  +0.535331  8.6e-07 |  -0.069913  -0.069913  4.6e-08
telescope   +0.327860  +0.327860  6.0e-07 |  +37.138362 +37.138362  9.8e-09 | +37.138362  9.8e-09 |  -0.460678  -0.460678  5.8e-09

== registered decision rule: rel > 1e-4 = [FALSIFIED] at that site ==
  M3 kappa3   : fails at NONE (worst rel 1.6e-05)
  M3 kappa5   : fails at ['Lehmer'] (worst rel 6.1e-02)
  OURS kappa5 : fails at NONE (worst rel 1.4e-06)
  M3 kappa6   : fails at NONE (worst rel 1.0e-05)

== P3: independent re-verification of OUR Lehmer a5 ==
Lehmer j=6708 m0=7005.0817154 d=0.018849250 r_cap=0.4500 (heat47 radii were 0.165/0.259/0.354)
  r=0.0900 N=192 dps=60: a5=+18.406508 jet (+0.153388 plain) | heat47 a5=+18.406508 | M3 Letter8 a5=+17.2788
  r=0.1260 N=192 dps=60: a5=+18.406508 jet (+0.153388 plain) | heat47 a5=+18.406508 | M3 Letter8 a5=+17.2788

TIMESTAMP: 2026-09-02T19:59:28Z
done
