=== REPUBLICATION (scored JSON, native dps 50 strings) ===
outcome=b  second_pair=True  offline_births=0
r_median = 11.871268384582677637145601316931858550403040280795
slope    = 22.70304537628544786921873495153423392887149715625

zeros (21 located, on-line flags):
eps=0.001
   s0 = (0.5 + 0.05150723818940063653522997138655916611777128352831j) online=True
eps=0.0011239031932557
   s0 = (0.5 + 0.054614584740162860829271236079197856379810987308508j) online=True
eps=0.002
   s0 = (0.50000000000000000000000000000000000000000000387543 + 0.072945092837465636911527414020464645263120485246671j) online=True
eps=0.0035
   s0 = (0.49999999999999999999999999999999999999999741696793 + 0.09670183421043065840984313002276196906002275045949j) online=True
eps=0.006
   s0 = (0.5 + 0.12706034318675893153656817913317280690430806327895j) online=True
eps=0.0082667603361
   s0 = (0.49999999999999999999999999999999999999999999968056 + 0.14962144595780802891341103521644637411107076093496j) online=True
eps=0.012
   s0 = (0.5 + 0.18122223459720552038513232631511513662541625076064j) online=True
   s0 = (0.5 + 2.3443006624466238839947818077953049444351925250488j) online=True
   s0 = (0.5 + 4.0152037659562848217388698202771111537858369213798j) online=True
eps=0.02
   s0 = (0.49999999999999999999999999999999999999999999999987 + 0.23662703502895471893639804350283991882970959834519j) online=True
   s0 = (0.5 + 2.4107704985385786080996552688134587198174285128118j) online=True
   s0 = (0.5 + 4.1244953526551351982309489695739665233475595119854j) online=True
eps=0.035
   s0 = (0.49999999999999999999999999999999999999999999999998 + 0.31979403084190422618229559433082050463362878645843j) online=True
   s0 = (0.5 + 2.536016214367579916818226532425854613947187583189j) online=True
   s0 = (0.5 + 4.3299144385861060050620800385066068551630267868536j) online=True
eps=0.06
   s0 = (0.5 + 0.43405746526370626569197604987746105430711695666647j) online=True
   s0 = (0.5 + 2.747664328790338875020663983235900486147904254712j) online=True
eps=0.1
   s0 = (0.50000000000000000000000000000000000000000658068262 + 0.59427921830513711248148784269207030531776649353816j) online=True
   s0 = (0.5 + 3.09797120663435362812997699899884260854087447303j) online=True

r-table (full precision):
  eps=0.001                    u=0.05150723818940063653522997138655916611777128352831 r=11.721211198362615772161831676200842501159644245185
  eps=0.0011239031932557       u=0.054614584740162860829271236079197856379810987308508 r=11.723753017862903689415038584088693846051273926583
  eps=0.002                    u=0.072945092837465636911527414020464645263120485246671 r=11.741741999320506077395015004340247635604903612794
  eps=0.0035                   u=0.09670183421043065840984313002276196906002275045949 r=11.772608282664499120015155759102741014940700200202
  eps=0.006                    u=0.12706034318675893153656817913317280690430806327895 r=11.82424214138348878999201746907139828440909955115
  eps=0.0082667603361          u=0.14962144595780802891341103521644637411107076093496 r=11.871268384582677637145601316931858550403040280795
  eps=0.012                    u=0.18122223459720552038513232631511513662541625076064 r=11.949164587313356080367302870954058408133747045072
  eps=0.02                     u=0.23662703502895471893639804350283991882970959834519 r=12.118039955612947899352622055231949027990538573358
  eps=0.035                    u=0.31979403084190422618229559433082050463362878645843 r=12.442401740800849878445984564581301380155797097101
  eps=0.06                     u=0.43405746526370626569197604987746105430711695666647 r=13.008185583378664126352706788220723989156544309831
  eps=0.1                      u=0.59427921830513711248148784269207030531776649353816 r=13.991119360298513269661926676641275486694845764421

=== POST-HOC (i): warm-start dps-65 re-verification of 3 zeros ===
  [first zero, smallest eps] t=0.05150723818940063653522997138655916611777  drift-vs-scored=4.26e-52  newton-resid=3.89e-65  on-line=True
  [first zero, largest eps] t=0.5942792183051371124814878426920703053178  drift-vs-scored=1.4e-41  newton-resid=1.68e-65  on-line=True
  [second-pair member, eps=0.012] t=4.015203765956284821738869820277111153786  drift-vs-scored=5.03e-51  newton-resid=6.2e-65  on-line=True

=== POST-HOC (ii): r(eps)->0 intercept vs a3 family ===
  linear, 3 smallest   r0 = 11.7006785596   slope = 20.53165
       vs a3^BL 11.7007174 : rel 3.319e-6
       vs a3^kappa rung3   : rel 3.313e-6
  linear, 5 smallest   r0 = 11.700566955   slope = 20.605098
       vs a3^BL 11.7007174 : rel 1.286e-5
       vs a3^kappa rung3   : rel 1.285e-5
  linear, all 11       r0 = 11.6830145658   slope = 22.703045
       vs a3^BL 11.7007174 : rel 0.001513
       vs a3^kappa rung3   : rel 0.001513

=== POST-HOC (iii): exact r_median refinement of the L161 dual evaluation ===
  exact r_median            = 11.8712683845826776371456013169
  |a3^kappa_mean - r_median| = 0.1701353176   (L161 reported 0.170167 from the rounded 11.8713; verdict unchanged, both <= 1)

heat72x done 497.2s
