parsed 30 heat38 rows, 30 heat40 rows
joined 60 sites (30 heat38 + 30 heat40)
convention check: max |our q - printed q| over heat38 sites = 0.00046

=== P1: Pearson r(err, X) ===
  err vs R    : union -0.273   heat38 -0.464   heat40 +0.123
  err vs q_far: union +0.853   heat38 +0.879   heat40 +0.720
  err vs q    : union +0.823   heat38 +0.880   heat40 +0.670
  collinearity r(R, q_far) = -0.401   r(R, q) = -0.192

=== P2: partial correlations ===
  partial r(err, R    | q_far) = +0.143
  partial r(err, q_far| R    ) = +0.843

=== P3: registered decision ===
  |partial r(err,R|q_far)| = 0.143 >= 0.15 ? NO
  |r(err,R)| = 0.273 >= |r(err,q_far)| = 0.853 ? NO
  VERDICT: R-channel FALSIFIED (falsifier |partial| < 0.15: FIRED)

=== P4a: multiple regression err% ~ [1, R, q_far] ===
  const    -0.876 +- 0.072   (t = -12.18)
  R        +0.339 +- 0.310   (t = +1.09)
  q_far   +10.444 +- 0.882   (t = +11.84)
  residual sd 0.095 pp   R2 = 0.7324

=== P4b: within-q-tercile robustness (union, terciles of q) ===
  q-low   n=20: r(err,R) = -0.301   r(err,q_far) = +0.089
  q-mid   n=20: r(err,R) = +0.165   r(err,q_far) = -0.212
  q-high  n=20: r(err,R) = -0.660   r(err,q_far) = +0.857

=== P4c: W-inclusive 61-site sensitivity ===
  r(err,R) = -0.070   r(err,q_far) = +0.853   partial r(err,R|q_far) = -0.048

=== per-site table ===
  38 LOW   i=  134 h=  295.3 d=0.304 R=0.2040 q=0.0383 q_far=0.0225 err=-0.57%
  38 LOW   i=  763 h= 1141.0 d=0.270 R=0.1253 q=0.0419 q_far=0.0315 err=-0.50%
  38 LOW   i= 1342 h= 1808.9 d=0.202 R=0.1892 q=0.0368 q_far=0.0224 err=-0.62%
  38 LOW   i= 1955 h= 2469.6 d=0.223 R=0.1421 q=0.0436 q_far=0.0305 err=-0.50%
  38 LOW   i= 2511 h= 3043.9 d=0.192 R=0.1719 q=0.0331 q_far=0.0205 err=-0.53%
  38 LOW   i= 3153 h= 3686.1 d=0.148 R=0.1529 q=0.0242 q_far=0.0173 err=-0.56%
  38 LOW   i= 3787 h= 4303.4 d=0.176 R=0.1687 q=0.0361 q_far=0.0256 err=-0.55%
  38 LOW   i= 4382 h= 4870.6 d=0.090 R=0.1875 q=0.0108 q_far=0.0074 err=-0.57%
  38 LOW   i= 4944 h= 5397.1 d=0.129 R=0.1943 q=0.0239 q_far=0.0158 err=-0.57%
  38 LOW   i= 5573 h= 5978.1 d=0.056 R=0.3028 q=0.0053 q_far=0.0024 err=-0.55%
  38 MID   i=  264 h=  493.6 d=0.322 R=0.1657 q=0.0524 q_far=0.0350 err=-0.58%
  38 MID   i=  844 h= 1238.2 d=0.240 R=0.1904 q=0.0468 q_far=0.0290 err=-0.53%
  38 MID   i= 1517 h= 2000.7 d=0.248 R=0.2118 q=0.0546 q_far=0.0308 err=-0.44%
  38 MID   i= 2022 h= 2540.3 d=0.267 R=0.1183 q=0.0543 q_far=0.0421 err=-0.58%
  38 MID   i= 2653 h= 3187.9 d=0.205 R=0.2107 q=0.0516 q_far=0.0317 err=-0.49%
  38 MID   i= 3134 h= 3667.5 d=0.214 R=0.1477 q=0.0484 q_far=0.0345 err=-0.53%
  38 MID   i= 3627 h= 4148.9 d=0.208 R=0.1446 q=0.0471 q_far=0.0336 err=-0.49%
  38 MID   i= 4375 h= 4864.0 d=0.216 R=0.1675 q=0.0573 q_far=0.0373 err=-0.46%
  38 MID   i= 5135 h= 5574.2 d=0.271 R=0.1041 q=0.0656 q_far=0.0510 err=-0.35%
  38 MID   i= 5592 h= 5995.2 d=0.193 R=0.1529 q=0.0454 q_far=0.0316 err=-0.56%
  38 HIGH  i=  444 h=  740.2 d=0.332 R=0.1895 q=0.0726 q_far=0.0486 err=-0.30%
  38 HIGH  i= 1650 h= 2145.2 d=0.305 R=0.1433 q=0.0750 q_far=0.0521 err=-0.03%
  38 HIGH  i= 2259 h= 2786.4 d=0.330 R=0.1238 q=0.0936 q_far=0.0713 err=+0.03%
  38 HIGH  i= 2830 h= 3365.9 d=0.260 R=0.1647 q=0.0733 q_far=0.0497 err=-0.11%
  38 HIGH  i= 3441 h= 3968.2 d=0.333 R=0.1298 q=0.1027 q_far=0.0743 err=+0.04%
  38 HIGH  i= 3927 h= 4437.7 d=0.291 R=0.1385 q=0.0856 q_far=0.0590 err=-0.03%
  38 HIGH  i= 4337 h= 4828.1 d=0.285 R=0.1320 q=0.0855 q_far=0.0626 err=-0.01%
  38 HIGH  i= 4663 h= 5134.9 d=0.254 R=0.1439 q=0.0714 q_far=0.0494 err=-0.35%
  38 HIGH  i= 5180 h= 5616.0 d=0.257 R=0.1305 q=0.0713 q_far=0.0524 err=-0.31%
  38 HIGH  i= 5585 h= 5988.6 d=0.330 R=0.1044 q=0.1071 q_far=0.0855 err=+0.01%
  40 LOWB  i=  211 h=  415.2 d=0.218 R=0.1443 q=0.0184 q_far=0.0123 err=-0.55%
  40 LOWB  i=  694 h= 1056.9 d=0.206 R=0.1221 q=0.0256 q_far=0.0197 err=-0.55%
  40 LOWB  i=  964 h= 1379.9 d=0.233 R=0.2350 q=0.0432 q_far=0.0230 err=-0.73%
  40 LOWB  i= 1156 h= 1599.8 d=0.214 R=0.1506 q=0.0359 q_far=0.0244 err=-0.53%
  40 LOWB  i= 1276 h= 1735.4 d=0.225 R=0.2882 q=0.0606 q_far=0.0298 err=-0.52%
  40 LOWB  i= 1442 h= 1919.0 d=0.211 R=0.2752 q=0.0505 q_far=0.0254 err=-0.46%
  40 LOWB  i= 1868 h= 2378.0 d=0.229 R=0.1221 q=0.0416 q_far=0.0317 err=-0.57%
  40 LOWB  i= 2110 h= 2632.2 d=0.200 R=0.1351 q=0.0352 q_far=0.0255 err=-0.69%
  40 LOWB  i= 3075 h= 3609.5 d=0.208 R=0.1092 q=0.0348 q_far=0.0264 err=-0.60%
  40 LOWB  i= 3970 h= 4479.5 d=0.231 R=0.2070 q=0.0579 q_far=0.0330 err=-0.66%
  40 MIDB  i= 1599 h= 2090.2 d=0.206 R=0.2421 q=0.0490 q_far=0.0270 err=-0.54%
  40 MIDB  i= 2035 h= 2553.5 d=0.224 R=0.1311 q=0.0439 q_far=0.0335 err=-0.49%
  40 MIDB  i= 2446 h= 2977.8 d=0.214 R=0.1581 q=0.0471 q_far=0.0322 err=-0.50%
  40 MIDB  i= 2944 h= 3479.3 d=0.208 R=0.1388 q=0.0393 q_far=0.0286 err=-0.53%
  40 MIDB  i= 3163 h= 3695.9 d=0.225 R=0.1854 q=0.0534 q_far=0.0327 err=-0.46%
  40 MIDB  i= 3578 h= 4101.8 d=0.229 R=0.1992 q=0.0620 q_far=0.0366 err=-0.49%
  40 MIDB  i= 3891 h= 4403.0 d=0.216 R=0.1142 q=0.0417 q_far=0.0312 err=-0.49%
  40 MIDB  i= 4434 h= 4919.7 d=0.201 R=0.1609 q=0.0427 q_far=0.0274 err=-0.55%
  40 MIDB  i= 5037 h= 5483.3 d=0.203 R=0.1370 q=0.0391 q_far=0.0265 err=-0.50%
  40 MIDB  i= 5570 h= 5975.1 d=0.235 R=0.1956 q=0.0668 q_far=0.0403 err=-0.41%
  40 HIGHB i= 2339 h= 2868.4 d=0.217 R=0.1581 q=0.0497 q_far=0.0357 err=-0.53%
  40 HIGHB i= 3205 h= 3737.6 d=0.211 R=0.2254 q=0.0624 q_far=0.0379 err=-0.45%
  40 HIGHB i= 3746 h= 4264.1 d=0.238 R=0.1775 q=0.0718 q_far=0.0488 err=-0.33%
  40 HIGHB i= 4199 h= 4697.6 d=0.210 R=0.1377 q=0.0461 q_far=0.0342 err=-0.57%
  40 HIGHB i= 4540 h= 5019.2 d=0.228 R=0.1839 q=0.0698 q_far=0.0476 err=-0.39%
  40 HIGHB i= 4654 h= 5126.5 d=0.225 R=0.1547 q=0.0621 q_far=0.0455 err=-0.39%
  40 HIGHB i= 5042 h= 5488.0 d=0.213 R=0.2295 q=0.0676 q_far=0.0376 err=-0.39%
  40 HIGHB i= 5257 h= 5687.3 d=0.229 R=0.1739 q=0.0714 q_far=0.0502 err=-0.33%
  40 HIGHB i= 5437 h= 5852.9 d=0.214 R=0.1561 q=0.0575 q_far=0.0408 err=-0.50%
  40 HIGHB i= 5544 h= 5951.2 d=0.221 R=0.1656 q=0.0662 q_far=0.0442 err=-0.41%
done
