
### R4: dps=125 guard=30 r_w=0.045 N_w=72 npts=19 h_e=1e-7 centre=175-digit [640s]
   controls: max|odd|/|c0| = 8.779e-128   max|Im g|/|g| = 1.016e-53
   g00 (30 s.f., c34's own width) = -2.03011514422566240287901663897e-75
   g00 (90 s.f., FULL)            = -2.03011514422566240287901663896678542763496900076665557144597860416273103260677102510107516e-75
   eps = g00 + 4(2 r_w)^N_w       = -2.23914688357032070326067710251e-128
   implied D* = 0.14173323966388719139541568508418502362314456195501665594286660394665904218965327
     a raw = 2.645521411811662868016126121203425397383542040649365296290080048271503
     a rec = 2.645521411811662868016126121203425397383542040649365296290080048271503   S = -42.6418612841388
     b raw = -7.462452876793686267533580351628741513318957324177587300978935310252329
     b rec = -7.462452876793686267533580351628741513318957324177587300978935310252329   S = 452.708172668906
    a3 raw = 11.70071732043366760115643248703981384933372595910118501480021132451104
    a3 rec = 11.70071732043366760115643248703981384933372595910118501480021132451104   S = -2123.16726696688
    a4 raw = -20.47553875539041250070580672257606628982698581305223879404625366299362
    a4 rec = -20.47553875539041250070580672257606628982698581305223879404625366299362   S = 6698.97547724648
    a5 raw = 18.27116250114995103742643127267003069845586159526564977108414741943105
    a5 rec = 18.27116250114995103742643127267003069845586159526564977108414741943105   S = -16819.9239727769
   [wrote /workspace/rh/cycle38/c38_runs.json, 641s total]

### R2: dps=90 guard=25 r_w=0.04 N_w=40 npts=15 h_e=1e-7 centre=175-digit [96s]
   controls: max|odd|/|c0| = 2.478e-92   max|Im g|/|g| = 1.148e-37
   g00 (30 s.f., c34's own width) = -5.31691198313966349161522824112e-44
   g00 (90 s.f., FULL)            = -5.31691198313966349161522824112137830400000000951295868672776661764129391569438371296419195e-44
   eps = g00 + 4(2 r_w)^N_w       = -9.51295868672776661764129391569e-89
   implied D* = 0.14173323966388719139541568508418502362314456053649148501383716685662172831667146
     a raw = 2.64552141181166286801612612120342539738354200093756282478648549453608
     a rec = 2.645521411811662868016126121203425397383542061426116391601434494133988   S = -42.6418612841388
     b raw = -7.4624528767936862675335803516287415133189567682605980928455875209994
     b rec = -7.46245287679368626753358035162874151331895741043853610897394876543302   S = 452.708172668906
    a3 raw = 11.70071732043366760115643248703981384933372309158163434335768649538461
    a3 rec = 11.70071732043366760115643248703981384933372610334784462847411819537944   S = -2123.16726696688
    a4 raw = -20.4755387553904125007058067225760662898269767253498241589230444502399
    a4 rec = -20.47553875539041250070580672257606628982698622801515806936556223360031   S = 6698.97547724648
    a5 raw = 18.2711625011499510374264312726700306984558379814233949096847696538319
    a5 rec = 18.27116250114995103742643127267003069845586184090892340631889951942041   S = -16819.9239727769
   [wrote /workspace/rh/cycle38/c38_runs.json, 97s total]

### R3: dps=90 guard=25 r_w=0.045 N_w=40 npts=15 h_e=1e-7 centre=175-digit [95s]
   controls: max|odd|/|c0| = 8.687e-93   max|Im g|/|g| = 4.219e-37
   g00 (30 s.f., c34's own width) = -5.91235317657383693264332840826e-42
   g00 (90 s.f., FULL)            = -5.91235317657383693264332840825533190404000867102597842576029648611336077049338624088146134e-42
   eps = g00 + 4(2 r_w)^N_w       = -8.67102597842576029648611336077e-84
   implied D* = 0.1417332396638871913954156850841850236231444042164302925152104685229790266570601
     a raw = 2.645521411811662868016126121203425397383537624736477620044950271335613
     a rec = 2.645521411811662868016126121203425397383544351003396485474638288346644   S = -42.6418612841388
     b raw = -7.462452876793686267533580351628741513318895506761999480550223719047205
     b rec = -7.462452876793686267533580351628741513318966916309191444288379786135704   S = 452.708172668906
    a3 raw = 11.70071732043366760115643248703981384933340709378278099287058605758664
    a3 rec = 11.70071732043366760115643248703981384933374199918608545103476735123964   S = -2123.16726696688
    a4 raw = -20.47553875539041250070580672257606628982597526959375562324092047030131
    a4 rec = -20.47553875539041250070580672257606628982703195651561975145130112022713   S = 6698.97547724648
    a5 raw = 18.27116250114995103742643127267003069845323575952261911263467927606925
    a5 rec = 18.27116250114995103742643127267003069845588891055282526912291110098192   S = -16819.9239727769
   [wrote /workspace/rh/cycle38/c38_runs.json, 96s total]

### R1: dps=90 guard=25 r_w=0.045 N_w=40 npts=15 h_e=1e-7 centre=80-digit [95s]
   controls: max|odd|/|c0| = 8.484e-93   max|Im g|/|g| = 4.689e-37
   g00 (30 s.f., c34's own width) = -5.91235317657383693264332840826e-42
   g00 (90 s.f., FULL)            = -5.91235317657383693264332840825533190400717698648129357420604212583548957789328249564228260e-42
   eps = g00 + 4(2 r_w)^N_w       = 3.28230135187064257939578741645e-80
   implied D* = 0.1417332396638871913954156850841850236231444042164302925152104685229790266570601
     a raw = 2.645521411811662868016126121203425397383537624736477620044950271335613
     a rec = 2.645521411811662868016126121203425397383544351003396485474638288346644   S = -42.6418612841388
     b raw = -7.462452876793686267533580351628741513318895506761999480550223719047205
     b rec = -7.462452876793686267533580351628741513318966916309191444288379786135704   S = 452.708172668906
    a3 raw = 11.70071732043366760115643248703981384933340709378278099287058605758664
    a3 rec = 11.70071732043366760115643248703981384933374199918608545103476735123964   S = -2123.16726696688
    a4 raw = -20.47553875539041250070580672257606628982597526959375562324092047122993
    a4 rec = -20.47553875539041250070580672257606628982703195651561975145130112115575   S = 6698.97547724648
    a5 raw = 18.27116250114995103742643127267003069845323575952261911263469521430937
    a5 rec = 18.27116250114995103742643127267003069845588891055282526912292703922204   S = -16819.9239727769
   [wrote /workspace/rh/cycle38/c38_runs.json, 95s total]
