
### R5: dps=125 guard=25 r_w=0.04 N_w=40 npts=15 h_e=1e-7 centre=175-digit [244s]
   controls: max|odd|/|c0| = 3.003e-127   max|Im g|/|g| = 1.121e-71
   g00 (30 s.f., c34's own width) = -5.31691198313966349161522824112e-44
   g00 (90 s.f., FULL)            = -5.31691198313966349161522824112137830400000000956384735391571028847404299403090702807634665e-44
   eps = g00 + 4(2 r_w)^N_w       = -9.56384735391571028847404299403e-89
   implied D* = 0.14173323966388719139541568508418502362314456053649148501383716685662172831667146
     a raw = 2.64552141181166286801612612120342539738354200093756282478648549453608
     a rec = 2.645521411811662868016126121203425397383542061426116391601434494133988   S = -42.6418612841388
     b raw = -7.4624528767936862675335803516287415133189567682605980928455875209994
     b rec = -7.46245287679368626753358035162874151331895741043853610897394876543302   S = 452.708172668906
    a3 raw = 11.70071732043366760115643248703981384933372309158163434335768649538461
    a3 rec = 11.70071732043366760115643248703981384933372610334784462847411819537944   S = -2123.16726696688
    a4 raw = -20.47553875539041250070580672257606628982697672534982415892304445076637
    a4 rec = -20.47553875539041250070580672257606628982698622801515806936556223412679   S = 6698.97547724648
    a5 raw = 18.27116250114995103742643127267003069845583798142339490968558598147187
    a5 rec = 18.27116250114995103742643127267003069845586184090892340631971584706039   S = -16819.9239727769
   [wrote /workspace/rh/cycle38/c38_runs.json, 244s total]

### R6: dps=150 guard=30 r_w=0.045 N_w=72 npts=19 h_e=1e-7 centre=175-digit [1101s]
   controls: max|odd|/|c0| = 1.073e-152   max|Im g|/|g| = 9.62e-79
   g00 (30 s.f., c34's own width) = -2.03011514422566240287901663897e-75
   g00 (90 s.f., FULL)            = -2.03011514422566240287901663896678542763496900076665554905450976845952400000086992175702053e-75
   eps = g00 + 4(2 r_w)^N_w       = -8.69921757020533464867520368924e-151
   implied D* = 0.14173323966388719139541568508418502362314456195501665594286660394665904218965327
     a raw = 2.645521411811662868016126121203425397383542040649365296290080048271503
     a rec = 2.645521411811662868016126121203425397383542040649365296290080048271503   S = -42.6418612841388
     b raw = -7.462452876793686267533580351628741513318957324177587300978935310252329
     b rec = -7.462452876793686267533580351628741513318957324177587300978935310252329   S = 452.708172668906
    a3 raw = 11.70071732043366760115643248703981384933372595910118501480021132451104
    a3 rec = 11.70071732043366760115643248703981384933372595910118501480021132451104   S = -2123.16726696688
    a4 raw = -20.47553875539041250070580672257606628982698581305223879404625366299362
    a4 rec = -20.47553875539041250070580672257606628982698581305223879404625366299362   S = 6698.97547724648
    a5 raw = 18.27116250114995103742643127267003069845586159526564977108414741943105
    a5 rec = 18.27116250114995103742643127267003069845586159526564977108414741943105   S = -16819.9239727769
   [wrote /workspace/rh/cycle38/c38_runs.json, 1102s total]
