=== LAUNCH GATE ===
  G1 eps=0.001              rel_dev=8.265769e-51   PASS  (32s)
  G2 eps=0.0082667603361    rel_dev=1.8562594e-43  PASS  (28s)
  G3 K*=6 a3=11.70071731989587397118 res8=8.6703914e-11  PASS
  G4 defect-injection rel move = 6376.6579  PASS

=== NEW RUNGS (all below the entire published grid) ===
  eps=0.0001    u=0.016267353116370815436521662 r=11.7027648944338726 dev=1.62013e-7   |xi|=4.587e-53  33s
  eps=0.00015   u=0.019924762394110635273342326 r=11.703788990153473 dev=7.17267e-8   |xi|=3.441e-53  33s
  eps=0.00022   u=0.024132468128125959984869837 r=11.7052227902284139 dev=3.29954e-8   |xi|=1.904e-53  33s
  eps=0.00033   u=0.029560702761397693562532171 r=11.7074762252184985 dev=1.42171e-8   |xi|=6.109e-54  33s
  eps=0.0005    u=0.036395436293510592613058143 r=11.7109596590703602 dev=5.64325e-9   |xi|=8.312e-55  33s
  eps=0.00075   u=0.044590846945589617275344159 r=11.7160842762761464 dev=1.8753e-9    |xi|=3.387e-56  33s

=== 17-RUNG UNION FIT ===
  K=3   loo=3.03641e-6     res=2.33381e-6     a3=11.70071854630320403863
  K=4   loo=1.14407e-5     res=2.19339e-6     a3=11.70071790369700052463
  K=5   loo=3.35093e-6     res=1.31149e-7     a3=11.70071729031494337243
  K=6   loo=2.09563e-5     res=1.05761e-7     a3=11.70071725916216214355
  K=7   loo=0.000402494    res=9.23642e-8     a3=11.700717241223173461
  K=8   loo=0.0082781      res=7.90886e-8     a3=11.70071722093127628275
  K=9   loo=0.36759        res=6.84998e-8     a3=11.70071720158405294652
  K=10  loo=32.4734        res=5.35436e-8     a3=11.70071716691318019057
  LOO-optimal K = 3 ; a3 = 11.70071854630320403863 ; shift = 1.2264073e-6
  a3 spread K6..8 = 3.8230886e-8  (11-rung reference 3.4931094e-9)
  LOO rms base = 3.0364091e-6 ; with eps^(1/2) = 7.3021696e-7

  C1 control: min shift from the retired 12-s.f. b over eps<=3.3e-4 = 1.1338118e-8

wrote m2_c30_scored.json
