
### cfg A: dps=90 guard=25 r_w=0.04 N_w=40 npts=15 h_e=1e-7   [94s]
   controls: max|odd c_k|/|c_0| = 2.48e-92   max|Im g|/|g| = 1.389e-47
   G(0,0) = xi_D(1/2,D*) = -1.41253e-35   (residual of the D* literal)
     a = 2.6455214118116628680161261212
     b = -7.46245287679368626753358035163
    a3 = 11.700717320433667601156432487
    a4 = -20.4755387553904125007058067226
    a5 = 18.2711625011499510374264312727

### cfg B: dps=110 guard=30 r_w=0.04 N_w=64 npts=15 h_e=1e-7   [274s]
   controls: max|odd c_k|/|c_0| = 5.438e-114   max|Im g|/|g| = 1.033e-67
   G(0,0) = xi_D(1/2,D*) = -1.41253e-35   (residual of the D* literal)
     a = 2.6455214118116628680161261212    d(prev) = 3.9712e-44
     b = -7.46245287679368626753358035163    d(prev) = -5.5592e-43
    a3 = 11.700717320433667601156432487    d(prev) = 2.8675e-42
    a4 = -20.4755387553904125007058067226    d(prev) = -9.0877e-42
    a5 = 18.2711625011499510374264312727    d(prev) = 2.3614e-41

### cfg C: dps=110 guard=30 r_w=0.05 N_w=64 npts=17 h_e=1e-8   [403s]
   controls: max|odd c_k|/|c_0| = 1.075e-114   max|Im g|/|g| = 1.436e-63
   G(0,0) = xi_D(1/2,D*) = -1.41253e-35   (residual of the D* literal)
     a = 2.6455214118116628680161261212    d(prev) = -2.9876e-64
     b = -7.46245287679368626753358035163    d(prev) = 4.1823e-63
    a3 = 11.700717320433667601156432487    d(prev) = -2.1521e-62
    a4 = -20.4755387553904125007058067226    d(prev) = 6.8055e-62
    a5 = 18.2711625011499510374264312727    d(prev) = -2.0682e-51

### cfg D: dps=125 guard=30 r_w=0.045 N_w=72 npts=17 h_e=1e-7   [656s]
   controls: max|odd c_k|/|c_0| = 8.408e-128   max|Im g|/|g| = 1.085e-83
   G(0,0) = xi_D(1/2,D*) = -1.41253e-35   (residual of the D* literal)
     a = 2.6455214118116628680161261212    d(prev) = 2.9876e-64
     b = -7.46245287679368626753358035163    d(prev) = -4.1823e-63
    a3 = 11.700717320433667601156432487    d(prev) = 2.1573e-62
    a4 = -20.4755387553904125007058067226    d(prev) = -6.8368e-62
    a5 = 18.2711625011499510374264312727    d(prev) = 1.1154e-61
