LEG 1 -- identity + never-at-risk audit, ten committed cycle-25 S2 rungs
rung      d_a      d_b |        ratio      r=e6/e4    0.5/(1-r)     relerr band
R0        0.1      0.0 | 0.500642124548 0.00128260191469 0.500642124548 2.29294e-41 IN
R1        0.0 0.16499046 | 0.511082634031 0.0216846225892 0.511082634031        0.0 IN
R2        0.1 0.16499046 | 0.50955736541 0.0187562108974 0.50955736541        0.0 IN
R1b       0.0      0.2 | 0.515710153002 0.0304631446762 0.515710153002 2.22595e-41 IN
R3        0.1      0.2 | 0.514443615448 0.0280761875834 0.514443615448        0.0 IN
R1e       0.0      0.3 | 0.542704819511 0.0786888525323 0.542704819511        0.0 IN
R3b       0.1      0.3 | 0.541042357093 0.075857937101 0.541042357093 2.12173e-41 IN
R0s       0.1      0.0 | 0.500172001324 0.000343884350896 0.500172001324        0.0 IN
R1d       0.0      0.1 | 0.502257179794 0.00449407173194 0.502257179794        0.0 IN
R4        0.1      0.1 | 0.500276902759 0.000553498987917 0.500276902759        0.0 IN

LEG 2 -- delta_b sweep at the S2 site, delta_a = 0.1 fixed, hunting r = 1/2
d_b      |        ratio      r=e6/e4    0.5/(1-r)     relerr band
0.30     | 0.541042357093 0.075857937101 0.541042357093 2.12173e-41 IN
0.35     | 0.55650760075 0.101539674703 0.55650760075        0.0 IN
0.40     | 0.589067708757 0.151201139415 0.589067708757 1.94875e-41 IN
0.45     | 0.637172389224 0.215283009031 0.637172389224        0.0 IN
0.50     | 0.70522595888 0.291007380395 0.70522595888        0.0 IN
0.55     | 0.838751794987 0.40387608946 0.838751794987 2.73727e-41 IN
0.60     | 1.14884261642 0.564779376346 1.14884261642        0.0 OUT
0.70     | 4.98574951338 0.89971417564 4.98574951338 1.65776e-40 OUT
0.80     | 54.9050868889 0.990893375672 54.9050868889 1.0571e-39 OUT

done 23.9s
