dps=  60 h_w=1e-10  h_D=1e-12   xi(1/2,D*)=  -1.41253e-35  even=  2.87e-42
          F_x = -14.168084670754975606054192284194
          F_D = -37.481971360842881738759362390447
          a   = 2.6455214118116628680161261212034      [4.1s]
dps=  80 h_w=1e-14  h_D=1e-16   xi(1/2,D*)=  -1.41253e-35  even=  4.84e-54
          F_x = -14.168084670754975606054192284194
          F_D = -37.481971360842881738759362390447
          a   = 2.6455214118116628680161261212034      [7.2s]
dps= 100 h_w=1e-18  h_D=1e-20   xi(1/2,D*)=  -1.41253e-35  even=  6.09e-67
          F_x = -14.168084670754975606054192284194
          F_D = -37.481971360842881738759362390447
          a   = 2.6455214118116628680161261212034      [11.6s]
dps= 110 h_w=1e-20  h_D=1e-22   xi(1/2,D*)=  -1.41253e-35  even=  1.23e-76
          F_x = -14.168084670754975606054192284194
          F_D = -37.481971360842881738759362390447
          a   = 2.6455214118116628680161261212034      [14.5s]

=== STABILITY UNDER REFINEMENT (the certificate, not any single reading) ===
  a(cfg2) - a(cfg1) = -1.908996e-38
  a(cfg3) - a(cfg2) = 3.9652484e-53
  a(cfg4) - a(cfg3) = -8.3702692e-67

=== LADDER-FREE a (finest config) ===
  a = 2.6455214118116628680161261212

  a - [retired 16 s.f. 2.645521411811663       ] = -1.3198387e-16
  a - [#120 19 s.f.    2.645521411811664489    ] = -1.6209839e-15
  a - [m1 band-A 22sf  2.645521411811662855605 ] = 1.2411126e-17
  a - [operative 17sf  2.6455214118116629      ] = -3.1983874e-17
