==============================================================================
A  CERT BLOCK (my export, my quadrature, nothing of m2's)
==============================================================================
lam_min(K_T200, G_raw) on MY export = 0.000011761206927485314567
  (letter-quoted m1 anchor 1.176119142e-5 is NOT my published value;
   my published anchor (L121/L122) = 1.1761206927492675e-5)
max|u_i(0) - U0_export| = 3.50325e-46
K reconstruction: 79 zeta zeros <= 200 (my zetazero source), max|dK| = 4.09852e-46

==============================================================================
B  SITE S2 (locked to their committed machine2_cycle25_prereg.json)
==============================================================================
grid check |mine-theirs|: g_a 6.25e-24  g_b 5.0e-24  g_bs 1.25e-24
removed vs my zetazero, worst rel = 9.261e-26
launch   lam_min = 0.000020004746865698620975   (theirs 2.0004746865698620975e-5)
         gap     = 5.88105697061e-5   (theirs 5.88105697061e-5)
launch'  lam_min = 0.000012476977651181365402   (theirs 1.2476977651181365402e-5)
         gap     = 5.9346306721e-5   (theirs 5.9346306721e-5)
launch   spectrum: ['2.000474687e-5', '7.881531657e-5', '0.0003247955934', '0.00511197783', '0.02073753351', '0.03158297694', '0.8317235591', '2.41936417']
[site setup 12.1s]

==============================================================================
C  FUNCTIONALS (my instrument) + MY delta_c
==============================================================================
f_a(0.1)   = -7.77892637869409366e-7   (theirs -7.77892637869409366e-7)
MY delta_c = 0.164990457617287927455   [66 bisections]
their d_c  = 0.164990457617287927457442
f_b(d_c)   = 7.77892637869409366e-7
f_a + f_b  = -2.386379e-26   = 3.06775e-20 of |f_a|   (theirs -7.14e-39 = 9.18e-33)
f_b(0.20)  = 1.17150614272e-6   (theirs 1.17150614272e-6)
f_b(0.30)  = 2.90060210674e-6
launch' f_a= -1.06882601372e-6   f_b' = -1.28541404247e-7
[bisection 181.7s]

==============================================================================
D  SECOND-ORDER DECOMPOSITION (my eigenvectors)
==============================================================================
R2 : self_a -5.52449909e-8  self_b -1.324267209e-7  CROSS -6.1128597945e-8  |self|/|X| 3.07011
      (theirs self_a -5.52449909e-8  self_b -1.324267209e-7  CROSS -6.1128597945e-8  3.07)
R3 : self_a -5.52449909e-8  self_b -3.053937139e-7  CROSS -9.17757601056e-8
R3b: self_a -5.52449909e-8  self_b -2.005724457e-6  CROSS -2.2344475817e-7
R4 : self_a -8.220575592e-8  self_b -2.37748344e-9  CROSS -5.74449787764e-9

PT parameters (G-metric ||P||/gap; theirs 34.6 / 56.1 / 84.8 / 214.1 / 19.4):
   P_a        34.581177
   P_b(d_c)   56.078834
   P_b(0.20)  84.778974
   P_b(0.30)  214.07839
   P_b'       19.389386

overlap-loss prediction (2nd order): ovl >= 1 - 1/2 * sum_k (|A_k|+|B_k|)^2/den_k^2
   R2: 1 - ovl2 <= 0.000865792   => ovl >= 0.999567104002
   R3: 1 - ovl2 <= 0.00134289   => ovl >= 0.999328555907
   R4: 1 - ovl2 <= 0.00100324   => ovl >= 0.999498381025

==============================================================================
E  TAYLOR LADDER (my quadrature, my eigensolves) + MY EXACT COLUMN [LOCAL ONLY]
==============================================================================
[derivative ladders 0.0s]

rung       d_a        d_b                  ty2                  ty4                  ty6      EXACT[LOCAL ONLY]
R0         0.1        0.0   1.9256248344148e-5   1.9161549085095e-5   1.9160564251143e-5     1.9160562986371e-5
R1         0.0    0.16499   2.0827614371271e-5   2.0635050745304e-5   2.0626605138882e-5     2.0626417939751e-5
R2         0.1    0.16499   1.9987778246727e-5   1.9662085031736e-5   1.9651594214745e-5     1.9651393685603e-5
R1b        0.0        0.2   2.1253705120081e-5   2.0801690059847e-5   2.0771697387481e-5     2.0770755008538e-5
R3         0.1        0.2   2.0348186789101e-5   1.9695309897625e-5    1.965899528647e-5     1.9657946257913e-5
R1e        0.0        0.3   2.3085245444354e-5   1.5662239419816e-5   1.1491673118806e-5     1.1135466556519e-5
R3b        0.1        0.3   2.1758165713463e-5   7.7021019182572e-6  -1.3039833408734e-6    -2.0432452753101e-6
R0s        0.1        0.0   1.1427691474176e-5   1.1315619632427e-5   1.1314535302249e-5     1.1314534929237e-5
R1d        0.0        0.1   1.2358666777193e-5   1.2346191072289e-5   1.2346082009365e-5     1.2346081517016e-5
R4         0.1        0.1   1.1302405386931e-5   1.1178377326844e-5   1.1177202905786e-5     1.1177202255385e-5

==============================================================================
F  GRADED QUANTITIES (ty4 committed; band = 2|ty6-ty4|; EXACT local only)
==============================================================================

rung            s_A            s_B          shift              D          R_c   |D|/|sh|%         D/X
R2   -8.431977806e-7 6.303038796e-7 -3.42661834e-7 -1.29767933e-7  0.083409925     37.8706     2.12287
R3   -8.431977806e-7 7.969431941e-7 -3.094369681e-7 -2.631823816e-7   0.13500695      85.052     2.86767
R3b  -8.431977806e-7 -4.342507446e-6 -1.230264495e-5 -7.116939721e-6    1.9347424     57.8489      31.851
R4   -1.161358019e-6 -1.307865789e-7 -1.298600324e-6 -6.455726692e-9 0.0053916004     0.49713     1.12381

their committed values: R2 D=-1.29768e-7 Rc=0.083410 37.87%%;  R3 D=-2.63182e-7 Rc=0.135007 85.05%%;
                        R3b D=-7.11694e-6 Rc=1.9347;       R4 D=-6.45573e-9 Rc=0.0053916 0.497%%

H1 replication ratio (frac_R2/frac_R3) = 0.445263   (their prediction 0.445, band [0.147, 1.567])

rung    band(+-)   fires(ty4)
R0    1.96967e-9        False
R1    1.68912e-8        False
R2    2.09816e-8        False
R1b   5.99853e-8        False
R3    7.26292e-8        False
R1e   8.34113e-6        False
R3b   1.80122e-5        False
R0s   2.16866e-9        False
R1d   2.18126e-10        False
R4    2.34884e-9        False

heat75 done in 345.0s
