=== A. r on the 11 published rungs, operative constants ===
  eps=0.001                  r=11.7212111931320369721618
  eps=0.0011239031932557     r=11.7237530133550189964998
  eps=0.002                  r=11.741741997077466677395
  eps=0.0035                 r=11.7726082814739255853213
  eps=0.006                  r=11.8242421407185312122142
  eps=0.0082667603361        r=11.8712683841082840939226
  eps=0.012                  r=11.9491645869912175692562
  eps=0.02                   r=12.1180399554221464593526
  eps=0.035                  r=12.4424017406927321168133
  eps=0.06                   r=13.0081855833158908685749
  eps=0.1                    r=13.9911193602609485816619

=== B. 11-rung LOO order table (K=3..8) ===
  K=3  maxres=1.78481e-6  loo=2.84025e-6  a3=11.700720123627228402
  K=4  maxres=1.88611e-6  loo=1.38997e-5  a3=11.700718945523076341
  K=5  maxres=3.08874e-8  loo=2.3525e-6  a3=11.700717370238850657
  K=6  maxres=7.32894e-10  loo=9.67329e-7  a3=11.700717319895873971
  K=7  maxres=2.0053e-10  loo=4.52426e-6  a3=11.700717317412391509
  K=8  maxres=8.67039e-11  loo=7.77238e-5  a3=11.700717316402764594

=== C. 17-rung union fit (K=3..10) + Q1 deviations ===
  K=3  loo=3.03641e-6   maxres=2.33381e-6   a3=11.700718546303204039
  K=4  loo=1.14407e-5   maxres=2.19339e-6   a3=11.700717903697000525
  K=5  loo=3.35093e-6   maxres=1.31149e-7   a3=11.700717290314943372
  K=6  loo=2.09563e-5   maxres=1.05761e-7   a3=11.700717259162162144
  K=7  loo=0.000402494  maxres=9.23642e-8   a3=11.700717241223173461
  K=8  loo=0.0082781    maxres=7.90886e-8   a3=11.700717220931276283
  K=9  loo=0.36759      maxres=6.84998e-8   a3=11.700717201584052947
  K=10 loo=32.4734      maxres=5.35436e-8   a3=11.700717166913180191
  LOO-optimal K = 3 expected; a3 spread K6..8 = 3.82308859e-8
  Q1 per-rung |r - r_pred(K=6 on 11 published)|:
    eps=0.0001   dev=1.62012669e-7
    eps=0.00015  dev=7.17267387e-8
    eps=0.00022  dev=3.29953502e-8
    eps=0.00033  dev=1.42171316e-8
    eps=0.0005   dev=5.64325436e-9
    eps=0.00075  dev=1.87529756e-9

=== D. power discrimination: K=6 poly + ONE extra basis (17 rungs) ===
  none          max res = 1.05761347e-7
  eps^-1 (b)    max res = 1.45552527e-8  coeffs -1.8919529e-11
  eps^-2 (a)    max res = 7.00589907e-10  coeffs -1.6333947e-15
  eps^-3 (D*)   max res = 1.40156244e-8  coeffs -1.5433288e-19
  eps^-3/2      max res = 7.23829042e-9  coeffs -1.7115101e-13
  eps^-2+-3     max res = 5.82623547e-10  coeffs -1.6897538e-15 5.4569672e-21
  c0 (eps^-2 coeff) = -1.633394698e-15   ->  a_true = a_used + c0 = 2.64552141181166285561

=== E. delta_a supports ===
  a_true - a_retired16 = -1.443947e-16
  a_true - m1 a(0)     = -2.233947e-16
  a_used - a_retired16 = 1.489e-15  (the #120 move)

=== F. decisive test: plain-poly refit under a_true / a_retired ===
  --- a_used
    K=3  max res 2.3338107e-6 LOO 3.0364091e-6 a3 11.700718546303204039
    K=4  max res 2.1933924e-6 LOO 1.1440706e-5 a3 11.700717903697000525
    K=5  max res 1.3114932e-7 LOO 3.3509293e-6 a3 11.700717290314943372
    K=6  max res 1.0576135e-7 LOO 2.0956314e-5 a3 11.700717259162162144
    K=7  max res 9.2364171e-8 LOO 0.00040249435 a3 11.700717241223173461
    K=8  max res 7.9088614e-8 LOO 0.0082780965 a3 11.700717220931276283
    LOO-optimal K=3  a3 spread K6..8 = 3.82308859e-8
  --- a_true(m2)
    K=3  max res 2.3210895e-6 LOO 3.0116178e-6 a3 11.700718579974901023
    K=4  max res 2.1806743e-6 LOO 1.131057e-5  a3 11.700717943431852822
    K=5  max res 3.6950411e-8 LOO 1.9054188e-6 a3 11.70071733817013334
    K=6  max res 7.0058602e-10 LOO 4.6421622e-7 a3 11.700717321051165206
    K=7  max res 4.8182078e-10 LOO 1.5789294e-6 a3 11.70071732067509867
    K=8  max res 4.2943031e-10 LOO 3.8145393e-5 a3 11.700717320755178324
    LOO-optimal K=6  a3 spread K6..8 = 3.76066536e-10
  --- a_retired16
    K=3  max res 2.3222141e-6 LOO 3.013803e-6  a3 11.700718576998263598
    K=4  max res 2.1817986e-6 LOO 1.1322072e-5 a3 11.70071793991922177
    K=5  max res 3.7822595e-8 LOO 2.0331972e-6 a3 11.70071733393965011
    K=6  max res 9.1662884e-9 LOO 2.2757525e-6 a3 11.700717315580068137
    K=7  max res 7.7259287e-9 LOO 3.4141862e-5 a3 11.700717313651408294
    K=8  max res 6.6001051e-9 LOO 0.00069702506 a3 11.700717311930569252
    LOO-optimal K=5  a3 spread K6..8 = 3.64949888e-9

=== G. disjoint fits ===
  six new alone, c0/eps^2 + poly K=2:  c0=-1.64820725e-15  a3=11.70071732564302773  max res=2.95214264e-10
  six new alone, c0/eps^2 + poly K=3:  c0=-1.623411826e-15  a3=11.700717319990239278  max res=1.93772894e-12
  11 published alone, K=5 + eps^-2:    c0=-7.936482168e-14  max res=2.14752803e-8
  11 published alone, K=6 + eps^-2:    c0=-4.035251546e-15  max res=3.05502309e-10
  11 published alone, K=7 + eps^-2:    c0=-1.693751323e-15  max res=3.81971464e-12

=== H. 1-D delta_a scan minimising 17-rung K=6 max residual ===
  delta_a* = -1.63982272178e-15  ->  a = 2.64552141181166284918   max res = 6.17949145e-10

=== I. counterfactual re-grade with a_true (POST-HOC, not a re-grade) ===
  Q1 1.25619308e-9  Q2 K=6  Q4 spread 3.76066536e-10  min-K loo(half)/loo(base) = 1.37699942

=== J. R30-B chain arithmetic (log10 n = C^2 |s0|^2 / ((2 sigma0 - 1) ln 10)) ===
  sigma0=0.7159014103823531 measured |s0|<= 13.12267178 for n<=1e8
  sigma0=0.55               |s0|<= 6.31508978 for n<=1e8
  sigma0=0.65               |s0|<= 10.93805635 for n<=1e8
  |s0|=47.2977588172104875  n = 10^103.93
  |s0|=20                   n = 10^18.583
  |s0|=13.12                n = 10^7.9967
  |s0|=10                   n = 10^4.6456
  |s0|=5                    n = 10^1.1614

l171 refit done
