== dps ladder at m2's s0 (stability = my cancellation receipt) ==
dps=50: routeB(A=7)     |F| = 5.5888938e-27   [0s]
        routeA(49^-s,1/7) |F| = 1.4711069e-14   [20s]
        |A-B|/|B| = 2.632e+12
dps=60: routeB(A=7)     |F| = 5.5888938e-27   [0s]
        routeA(49^-s,1/7) |F| = 1.4711069e-14   [23s]
        |A-B|/|B| = 2.632e+12
dps=70: routeB(A=7)     |F| = 5.5888938e-27   [0s]
        routeA(49^-s,1/7) |F| = 1.4711069e-14   [24s]
        |A-B|/|B| = 2.632e+12
dps=80: routeB(A=7)     |F| = 5.5888938e-27   [0s]
        routeA(49^-s,1/7) |F| = 1.4711069e-14   [28s]
        |A-B|/|B| = 2.632e+12

== 2D zero polish on MY evaluator (route B, sweet regime) ==
my s0   = 0.715901410382353101826471806686 + 47.2977588172104875325289298419 i
m2 s0   = 0.7159014103823531018264718067 + 47.29775881721048753252892984 i
|s0_mine - s0_m2| = 1.89269e-27
|F(my root)| routeB = 1.56807e-53   routeA = 1.47111e-14
floor (2s-1)/|s|^2 = 0.0001929767   [m2: 1.92977e-4]

polish took 25s; total 119s
