=== A. L1 on the k=18 gen-1 chain (0.0510, 0.0525, 0.0540), h = 0.0015 ===
  lam(0.0510) = 6.320744690653367377246535E-11
  lam(0.0525) = 4.539405996728798478771141E-11
  lam(0.0540) = 7.883466610075161176082923E-12   <-- the pinned constraint (> 0)
  d1 = 1.781338693924568898475394E-11   d2 = 3.7510593357212823611628487E-11   rho = 2.10575302075604137247649290794229881412668751161397496941575
  point              rho_edge=2.105753  d3=7.8988e-11  delta_dagger=0.0541686989451274001488709144988431909444669731418231329936053  proj lam(0.0542)=-2.6483e-12  fires@0.0542=True
  band-lo (rho/1.3)  rho_edge=1.619810  d3=6.0760e-11  delta_dagger=0.0542193086286656201935321888484961482278070650843700728916869  proj lam(0.0542)=-2.1787e-13  fires@0.0542=False
  band-hi (rho*1.3)  rho_edge=2.737479  d3=1.0268e-10  delta_dagger=0.0541297684193287693452853188452639930342053639552485638412348  proj lam(0.0542)=-5.8078e-12  fires@0.0542=True
  REGISTERED BAND on the -1e-12 crossing: (0.0541297684193287693452853188452639930342053639552485638412348, 0.0542193086286656201935321888484961482278070650843700728916869)

=== B. the frozen partition over delta*(18) (trap #153) ===
  frozen merged k=18 ladder: [0.040, 0.050, 0.0510, 0.0525, 0.0540, 0.0542, 0.0544, 0.0546, 0.0548, 0.0552, 0.0560, 0.0580, 0.060, 0.070]
  B1 = (0.054, 0.0542]
  B2 = (0.0542, 0.0544]
  B3 = (0.0544, 0.0546]
  B4 = (0.0546, 0.0548]
  B5 = (0.0548, 0.0552]
  B6 = (0.0552, 0.0560]
  B7 = (0.0560, 0.0580]
  B8 = (0.0580, 0.060]
  partition COMPLETE: 8 branches, contiguous over (0.054, 0.060]; sub-0.054 landings = the pre-named PIN-CONTRADICTION branch

=== C. NEW equal-spacing triples in the frozen merged ladder ===
  (0.050, 0.0540, 0.0580)  h=0.0040
  (0.0540, 0.0542, 0.0544)  h=0.0002
  (0.0540, 0.0544, 0.0548)  h=0.0004
  (0.0540, 0.0546, 0.0552)  h=0.0006
  (0.0540, 0.0560, 0.0580)  h=0.0020
  (0.0542, 0.0544, 0.0546)  h=0.0002
  (0.0544, 0.0546, 0.0548)  h=0.0002
  (0.0544, 0.0548, 0.0552)  h=0.0004
  (0.0544, 0.0552, 0.0560)  h=0.0008
  (0.0560, 0.0580, 0.0600)  h=0.0020
  TOTAL NEW TRIPLES: 10  (the grader transcribes this list verbatim; exhaustive over all (start, h) pairs in the frozen ladder)

=== D. registered P1 band projected onto the partition ===
  L1 band (0.0541297684193287693452853188452639930342053639552485638412348, 0.0542193086286656201935321888484961482278070650843700728916869) intersects branches: [1, 2]
  REGISTERED P1': measured first-firing edge in {0.0542 (B1), 0.0544 (B2)};
  point estimate B1 (rho_hat = 2.105753 -> delta_dagger = 0.0541686989451274001488709144988431909444669731418231329936053)
