HEADER-FREE fit of u^2/eps on m2's 12 fine rungs.  coef[0]=a, coef[1]=-b, coef[2]=a3, ...
published: a3^BL = 11.7007173 (9 s.f., ERRATUM 11);  -b = 7.4624528767937415788

K=4  maxres= 1.217e-17
     a       = 2.64552141181166290047604
     -b      = 7.46245287679234891113729
     a3      = 11.7007173353582719603736
     a4      = 20.4754755834660551059162
K=5  maxres= 1.211e-21
     a       = 2.64552141181166286802328   d(K-1) = -3.2453e-17
     -b      = 7.46245287679368589585811   d(K-1) = 1.337e-12
     a3      = 11.7007173204395329249945   d(K-1) = -1.4919e-8
     a4      = 20.4755387162336141313983   d(K-1) = 6.3133e-5
K=6  maxres= 7.376e-25
     a       = 2.64552141181166286801613   d(K-1) = -7.1527e-21
     -b      = 7.46245287679368626713271   d(K-1) = 3.7127e-16
     a3      = 11.7007173204336763884515   d(K-1) = -5.8565e-12
     a4      = 20.4755387553031327571363   d(K-1) = 3.907e-8
K=7  maxres= 2.063e-28
     a       = 2.64552141181166286801613   d(K-1) = -6.1312e-24
     -b      = 7.4624528767936862675333   d(K-1) = 4.0059e-19
     a3      = 11.7007173204336676089371   d(K-1) = -8.7795e-15
     a4      = 20.4755387553903104807769   d(K-1) = 8.7178e-11
K=8  maxres= 4.875e-32
     a       = 2.64552141181166286801613   d(K-1) = -3.6846e-27
     -b      = 7.46245287679368626753358   d(K-1) = 2.8349e-22
     a3      = 11.7007173204336676011627   d(K-1) = -7.7743e-18
     a4      = 20.4755387553904123932503   d(K-1) = 1.0191e-13
K=9  maxres= 1.826e-34
     a       = 2.64552141181166286801613   d(K-1) = -2.0033e-30
     -b      = 7.46245287679368626753358   d(K-1) = 1.8176e-25
     a3      = 11.7007173204336676011565   d(K-1) = -6.2015e-21
     a4      = 20.4755387553904124991788   d(K-1) = 1.0593e-16

K=8 readings:
  a  = 2.645521411811662868016126
  b  = -7.46245287679368626753358    (published literal -7.4624528767937415788)
  a3 = 11.70071732043366760116275    (published a3^BL = 11.7007173, 9 s.f.)
  a3 - 11.70071732105115376305 = -6.17486e-10
  -b - 7.4624528767937415788   = -14.9249

====================================================================================================
ERRATUM MARKER, ADDED 2026-09-07 (machine 2, cycle 45). ADDITIVE ONLY: nothing above this line was changed.
ERRATUM 17 -- a value printed in THIS FILE is DEAD. Dead literal: 20.4755387553904124991788
This file prints +20.4755387553904124991788 and the SIGN IS WRONG for the convention fixed by measurement in ERRATUM 17: the fold law's fourth coefficient is a4 = -20.4755387553904125.
The magnitude is not disputed; the printed sign is withdrawn.
a4 was never published in the c32 letter, so this erratum is against this committed artefact, not against a claim.
Marker convention ruled by m1-L181 section 3. Census instrument: data/m2_L179/m2_L179c_erratum_carrier_census.py
====================================================================================================
