=== A. r on the 11 published rungs, OPERATIVE constants (a 19 s.f., |b| 20 s.f.) ===
  eps=0.001                  r=11.7212111931320369721618
  eps=0.0011239031932557     r=11.7237530133550189964998
  eps=0.002                  r=11.741741997077466677395
  eps=0.0035                 r=11.7726082814739255853213
  eps=0.006                  r=11.8242421407185312122142
  eps=0.0082667603361        r=11.8712683841082840939226
  eps=0.012                  r=11.9491645869912175692562
  eps=0.02                   r=12.1180399554221464593526
  eps=0.035                  r=12.4424017406927321168133
  eps=0.06                   r=13.0081855833158908685749
  eps=0.1                    r=13.9911193602609485816619

=== B. LOO order selection on the 11 published rungs ===
  K    max in-sample res interior LOO rms
  3    1.78481e-6       2.84025e-6      
  4    1.88611e-6       1.38997e-5      
  5    3.08874e-8       2.3525e-6       
  6    7.32894e-10      9.67329e-7      
  7    2.0053e-10       4.52426e-6      
  8    8.67039e-11      7.77238e-5      
  LOO-optimal K = 6   (LOO rms 9.67329e-7)
  a3 (intercept, K=6) = 11.700717319895873971
  a4 = 20.4755376957   a5 = 18.2716628899

=== C. INPUT-PRECISION BUDGET: dr/da = -1/eps^2 , dr/db = +1/eps ===
  half-ulp(a operative, 19 s.f.) = 5e-19 ; half-ulp(|b| operative, 20 s.f.) = 5e-19
  DEFICIT of the 12-digit b lineage (m1-L165 sect9a, delta_b ~ -3.7e-12):
    b_operative - b_12digit = -3.7415788e-12
    a_operative - a_16digit = 1.489e-15

  eps          dr|da(5e-19)   dr|db(5e-19)   dr from b_12dig dr from a_16dig
  0.1          5.0e-17        5.0e-18        3.7416e-11     1.489e-13     
  0.001        5.0e-13        5.0e-16        3.7416e-9      1.489e-9      
  0.00075      8.8889e-13     6.6667e-16     4.9888e-9      2.6471e-9     
  0.0005       2.0e-12        1.0e-15        7.4832e-9      5.956e-9      
  0.00033      4.5914e-12     1.5152e-15     1.1338e-8      1.3673e-8     
  0.00022      1.0331e-11     2.2727e-15     1.7007e-8      3.0764e-8     
  0.00015      2.2222e-11     3.3333e-15     2.4944e-8      6.6178e-8     
  0.0001       5.0e-11        5.0e-15        3.7416e-8      1.489e-7      
  0.00005      2.0e-10        1.0e-14        7.4832e-8      5.956e-7      
  0.00002      1.25e-9        2.5e-14        1.8708e-7      3.7225e-6     
  0.00001      5.0e-9         5.0e-14        3.7416e-7      1.489e-5      

=== D. EXTRAPOLATION of the K=6 fit to the proposed new rungs ===
  eps=0.0001     r_pred=11.7027650564465416   u_pred=0.0162673531163708204
  eps=0.00015    r_pred=11.7037890618802117   u_pred=0.0199247623941106413
  eps=0.00022    r_pred=11.7052228232237641   u_pred=0.0241324681281259673
  eps=0.00033    r_pred=11.7074762394356301   u_pred=0.0295607027613977022
  eps=0.0005     r_pred=11.7109596647136146   u_pred=0.0363954362935106023
  eps=0.00075    r_pred=11.716084278151444   u_pred=0.0445908469455896261
