=== (1) deg-8 vs ground truth at the published ceiling gamma = 209.576509717 ===
  basis 0 gamma=209.57651  relerr_d8=1.347e-28    relerr_d10=1.348e-28
  basis 0 gamma=250.0      relerr_d8=3.046e-30    relerr_d10=3.067e-30
  basis 0 gamma=400.0      relerr_d8=1.12e-28     relerr_d10=9.265e-33
  basis 1 gamma=209.57651  relerr_d8=3.979e-27    relerr_d10=3.979e-27
  basis 1 gamma=250.0      relerr_d8=8.381e-29    relerr_d10=8.4e-29
  basis 1 gamma=400.0      relerr_d8=5.272e-31    relerr_d10=1.087e-33
  basis 2 gamma=209.57651  relerr_d8=5.116e-27    relerr_d10=6.084e-32
  basis 2 gamma=250.0      relerr_d8=3.051e-26    relerr_d10=2.287e-31
  basis 2 gamma=400.0      relerr_d8=3.832e+9     relerr_d10=1.209e-29
  basis 3 gamma=209.57651  relerr_d8=2.534e-29    relerr_d10=2.537e-29
  basis 3 gamma=250.0      relerr_d8=1.043e-30    relerr_d10=5.99e-31
  basis 3 gamma=400.0      relerr_d8=1.848e-28    relerr_d10=7.773e-33
  basis 4 gamma=209.57651  relerr_d8=5.558e-30    relerr_d10=9.924e-30
  basis 4 gamma=250.0      relerr_d8=2.491e-29    relerr_d10=3.716e-29
  basis 4 gamma=400.0      relerr_d8=8.747e-26    relerr_d10=8.453e-27
  basis 5 gamma=209.57651  relerr_d8=2.274e-24    relerr_d10=2.274e-24
  basis 5 gamma=250.0      relerr_d8=7.411e-27    relerr_d10=7.411e-27
  basis 5 gamma=400.0      relerr_d8=1.471e-30    relerr_d10=7.685e-33
  basis 6 gamma=209.57651  relerr_d8=3.006e-25    relerr_d10=3.006e-25
  basis 6 gamma=250.0      relerr_d8=3.586e-27    relerr_d10=3.586e-27
  basis 6 gamma=400.0      relerr_d8=1.113e-29    relerr_d10=8.645e-33
  basis 7 gamma=209.57651  relerr_d8=2.205e-29    relerr_d10=2.206e-29
  basis 7 gamma=250.0      relerr_d8=4.737e-32    relerr_d10=1.161e-31
  basis 7 gamma=400.0      relerr_d8=7.6e-30      relerr_d10=5.981e-34

=== (2) Gram at deg 8 vs deg 10 (the m2_tail2.py mixed-degree defect) ===
  |G_deg8 - G_deg10|_max = 7.58755e-39   relative = 1.80067e-38   (90s)

=== (3) re-verify the carried claim: deg-8 tail |dK|_max over 200<gamma<=400 ===
  deg=8  |dK|_max = 4.77175           dlam_min(K_T200) = 8.1347e-5         (53s)
  deg=10  |dK|_max = 7.62123e-9        dlam_min(K_T200) = 1.42864e-10       (208s)
done
