m2 rungs (c30 + c31b): n=12  eps in [2.5e-5, 0.00075]
m1 heat72x published : n=11 eps in [0.001, 0.1]
m1 heat86b six       : n=6 eps in [0.0001, 0.00075]

--- m2 12 rungs (c30+c31b) ---
   K=2  a = 2.645521412125511247111    a-A_DERIV =    3.13848e-10  maxres = 3.737e-10
   K=3  a = 2.64552141181160072845     a-A_DERIV =   -6.21396e-14  maxres = 3.292e-14
   K=4  a = 2.645521411811662900476    a-A_DERIV =    3.24599e-17  maxres = 1.217e-17
   K=5  a = 2.645521411811662868023    a-A_DERIV =    7.15885e-21  maxres = 1.211e-21
   K=6  a = 2.645521411811662868016    a-A_DERIV =    6.13492e-24  maxres = 7.376e-25
   K=7  a = 2.645521411811662868016    a-A_DERIV =     3.6867e-27  maxres = 2.063e-28
   K=8  a = 2.645521411811662868016    a-A_DERIV =    2.14021e-30  maxres = 4.875e-32
   K=9  a = 2.645521411811662868016    a-A_DERIV =     1.3691e-31  maxres = 1.826e-34

--- m1 heat86b 6 rungs ---
   K=2  a = 2.645521412617653378581    a-A_DERIV =    8.05991e-10  maxres = 1.966e-10
   K=3  a = 2.645521411811467444656    a-A_DERIV =   -1.95423e-13  maxres = 1.868e-14
   K=4  a = 2.645521411811663017994    a-A_DERIV =    1.49978e-16  maxres = 3.803e-18

--- m1 heat72x 11 rungs ---
   K=2  a = 2.645996482456397840834    a-A_DERIV =    0.000475071  maxres = 0.0009837
   K=3  a = 2.645510332777178023098    a-A_DERIV =     -1.1079e-5  maxres = 1.912e-5
   K=4  a = 2.645521693711113860584    a-A_DERIV =     2.81899e-7  maxres = 3.412e-7
   K=5  a = 2.645521411673484211781    a-A_DERIV =   -1.38179e-10  maxres = 1.671e-10
   K=6  a = 2.645521411902483244608    a-A_DERIV =    9.08204e-11  maxres = 2.47e-11
   K=7  a = 2.645521411813080514503    a-A_DERIV =    1.41765e-12  maxres = 2.055e-13
   K=8  a = 2.645521411811696561168    a-A_DERIV =    3.36932e-14  maxres = 2.355e-15
   K=9  a = 2.645521411811663371564    a-A_DERIV =    5.03548e-16  maxres = 5.95e-18

--- m2 12 + m1 heat72x 11 = 23 ---
   K=2  a = 2.645671918964637809691    a-A_DERIV =    0.000150507  maxres = 0.001165
   K=3  a = 2.645518515298094825926    a-A_DERIV =    -2.89651e-6  maxres = 2.258e-5
   K=4  a = 2.645521476314599748927    a-A_DERIV =     6.45029e-8  maxres = 4.069e-7
   K=5  a = 2.645521411788374749202    a-A_DERIV =   -2.32881e-11  maxres = 1.889e-10
   K=6  a = 2.645521411824372628819    a-A_DERIV =    1.27098e-11  maxres = 4.563e-11
   K=7  a = 2.645521411811795215373    a-A_DERIV =    1.32347e-13  maxres = 4.361e-13
   K=8  a = 2.645521411811664655797    a-A_DERIV =    1.78778e-15  maxres = 5.903e-15
   K=9  a = 2.645521411811662888728    a-A_DERIV =    2.07116e-17  maxres = 3.968e-17

=== reference comparisons against the ladder-free derivative value ===
  A_DERIV - [retired 16 s.f. 2.645521411811663         ] = -1.3198387e-16
  A_DERIV - [#120 19 s.f.    2.645521411811664489      ] = -1.6209839e-15
  A_DERIV - [m1 band-A       2.645521411811662855605   ] = 1.2411126e-17
  A_DERIV - [operative 17 sf 2.6455214118116629        ] = -3.1983874e-17
  A_DERIV - [c31 a_corr+c0   2.645521411811662867420621] = 5.9550512e-19

  a_corr (m1 band-A, recomputed) = 2.645521411811662855605302
  A_DERIV - a_corr               = 1.241082412e-17
  m2 c31 out-of-sample c0_new    = 1.181531944e-17
  DIFFERENCE (residual of resid) = 5.95505e-19

  A_DERIV rounded to 17 s.f.     = 2.6455214118116629
  A_DERIV rounded to 18 s.f.     = 2.64552141181166287
  A_DERIV rounded to 19 s.f.     = 2.645521411811662868
