launch  lam_min 0.000020004746865698620975  gap 5.881056971e-5
launch' lam_min 0.000012476977651181365402  gap 5.934630672e-5

rung       d_a        d_b            lam_min EXACT              shift     ovl_v0     ovl_v1
R0         0.1        0.0     1.916056298637076e-5    -8.441838793e-7   0.999589  0.0276684
R1         0.0    0.16499     2.062641793975136e-5     6.216710741e-7   0.999735 0.00388392
R2         0.1    0.16499     1.965139368560252e-5    -3.533531801e-7   0.998939  0.0307998
R1b        0.0        0.2     2.077075500853752e-5     7.660081428e-7   0.999237 0.00183218
R3         0.1        0.2     1.965794625791251e-5    -3.468006078e-7   0.997712  0.0398285
R1e        0.0        0.3      1.11354665565185e-5    -8.869280309e-6   0.886486   0.227362
R3b        0.1        0.3    -2.043245275310083e-6    -2.204799214e-5   0.702246   0.429956
R0s        0.1        0.0     1.131453492923668e-5    -1.162442722e-6   0.999444  0.0331048
R1d        0.0        0.1     1.234608151701594e-5    -1.308961342e-7   0.999995 0.00265995
R4         0.1        0.1     1.117720225538539e-5    -1.299775396e-6   0.999346  0.0360487

rung              s_A              s_B            shift                D        R_c  |D|/|sh|%
R2      -8.4418388e-7     6.2167107e-7    -3.5335318e-7    -1.3084037e-7 0.08409924998  37.028215
R3      -8.4418388e-7     7.6600814e-7    -3.4680061e-7    -2.6862487e-7 0.1377988301  77.458016
R3b     -8.4418388e-7    -8.8692803e-6    -2.2047992e-5    -1.2334528e-5 3.35314546  55.943997
R4      -1.1624427e-6    -1.3089613e-7    -1.2997754e-6    -6.4365397e-9 0.005375576109 0.49520399

PRIMARY ratio (cancellation defect fraction)/(ordinary opposing) = 0.47804239

T-budget deg 10, 123 zeros 200<gamma<=400: |dK|max 7.6212275e-9   d lam_min 1.0440182e-10
smallest |shift| on the ladder / budget = 1253.7726

done 264.1s
