
### cfg N72: dps=90 guard=25 r_w=0.04 N_w=72 npts=15 h_e=1e-7 centre=REFINED [169s]
   controls: max|odd c_k|/|c_0| = 1.068e-92   max|Im g|/|g| = 7.85e-15
   G(0,0) = -3.884174821289682201111771e-79      g01 = 37.4819713608429
   etilde (this config's own centre offset) = 1.03627815728e-80
   implied D* = 0.141733239663887191395415685084185023623144561955016655942867
     a raw = 2.64552141181166286801612612120342539738354204064936529629008
     a rec = 2.64552141181166286801612612120342539738354204064936529629008    d(coeff)/dD* = -42.6418612841
     b raw = -7.46245287679368626753358035162874151331895732417758730097894
     b rec = -7.46245287679368626753358035162874151331895732417758730097894    d(coeff)/dD* = 452.708172669
    a3 raw = 11.7007173204336676011564324870398138493337259591011850148002
    a3 rec = 11.7007173204336676011564324870398138493337259591011850148002    d(coeff)/dD* = -2123.16726697
    a4 raw = -20.4755387553904125007058067225760662898269858130522387940463
    a4 rec = -20.4755387553904125007058067225760662898269858130522387940463    d(coeff)/dD* = 6698.97547725
    a5 raw = 18.2711625011499510374264312726700306984558615952656518393254
    a5 rec = 18.2711625011499510374264312726700306984558615952656518393254    d(coeff)/dD* = -16819.9239728

### cfg Q125: dps=125 guard=30 r_w=0.04 N_w=40 npts=15 h_e=1e-7 centre=REFINED [245s]
   controls: max|odd c_k|/|c_0| = 2.994e-127   max|Im g|/|g| = 2.064e-71
   G(0,0) = -5.316911983139663491615228e-44      g01 = 37.4819713608429
   etilde (this config's own centre offset) = 1.41852517093e-45
   implied D* = 0.141733239663887191395415685084185023623144560536491485013837
     a raw = 2.64552141181166286801612612120342539738354200093756282478649
     a rec = 2.64552141181166286801612612120342539738354206142611639160143    d(coeff)/dD* = -42.6418612841
     b raw = -7.46245287679368626753358035162874151331895676826059809284559
     b rec = -7.46245287679368626753358035162874151331895741043853610897395    d(coeff)/dD* = 452.708172669
    a3 raw = 11.7007173204336676011564324870398138493337230915816343433577
    a3 rec = 11.7007173204336676011564324870398138493337261033478446284741    d(coeff)/dD* = -2123.16726697
    a4 raw = -20.475538755390412500705806722576066289826976725349824158923
    a4 rec = -20.4755387553904125007058067225760662898269862280151580693656    d(coeff)/dD* = 6698.97547725
    a5 raw = 18.2711625011499510374264312726700306984558379814233949096856
    a5 rec = 18.2711625011499510374264312726700306984558618409089234063197    d(coeff)/dD* = -16819.9239728

### cfg B: dps=110 guard=30 r_w=0.04 N_w=64 npts=15 h_e=1e-7 centre=REFINED [276s]
   controls: max|odd c_k|/|c_0| = 5.848e-114   max|Im g|/|g| = 6.925e-44
   G(0,0) = -2.51084069382635546007682e-70      g01 = 37.4819713608429
   etilde (this config's own centre offset) = 6.69879572143e-72
   implied D* = 0.141733239663887191395415685084185023623144561955016655942867
     a raw = 2.64552141181166286801612612120342539738354204064936529629008
     a rec = 2.64552141181166286801612612120342539738354204064936529629008    d(coeff)/dD* = -42.6418612841
     b raw = -7.46245287679368626753358035162874151331895732417758730097894
     b rec = -7.46245287679368626753358035162874151331895732417758730097894    d(coeff)/dD* = 452.708172669
    a3 raw = 11.7007173204336676011564324870398138493337259591011850148002
    a3 rec = 11.7007173204336676011564324870398138493337259591011850148002    d(coeff)/dD* = -2123.16726697
    a4 raw = -20.4755387553904125007058067225760662898269858130522387940463
    a4 rec = -20.4755387553904125007058067225760662898269858130522387940463    d(coeff)/dD* = 6698.97547725
    a5 raw = 18.2711625011499510374264312726700306984558615952656518393268
    a5 rec = 18.2711625011499510374264312726700306984558615952656518393268    d(coeff)/dD* = -16819.9239728

### cfg D: dps=125 guard=30 r_w=0.045 N_w=72 npts=17 h_e=1e-7 centre=REFINED [639s]
   controls: max|odd c_k|/|c_0| = 8.541e-128   max|Im g|/|g| = 1.402e-54
   G(0,0) = -2.030082312541116653268314e-75      g01 = 37.4819713608429
   etilde (this config's own centre offset) = 5.41615672505e-77
   implied D* = 0.141733239663887191395415685084185023623144561955016655942867
     a raw = 2.64552141181166286801612612120342539738354204064936529629008
     a rec = 2.64552141181166286801612612120342539738354204064936529629008    d(coeff)/dD* = -42.6418612841
     b raw = -7.46245287679368626753358035162874151331895732417758730097894
     b rec = -7.46245287679368626753358035162874151331895732417758730097894    d(coeff)/dD* = 452.708172669
    a3 raw = 11.7007173204336676011564324870398138493337259591011850148002
    a3 rec = 11.7007173204336676011564324870398138493337259591011850148002    d(coeff)/dD* = -2123.16726697
    a4 raw = -20.4755387553904125007058067225760662898269858130522387940463
    a4 rec = -20.4755387553904125007058067225760662898269858130522387940463    d(coeff)/dD* = 6698.97547725
    a5 raw = 18.2711625011499510374264312726700306984558615952656497710841
    a5 rec = 18.2711625011499510374264312726700306984558615952656497710841    d(coeff)/dD* = -16819.9239728
