
### cfg DH8: dps=125 guard=30 r_w=0.045 N_w=72 npts=17 h_e=1e-8 [638s]
   controls: max|odd c_k|/|c_0| = 8.66e-128   max|Im g|/|g| = 1.402e-54
   G(0,0) = -2.030082312541116653268314e-75      etilde = 5.41615672505e-77
     a raw = 2.64552141181166286801612612120342539738354204064936529629008
     a rec = 2.64552141181166286801612612120342539738354204064936529629008
     b raw = -7.46245287679368626753358035162874151331895732417758730097894
     b rec = -7.46245287679368626753358035162874151331895732417758730097894
    a3 raw = 11.7007173204336676011564324870398138493337259591011850148002
    a3 rec = 11.7007173204336676011564324870398138493337259591011850148002
    a4 raw = -20.4755387553904125007058067225760662898269858130522387940463
    a4 rec = -20.4755387553904125007058067225760662898269858130522387940463
    a5 raw = 18.2711625011499510374264312726700306984558615952656497710841
    a5 rec = 18.2711625011499510374264312726700306984558615952656497710841

### cfg DP19: dps=125 guard=30 r_w=0.045 N_w=72 npts=19 h_e=1e-7 [646s]
   controls: max|odd c_k|/|c_0| = 8.541e-128   max|Im g|/|g| = 1.402e-54
   G(0,0) = -2.030082312541116653268314e-75      etilde = 5.41615672505e-77
     a raw = 2.64552141181166286801612612120342539738354204064936529629008
     a rec = 2.64552141181166286801612612120342539738354204064936529629008
     b raw = -7.46245287679368626753358035162874151331895732417758730097894
     b rec = -7.46245287679368626753358035162874151331895732417758730097894
    a3 raw = 11.7007173204336676011564324870398138493337259591011850148002
    a3 rec = 11.7007173204336676011564324870398138493337259591011850148002
    a4 raw = -20.4755387553904125007058067225760662898269858130522387940463
    a4 rec = -20.4755387553904125007058067225760662898269858130522387940463
    a5 raw = 18.2711625011499510374264312726700306984558615952656497710841
    a5 rec = 18.2711625011499510374264312726700306984558615952656497710841
