==============================================================================
A. ZETA POSITIVE CONTROL -- symbol of f_k(x) = (1/k)floor(1/x) - floor(1/(kx))
==============================================================================
  Structural fact used (exact, elementary): f_k is CONSTANT = {n/k} on
  (1/(n+1), 1/n].  Hence  M f_k(s) = (1/s) sum_n {n/k} [ n^-s - (n+1)^-s ].
  k=2  s=(0.7 + 3.0j)
    direct step-sum          = (0.111110133005 - 0.142911896545j)
    (1/k - k^-s) zeta(s)/s   = (0.111110133062 - 0.142911896438j)   |diff|=1.22e-10
    -k^(s-1) zeta(s)/s       = (-0.127819956588 - 0.0833145108419j)   |diff|=0.246
  k=3  s=(0.6 + 11.0j)
    direct step-sum          = (-0.0262667704767 + 0.024384594596j)
    (1/k - k^-s) zeta(s)/s   = (-0.0262667699775 + 0.0243845951328j)   |diff|=7.33e-10
    -k^(s-1) zeta(s)/s       = (0.0581602004952 + 0.0625894902018j)   |diff|=0.0927
  k=5  s=(0.9 + 1.0j)
    direct step-sum          = (0.11226530804 - 0.213438951951j)
    (1/k - k^-s) zeta(s)/s   = (0.11226530804 - 0.213438951951j)   |diff|=1.82e-16
    -k^(s-1) zeta(s)/s       = (-0.619898849859 + 0.205647667021j)   |diff|=0.844

  Annihilation at the first zeta zero rho1 = 1/2 + 14.134725...i :
    k=2:  |M f_k(rho1)| = 2.86541e-42
    k=3:  |M f_k(rho1)| = 2.19049e-42
    k=7:  |M f_k(rho1)| = 1.18483e-42
  DQ: annihilation is by the COMMON factor zeta(s)/s; the k-dependent factor is a
      Dirichlet polynomial and is generically non-zero.  Nothing here is a proof claim.

==============================================================================
B. CARRIER 1: DAVENPORT-HEILBRONN  (Ferry-Ghisa-Muscutar arXiv:1602.06328 shape)
==============================================================================
  B1 closed form vs direct sum at s=(3.0 + 2.0j):
     hurwitz = (1.02317100019499 - 0.0193565172906237j)
     direct  = (1.02317100019499 - 0.0193565172906238j)   |diff|=8.21e-17   (partial sum N=200000, tail < 1.61e-11)
  B2 functional-equation residual (independent re-check of m1's kappa):
     s=(2.3 + 1.7j)  |residual|=1.66e-18   |f(s)|=1.04389
     s=(0.3 - 4.1j)  |residual|=8.41e-18   |f(s)|=1.20913
  B3 |f| at the four published off-line zeros quoted in our cycle-11 letter:
     s0=(0.808517182 + 85.699348j)  |f(s0)|=6.095e-7   floor (2Re-1)/|s0|^2 = 8.4007e-5
     s0=(0.65083 + 114.163343j)  |f(s0)|=2.572e-7   floor (2Re-1)/|s0|^2 = 2.31446e-5
     s0=(0.57435605 + 166.479306j)  |f(s0)|=5.615e-8   floor (2Re-1)/|s0|^2 = 5.36563e-6
     s0=(0.724258 + 176.702461j)  |f(s0)|=4.708e-7   floor (2Re-1)/|s0|^2 = 1.43643e-5
  B4 summatory function A(y) = sum_{n<=y} a_n :
     period sum = 0.0  (must be 0 for A to be bounded)
     closed form matches brute force for n<=20000: True
     sup_{y<=20000} |A(y)| = 1.284079044   (= 1+kappa = 1.284079044)
     ==> Psi_DH is BOUNDED and 5-periodic; Psi_DH^(1) is supported in (0,1] and in L^2. [HYPOTHESIS MET]
  B5 Mellin symbol of the transferred family, direct step-sum vs -alpha^s F(s)/s:
     alpha=1/1  s=(0.7 + 3.0j)  direct=(-0.0143642792552 + 0.437215167794j)  -alpha^s F/s=(-0.014364279556 + 0.43721516723j)  |diff|=6.39e-10
     alpha=1/2  s=(0.65 + 9.0j)  direct=(-0.0090666508943 + 0.0186157516775j)  -alpha^s F/s=(-0.00906664972341 + 0.0186157517961j)  |diff|=1.18e-9
     alpha=1/3  s=(0.85 + 2.0j)  direct=(0.216990402213 - 0.0342199954377j)  -alpha^s F/s=(0.216990402103 - 0.0342199955346j)  |diff|=1.47e-10

==============================================================================
C. CARRIER 2: EPSTEIN ZETA of a binary quadratic form, disc -23, h=3
==============================================================================
  principal (1,1,6):  |disc|=23  area constant 2pi/sqrt|D| = 1.3101347027
     total lattice points <= Y : 2620260   main term 2620269   ratio 0.99999641
     sup_{1e3<=y<=2e6} |A(y) - c y| / y^0.333  = 2.2451
     sup_{1e3<=y<=2e6} |A(y) - c y| / y^0.400  = 1.2754
     sup_{1e3<=y<=2e6} |A(y) - c y| / y^0.500  = 0.5461
     k=2: sup |(1/k)A(u) - A(u/k)| / u^(1/3), 1e3<=u<=Y  = 1.4246   ; /u^(1/2) = 0.3784   (bounded ==> Psi^(1) in L^2)
     k=3: sup |(1/k)A(u) - A(u/k)| / u^(1/3), 1e3<=u<=Y  = 1.4296   ; /u^(1/2) = 0.4116   (bounded ==> Psi^(1) in L^2)

  non-principal (2,1,3):  |disc|=23  area constant 2pi/sqrt|D| = 1.3101347027
     total lattice points <= Y : 2620304   main term 2620269   ratio 1.00001320
     sup_{1e3<=y<=2e6} |A(y) - c y| / y^0.333  = 1.9350
     sup_{1e3<=y<=2e6} |A(y) - c y| / y^0.400  = 1.0496
     sup_{1e3<=y<=2e6} |A(y) - c y| / y^0.500  = 0.4842
     k=2: sup |(1/k)A(u) - A(u/k)| / u^(1/3), 1e3<=u<=Y  = 0.8695   ; /u^(1/2) = 0.2444   (bounded ==> Psi^(1) in L^2)
     k=3: sup |(1/k)A(u) - A(u/k)| / u^(1/3), 1e3<=u<=Y  = 0.9983   ; /u^(1/2) = 0.2383   (bounded ==> Psi^(1) in L^2)

  DQ-SECTION
   * A/B blocks: mpmath dps=40; step-sums truncated at N=2e5 with the periodic mean
     removed first, so the tail is O(N^{-sigma-1}) by Abel summation, not O(N^{-sigma}).
   * B3 uses zero coordinates AS QUOTED in our own cycle-11 letter from Math. Comp. 76
     (2007) 2045-2049; |f| there is limited by the printed precision of those digits,
     NOT by the evaluator.  It is a consistency check, not a zero certification.
   * C block: float64 lattice counts, exact integer arithmetic for the counts themselves.
     The exponent lines are an EMPIRICAL check that the classical van der Corput bound
     O(y^{1/3}) is consistent with the data on this range; they do not prove it.
   * No claim in this file is a proof claim, and none of it bears on RH.
