evaluator decomposition probe: s = 0.55 + 0i, D = D* = 0.141733239663887191395415685084
dps  50 zcut 149.66 : t1 (10.5844484649508098 + 0.0j)
                    t2 (-15.6554372359607195 + 0.0j)
                    t3 (5.01006758354125345 + 0.0j)
                    h  (-0.0609211874686562688 + 0.0j)
dps  60 zcut 172.69 : t1 (10.5844484649508098 + 0.0j)
                    t2 (-15.6554372359607195 + 0.0j)
                    t3 (5.01006758354125345 + 0.0j)
                    h  (-0.0609211874686562688 + 0.0j)
                    t1 rel-vs-first 5.969e-61
                    t2 rel-vs-first 3.310e-61
                    t3 rel-vs-first 2.773e-61
dps  60 zcut 287.82 : t1 (10.5844484649508098 + 0.0j)
                    t2 (-15.6554372359607195 + 0.0j)
                    t3 (5.01006758354125345 + 0.0j)
                    h  (-0.0609211874686562688 + 0.0j)
                    t1 rel-vs-first 5.969e-61
                    t2 rel-vs-first 3.310e-61
                    t3 rel-vs-first 2.773e-61
dps  70 zcut 172.69 : t1 (10.5844484649508098 + 0.0j)
                    t2 (-15.6554372359607195 + 0.0j)
                    t3 (5.01006758354125345 + 0.0j)
                    h  (-0.0609211874686562688 + 0.0j)
                    t1 rel-vs-first 5.969e-61
                    t2 rel-vs-first 3.310e-61
                    t3 rel-vs-first 2.773e-61
dps  70 zcut 287.82 : t1 (10.5844484649508098 + 0.0j)
                    t2 (-15.6554372359607195 + 0.0j)
                    t3 (5.01006758354125345 + 0.0j)
                    h  (-0.0609211874686562688 + 0.0j)
                    t1 rel-vs-first 5.969e-61
                    t2 rel-vs-first 3.310e-61
                    t3 rel-vs-first 2.773e-61
