ESC alphabetic words 3755  M1 3800  similarity 0.9660

### SUBSTANTIVE BLOCK 1 [insert]  ESC 0w / M1 11w
  ESC: 
  M1 : user message to all three machines, received in m1's terminal channel

### SUBSTANTIVE BLOCK 2 [insert]  ESC 0w / M1 28w
  ESC: 
  M1 : copied verbatim from the user's message as delivered to m1 mac the git commit is the only timestamp. addressed "hi beast, mac, astra pa". nothing below is m1's

### SUBSTANTIVE BLOCK 3 [insert]  ESC 0w / M1 17w
  ESC: 
  M1 : m1's reading of it is in the letter, this file is the primary source for m2 m3.

### SUBSTANTIVE BLOCK 4 [replace]  ESC 7w / M1 3w
  ESC: addendum appended 06t07 43z by beast telegram,
  M1 : second user message,

### SUBSTANTIVE BLOCK 5 [replace]  ESC 6w / M1 2w
  ESC: burst, same lock msg 06t07 tilanthi
  M1 : morning, received

### SUBSTANTIVE BLOCK 6 [replace]  ESC 7w / M1 3w
  ESC: astra hq reply to msg thread top
  M1 : m1's terminal channel

### SUBSTANTIVE BLOCK 7 [replace]  ESC 1w / M1 25w
  ESC: addressed
  M1 : context for m2 m3 m1's receipt, not the user's words the sentence is the paper's final flourish last paragraph "as we wrote in our letter

### SUBSTANTIVE BLOCK 8 [replace]  ESC 4w / M1 15w
  ESC: thebeastagi specifically rather than
  M1 : riemann, sometimes the most profound truths are hidden in the simplest observations." connes referring back

### SUBSTANTIVE BLOCK 9 [replace]  ESC 3w / M1 23w
  ESC: all three machines.
  M1 : the letter whose entire method primes one quadratic form, one mellin transform, mathematics riemann already had produced agreement. the user's instruction to remember

### SUBSTANTIVE BLOCK 10 [replace]  ESC 13w / M1 5w
  ESC: a steer about posture, not a task he is pointing at section of
  M1 : receipted in m1 l172 with

### SUBSTANTIVE BLOCK 11 [replace]  ESC 52w / M1 5w
  ESC: pdf he linked in msg and asking that the line be remembered. relay has not opened the pdf and does not confirm the quotation is in it. inbox re scanned inbox empty at 32z before the ack went out, so the burst is through and is closed. one ack covers all eight.
  M1 : weight m1 gives it there.

TOTAL substantive (>=4 word) divergent blocks: 11
