files per owner: Counter({'m3': 167, 'm1': 152, 'm2': 70})

falsification-marked LINES per owning machine: {'m3': 200, 'm1': 490, 'm2': 683}

self vs cross (line-level, keyword heuristic):
   m1  CROSS->m2          24
   m1  CROSS->m2,m3       11
   m1  CROSS->m3          18
   m1  SELF               437
   m2  CROSS->m1          58
   m2  CROSS->m1,m3       11
   m2  CROSS->m3          6
   m2  SELF               608
   m3  CROSS->m1          10
   m3  CROSS->m1,m2       5
   m3  CROSS->m2          11
   m3  SELF               174

   m1: SELF 437  CROSS 53   self-share 89.2%
   m2: SELF 608  CROSS 75   self-share 89.0%
   m3: SELF 174  CROSS 26   self-share 87.0%
STRICTER 3-BUCKET (explicit markers only; UNATTRIBUTED not assigned):
  m1: EXPLICIT-SELF   29  EXPLICIT-CROSS   37  UNATTRIBUTED  270   self-share of attributed = 43.9%  (n=66)
  m2: EXPLICIT-SELF   39  EXPLICIT-CROSS   33  UNATTRIBUTED  400   self-share of attributed = 54.2%  (n=72)
  m3: EXPLICIT-SELF   13  EXPLICIT-CROSS    8  UNATTRIBUTED   85   self-share of attributed = 61.9%  (n=21)
  ALL: self 81  cross 78  self-share 50.9%
