ANCHOR ANCHOR-0  got 0.000020004746865698620975  want 2.0004746865698620975e-5  rel 1.761e-21  PASS
ANCHOR ANCHOR-D  got 0.000019160562986370759475  want 1.9160562986370759475e-5  rel 1.226e-20  PASS
two-point anchor PASSED at 12.3s -- displacement layer certified, not only the d=0 layer

S3=D4  gap A k=1 (21.02203964,25.01085758)  g_a = 23.01644860945862187792114
       gap B k=7 (43.32707328,48.00515088)  g_b = 45.0813523810095595976635
ANCHOR S3launch  got 0.000012965524199220302938  want 1.2965524199220303e-5  rel 4.775e-18  PASS
       launch gap = 0.000105047976563   (m1 heat77b quoted 1.05047976563e-4)
ANCHOR S3 f_a    got -1.00441985340306407e-6  want -1.004419853e-6  rel 4.013e-10  PASS
ANCHOR S3 d_c    got 0.22348896097863643217  want 0.22348896097863643215  rel 8.251e-20  PASS
f_b(delta_c) = 1.00441985340306407e-6   f_a+f_b = 2.9506533e-36  (depth 2.93767e-30 of |f_a|)
f_b(0.30) = 2.10565684132e-6   [ordinary opposing rung R3]
f_b(0.40) = 4.95961249341e-6   [exploratory rung R3b]

same-sign control scan on gap B (grid m/8, delta = 0.1):
   m=1  g=43.911832980947  f_b'(0.1)=2.481207775e-8  opposing
   m=2  g=44.496592680978  f_b'(0.1)=-2.279162905e-8  SAME SIGN as f_a
   m=4  g=45.666112081041  f_b'(0.1)=-5.298473108e-8  SAME SIGN as f_a
   m=5  g=46.250871781073  f_b'(0.1)=-1.081642104e-8  SAME SIGN as f_a
   m=6  g=46.835631481104  f_b'(0.1)=2.380451138e-8  opposing
   m=7  g=47.420391181136  f_b'(0.1)=-1.882139459e-8  SAME SIGN as f_a
   -> control site m=4  g_b' = 45.6661120810410796237193
launch' lam_min = 9.8654427832351134061e-6  gap = 0.0001153688642   f_a = -6.20514660519e-7  f_b' = -9.7029813825e-8
2nd order R2  self_a -2.434213735e-7  self_b -7.378885437e-8  CROSS -1.52359256852e-7
2nd order R3  self_a -2.434213735e-7  self_b -2.791915186e-7  CROSS -2.8518175813e-7
2nd order R3b self_a -2.434213735e-7  self_b -1.154675331e-6  CROSS -5.32660218082e-7
2nd order R4  self_a -1.250818834e-7  self_b -3.682040445e-10  CROSS 6.79646107108e-9
ANCHOR S3 PT_a   got 60.019047  want 60.019  rel 7.831e-7  PASS
ANCHOR S3 PT_b   got 17.80298  want 17.803  rel 1.123e-6  PASS

PT (G-norm / launch gap): {"P_a": "60.019047", "P_b(d_c)": "17.80298", "P_b(0.30)": "34.378142", "P_b(0.40)": "69.324696", "P_bs": "1.3799944", "gap": "0.000105047976563", "gap_s": "0.000115368864163"}

rung       d_a      d_b                ty2                ty4                ty6       band(+-)
R0         0.1      0.0   1.19219667377e-5    1.1656225156e-5    1.1650570623e-5       1.131e-8
R1         0.0 0.223489   1.43153579137e-5    1.3931397111e-5   1.38932729532e-5       7.625e-8
R2         0.1 0.223489   1.31100564979e-5   1.22914965652e-5   1.22367376487e-5       1.095e-7
R1b        0.0      0.3   1.61354596649e-5   1.50300480442e-5   1.47744521057e-5       5.112e-7
R3         0.1      0.3   1.48415504878e-5    1.2963631089e-5   1.26144741978e-5       6.983e-7
R1e        0.0      0.4   2.07530599273e-5   1.84856181857e-5    1.6640118719e-5       3.691e-6
R3b        0.1      0.4   1.94701497802e-5   1.52548089769e-5   1.21831807795e-5       6.143e-6
R0s        0.1      0.0   9.22831343435e-6   9.11471184987e-6     9.112953617e-6       3.516e-9
R1d        0.0      0.1   9.78566475674e-6   9.76825357549e-6   9.76804824063e-6      4.107e-10
R4         0.1      0.1   9.15519346941e-6   9.02496046845e-6   9.02303375382e-6       3.853e-9

PRED R2  s_A -1.309299e-6  s_B 9.6587291e-7  shift -6.7402763e-7  D -3.306015e-7  R_c 0.1645733612  |D|/|sh| 49.048657%  D/X 2.1698813
PRED R3  s_A -1.309299e-6  s_B 2.0645238e-6  shift -1.8931102e-9  D -7.5711791e-7  R_c 0.2434402706  |D|/|sh| 39993.334%  D/X 2.6548609
PRED R3b s_A -1.309299e-6  s_B 5.520094e-6  shift 2.2892848e-6  D -1.9215102e-6  R_c 0.3221830557  |D|/|sh| 83.934956%  D/X 3.6073844
PRED R4  s_A -7.5073093e-7  s_B -9.7189208e-8  shift -8.4048231e-7  D 7.4378263e-9  R_c 0.01036566595  |D|/|sh| 0.88494739%  D/X 1.0943675

H1 pre-registered PT band (slope 0.65114563 from cycle-25's three in-range points):
   R2   PT 17.80298    point 1.0594468  band [0.52972342, 2.1188937]  EXTRAPOLATION
   R3   PT 34.378142   point 1.6261848  band [0.81309238, 3.2523695]  interpolation
   R3b  PT 69.324696   point 2.567512   band [1.283756, 5.1350239]  interpolation
   R4   PT 1.3799944   point 0.2004042  band [0.1002021, 0.4008084]  EXTRAPOLATION

PREREG written, 215.5s; SEALED scored runner sha256 = 542be996111d387733507145480356890ec3358a1a81598405913c173dfebc98
