launch  = 4.2496273814283e-06  (m2 4.2496273813877281464e-6)
launch4 = 4.0845380841617e-06  (m2 4.0845380841648368441e-6)

rung           ty2           ty4           ty6         EXACT  ty4/ex-1  |ty6-ty4|
  R0  -4.50393e-06  -6.93998e-06  -6.99232e-06  -6.99288e-06    -0.76%  5.234e-08
  R1   4.17397e-06   4.17115e-06   4.17118e-06   4.17118e-06    -0.00%  2.939e-11
  R2  -5.68959e-06  -8.18799e-06  -8.24180e-06  -8.24238e-06    -0.66%  5.381e-08
 R1b  -2.45766e-06  -9.71082e-06  -1.01250e-05  -1.01343e-05    -4.18%  4.141e-07
  R3  -1.46696e-05  -2.29360e-05  -2.33360e-05  -2.33442e-05    -1.75%  4.001e-07
 R0d  -3.40563e-06  -8.88242e-06  -8.99441e-06  -8.99540e-06    -1.26%  1.120e-07
 R1c   4.14964e-06   4.13860e-06   4.13808e-06   4.13807e-06     0.01%  5.297e-10
  R4  -8.87666e-06  -2.08332e-05  -2.11061e-05  -2.11082e-05    -1.30%  2.729e-07

--- graded quantities (ty4 committed; ty6/ex = bands/certification) ---
[4] s_A=-1.1190e-05 s_B=-7.8477e-08 s_Bb=-1.3960e-05 s_A4=-1.2967e-05 s_B4=+5.4067e-08
    D2=-1.1695e-06 D3=-2.0356e-06 D4=-1.2005e-05  shifts -1.2438e-05 -2.7186e-05 -2.4918e-05  fires R0=True R2=True R3=True R4=True
[6] s_A=-1.1242e-05 s_B=-7.8448e-08 s_Bb=-1.4375e-05 s_A4=-1.3079e-05 s_B4=+5.3537e-08
    D2=-1.1710e-06 D3=-1.9691e-06 D4=-1.2165e-05  shifts -1.2491e-05 -2.7586e-05 -2.5191e-05  fires R0=True R2=True R3=True R4=True
[ex] s_A=-1.1243e-05 s_B=-7.8447e-08 s_Bb=-1.4384e-05 s_A4=-1.3080e-05 s_B4=+5.3530e-08
    D2=-1.1711e-06 D3=-1.9673e-06 D4=-1.2166e-05  shifts -1.2492e-05 -2.7594e-05 -2.5193e-05  fires R0=True R2=True R3=True R4=True

--- Rayleigh-Schroedinger decomposition (ty6 matrices; trap #111 parameter) ---
R2: f_a=+6.5365e-08 f_b=-6.5393e-08 self_a=-7.0359e-07 self_b=-9.4455e-09 cross=+2.5067e-08
R3: f_b(0.2)=-2.4027e-07 self_b(0.2)=-5.8278e-07
R4: f_a=+4.1034e-07 f_b=+9.4382e-08 self_a=-4.5994e-07 self_b=-4.0175e-08 cross=+1.4012e-08
||dQ_a||/gap = 76.1
||dQ_b||/gap = 13.7
||dQ_b2||/gap = 111.7
||dQ_b4||/gap = 16.9
