configs: R N_w=16 | A N_w=40 | B N_w=24 | N64 N_w=64

B6-1  c6(R)   = -1382.360607782115029415378058844710469207
      c6(N64) = -1382.360607782114887555973513690536741019
      c6(N64)/c6(R) - 1 = 1.0262112776257132403189586763430785749704338606548717956104931223E-16  (band 1e-13) -> PASS
      |c6(R)-c6(N64)|/|c6| = 1.0262112776257133456299173089629589979567745207002872295327840712606480219533679E-16   [R-side alias scale (2*.05)^16 = 1e-16]
      cross-check A: |c6(A)-c6(N64)|/|c6| = 2.4400290206559806697937360308829337217486885824073157925566318870841152933778861E-36

B2    raw g10(A) = -18.81677928862535105719585877499194874161122673655
      raw g01(A) = -49.780192509392596023435223889830331658662767454657
      phi1 := |g10(A)|/|g10(m2)| = 1.3281103074903250259084971270287720989519590569966715172197456789435800405403178
      phi2 := |g01(A)|/|g01(m2)| = 1.3281103074903250259084972117302164570086148258974049673832568164367946346573714
      phi entry gap = 8.47014443580566557689007334501635111374932145941170536E-26
      RAW band (rel<=1e-25): g10 rel = 0.32811030749032502590849712702877209895195905699667151721974567894358004054031784 ; g01 rel = 0.32811030749032502590849721173021645700861482589740496738325681643679463465737139 -> both FAIL at the SAME factor
      cross-normalized (g10 by phi2): rel = 6.3775910690817137606242382805927280751610489924057731757019055681354962273334516E-26
      cross-normalized (g01 by phi1): rel = 6.3775910690817137606242386873294065194694156019034889685962071467316858895535307E-26
      B4 mechanistic cross-read: |et(A)|/|et(m2)| = 4.1723815851656316822903781357767321328585833488728419852770444346026998419911641
           vs pi*phi = 4.1723815851684864492665051212739094291742655065874098428362929837536368543575201  (rel 6.8420563120947292739205787244947365476714936264297512598271170569559627872588950E-13)
           closure: (prefactor ratio pi*phi^2)/(g01 ratio phi) = pi*phi -> B4 miss = B1/B2 jointly

B4    |et(A)| = 5.9186283012822620344823820989470236970800454144775E-45   vs m2 1.41852517093E-45  -> ratio 4.1723815851656316822903781357767321328585833488728419852770444346026998419911641 (band [0.8,1.2])
      free clause |et(B)|/|et(A)| = 355271367880050091.19022687176157074572013256194064084103123857439441366011444096 vs delta(B)/delta(A) = 355271367880050091.19022668008578550471047023635731777823156410561104618714986520
             ratio-of-ratios - 1 = 5.395193718670989602014537362907108623436676624041781041E-25  (band 5%) -> PASS

B5    band a4 within 1e-3 of +20.4755387553904 ; a5 within 5e-3 of +18.2712
        A: a4 = 20.475538755390412500705806722576066289819248328586  (rel 6.1051901764644089541079568642394002609090780008704633446632926514291101274068564E-16)  PASS ; a5 = 18.27116250114995103742643127268870141257035688538  (rel 0.0000020523474128115599177244686336194354855244658259993870134419195236218748631726433)  PASS
        B: a4 = 20.475538755390412500703052707760474834774486725559  (rel 6.1051888314376194312038017112147838969984527943920176487228824719605570487440197E-16)  PASS ; a5 = 18.271162501149951037357926570049509749059641245978  (rel 0.0000020523474128115636670514224840322989381515183458119882656858881737379044616664477)  PASS
      N64: a4 = 20.4755387553904125007058067225750218680188245005  (rel 6.1051901764644084440252611652687884568964087795709696827684519422965091284958203E-16)  PASS ; a5 = 18.27116250114995103742643126009740228312266104395  (rel 0.0000020523474128115599177251577672904285071016709356801961556985857524410000437847541)  PASS

ladder (real parts, c_{2j} := g_table[j][0] for j>=1):
      R   (3 harmonics): -18.81677928862535992340864277124051053194, -279.180914117996207323563090261433832166, -1382.360607782115029415378058844710469207
      A   (5 harmonics): -18.81677928862535105719585877499194874161, -279.1809141179961718587119539759144903413, -1382.360607782114887555973513690536744392, -5664.71621961287515611249650699495168453, -22695.88056099245115210911580029526625721
      B   (5 harmonics): -18.81677928862535105719585919368700955654, -279.180914117996171858711955650694733601, -1382.36060778211488755597352038965771743, -5664.716219612875156112496533791435576686, -22695.88056099245115210911590748120182583
      N64 (5 harmonics): -18.8167792886253510571958587749919489249, -279.1809141179961718587119539759144900353, -1382.360607782114887555973513690536741019, -5664.716219612875156112496506994951669574, -22695.88056099245115210911580029526619688
      deltas: R -2.21655319449672775647098843132313577693775602388280822101355E-15 | A -2.94630456229370285558789728505774797975793622370153457116389E-43 | B -1.04673765203731606771726995931187816595594592409814667941657E-25 | N64 -2.2165513143400974306658677902304946308567303981045291083124E-63

THIRD ROUTE -- m2's closed forms at my g-table ((-1)^n-flipped to spec conv):
      A: cf a=2.6455214118116628680161261212034253973835671621949622941575150953316078941138502
              b=-7.4624528767936862675335803516287415133296809824741036195786617176091497279284802
              a3=11.700717320433667601156432487039813849610032230451357884311088605277651474010214
              a4=-20.475538755390412500705806722576066289232496920770939219630950864022031313750970
              a5=18.271162501149951037426431272688701210780328224849378948337387456102118869924026
         a: vs stored rel 9.6002672474692653573436328816321840107825342987038085757781196947306503578044062E-42 | vs negated rel 2.0000000000000000000000000000000000000000096002672474692653573436328816321840108
         b: vs stored rel 1.4385304125519650041659850339697437222764759129970939668838216492074198875181768E-39 | vs negated rel 2.0000000000000000000000000000000000000014385304125519650041659850339697437222764
         a3: vs stored rel 2.3640860454622589674566931496162054627682976154934798700401049697427768774862971E-38 | vs negated rel 2.0000000000000000000000000000000000000236408604546225896745669314961620546276830
         a4: vs stored rel 1.9999999999999999999999999999999999999713437866116908904534775862754047391539742 | vs negated rel 2.8656213388309109546522413724595260846025766111819749293578187736764175083929168E-38
         a5: vs stored rel 1.1044181159673357043897496330749212743783428635025263846590448964336096100034932E-35 | vs negated rel 1.9999999999999999999999999999999999889558188403266429561025036692507872562165714
      B: cf a=2.6455214118116628680161260230892208776261243958767816738948765960880487369903913
              b=-7.4624528767936862675335763345331242445203058205666138517297527281831613870101225
              a3=11.700717320433667601156322978434762049701978084367906015695261799264448670447043
              a4=-20.475538755390412500703052707760474870096565884819522797692895564742857756290194
              a5=18.271162501149951037357926570049510976842956600429068424528816909879498912604423
         a: vs stored rel 1.1036837124609618076514934286598416455370512140002600985049629451342207327800750E-40 | vs negated rel 1.9999999999999999999999999999999999999998896316287539038192348506571340158354463
         b: vs stored rel 9.0977820333026781096187500680371800973741228652200194108974191484528212552964455E-40 | vs negated rel 1.9999999999999999999999999999999999999990902217966697321890381249931962819902625
         a3: vs stored rel 4.4646103788408115047459896115426645155498752523732484038581135848570006361380084E-38 | vs negated rel 2.0000000000000000000000000000000000000446461037884081150474598961154266451554988
         a4: vs stored rel 2.0000000000000000000000000000000000017250866793412990901924491887520383772039291 | vs negated rel 1.7250866793412990901924491887520383772039290536070122247324224847840129801918902E-36
         a5: vs stored rel 6.7197876176580269646609559483778121519032583823565371021304945532149766320420236E-35 | vs negated rel 2.0000000000000000000000000000000000671978761765802696466095594837781215190325838
      N64: cf a=2.6455214118116628680161261212034253505116978564785081651452617248596112194370533
              b=-7.4624528767936862675335803516287399152165611985214208332297696058855426489098691
              a3=11.700717320433667601156432487039772081654055346662529734777616327213598542603431
              a4=-20.475538755390412500705806722575021796938920990004293360492936303693355339370591
              a5=18.271162501149951037426431260097400195639887950650617530192179683463266177626361
         a: vs stored rel 1.1410642595597534016245331382055950468009987544759115042453937980586823304996775E-40 | vs negated rel 1.9999999999999999999999999999999999999998858935740440246598375466861794404953199
         b: vs stored rel 4.4575170900337215970078285529825593751807021016725760631145129300795861466427482E-39 | vs negated rel 1.9999999999999999999999999999999999999955424829099662784029921714470174406248193
         a3: vs stored rel 1.6028063034087227643156297384940085872250283974019242921886668768251130799994230E-37 | vs negated rel 1.9999999999999999999999999999999999998397193696591277235684370261505991412774972
         a4: vs stored rel 1.9999999999999999999999999999999999965285453848298309471216761609236301022619714 | vs negated rel 3.4714546151701690528783238390763698977380285873598992908833856957678408013974266E-36
         a5: vs stored rel 1.1425013449264201562346593090409911606046554676864341506958245800166486451405560E-34 | vs negated rel 1.9999999999999999999999999999999998857498655073579843765340690959008839395344532
      R: cf a=2.6455214118116607903670358277399302684155072808243255538288006348479863555824474
              b=-7.4624528767936012022251737299636255278460985670780460298311946204103012928812241
              a3=11.700717320431348666247637280700108733653763830092366691005531266240178746559071
              a4=14725.652175546936038623171769467923905964534113877116420953061210496179278283983
              a5=-698184.59254410309706051393561621203077828349291716966239617690434324784512322452
         a: vs stored rel 9.3004670828180239803448855160782062851001699097353409248206595834292462426087539E-41 | vs negated rel 1.9999999999999999999999999999999999999999069953291718197601965511448392179371490
         b: vs stored rel 2.8644066709923936263452269659242197052921770944039843406392171744862380770157313E-39 | vs negated rel 1.9999999999999999999999999999999999999971355933290076063736547730340757802947078
         a3: vs stored rel 9.8796615403406525567650287608148655025130499324568893833537121309832167457961405E-38 | vs negated rel 1.9999999999999999999999999999999999999012033845965934744323497123918513449748695
         a4: vs stored rel 2.0000000000000000000000000000000000000024012371653619543550059037797464989295046 | vs negated rel 2.4012371653619543550059037797464989295045927438742022305053722425676519593197561E-39
         a5: stored slot EMPTY at this truncation (cf value above)

B1 quantitative + implied-vs-root D*
  prefactor(m1) = -4*pi*phi^2 = -22.165531960180353174834209887496993457011747316185175714440808980696539377763436
  R   r_w=0.05 N_w= 16  |delta/pred - 1| = 6.8633929688199884379065915505333613137892286413795757291447418438630299392827349E-10
        implied_D* vs root_D* rel = 3.1415926514335942540173892315970297993941877429168572856009504857954399099644094E-16   [pi*(2r_w)^N_w = 3.141592653589793238462643383279502884197169399375105820974944590000000000000000E-16]  dps=60 centre=OP
  A   r_w=0.04 N_w= 40  |delta/pred - 1| = 5.4693724779185410282391190542392791863187008506544771506582312268946739595214995E-25
        implied_D* vs root_D* rel = 4.1758929065037763666814050301192403252774458900237053312732516110491459233655770E-44   [pi*(2r_w)^N_w = 4.1758929065037763588268764576635577472681279909176397135220438438968343579237722E-44]  dps=90 centre=M2
  B   r_w=0.04 N_w= 24  |delta/pred - 1| = 4.9126820148968733878546296388789358278368088692002751811703422609063467061780141E-18
        implied_D* vs root_D* rel = 1.4835751850141947536224652355946858643404594761763069394194194884052569475124823E-26   [pi*(2r_w)^N_w = 1.4835751850141947581203099764705505049520183969909367197893046764167601587032309E-26]  dps=90 centre=M2
  N64 r_w=0.05 N_w= 64  |delta/pred - 1| = 8.4892144193242961031676626276894696971510104908086574057288848881922456257374402E-7
        implied_D* vs root_D* rel = 3.1415899866266955718301305058719883854002383479429621137649974275051519047276401E-64   [pi*(2r_w)^N_w = 3.1415926535897932384626433832795028841971693993751058209749445900000000000000000E-64]  dps=95 centre=OP
