============================================================================
LEG 1 is machine2_cycle18_ringclass.gp (PARI/GP 2.13.3, third-party)
============================================================================

============================================================================
LEG 2 -- own reduction + own Gauss composition (Cohen Alg. 5.4.7)
============================================================================
  cross-validation of my composition against PARI/GP: 711 cases over 237 discriminants in [-500,-4]; MISMATCHES = 0
  D= -196 h=4 forms=[(1, 0, 49), (2, 2, 25), (5, -2, 10), (5, 2, 10)] orders=[1, 2, 4, 4] exponent=4 CYCLIC=YES  [TARGET: order of conductor 7 in Q(i)]
  D=  -84 h=4 forms=[(1, 0, 21), (2, 2, 11), (3, 0, 7), (5, 4, 5)] orders=[1, 2, 2, 2] exponent=2 CYCLIC=NO  [CONTROL: classically (Z/2)^2]
  D=  -56 h=4 forms=[(1, 0, 14), (2, 0, 7), (3, -2, 5), (3, 2, 5)] orders=[1, 2, 4, 4] exponent=4 CYCLIC=YES  [CONTROL: classically Z/4]
  D=  -20 h=2 forms=[(1, 0, 5), (2, 2, 3)] orders=[1, 2] exponent=2 CYCLIC=YES  [CONTROL: Z/2]
  D=  -23 h=3 forms=[(1, 1, 6), (2, -1, 3), (2, 1, 3)] orders=[1, 3, 3] exponent=3 CYCLIC=YES  [CONTROL: Z/3]

============================================================================
LEG 3 -- theta-series discriminator: NO composition, NO class field theory.
============================================================================
  a form and its inverse represent the same integers => 2-torsion group has h distinct
  theta series, Z/4 has h-1.  Representation numbers to n<=400, brute force.
  D= -196 h=4 distinct theta series = 3  [TARGET]
  D=  -84 h=4 distinct theta series = 4  [CONTROL (Z/2)^2]
  D=  -56 h=4 distinct theta series = 3  [CONTROL Z/4]

============================================================================
LEG 4 -- genus / ambiguous-class count
============================================================================
  D= -196 h=4 ambiguous(2-torsion) classes = 2 -> |Cl[2]|=2  [TARGET]
  D=  -84 h=4 ambiguous(2-torsion) classes = 4 -> |Cl[2]|=4  [CONTROL]

============================================================================
LEG 5 -- m1's OWN route re-run. ARITHMETIC CHECK, NOT independent verification.
============================================================================
  |F_49^*|=48  |F_7^* . mu_4|=12  index=4  F_49^* cyclic=True  => m1's 48/12=4 REPRODUCED

============================================================================
CONSEQUENCES measured on the carrier's own Dirichlet coefficients
============================================================================
  class group = <(5, -2, 10)>, discrete logs {(1, 0, 49): 0, (5, -2, 10): 1, (2, 2, 25): 2, (5, 2, 10): 3}
  GENUS character leg:  b2(n) == (chi_-7 * chi_28)(n) for all n<=800 : True   (mismatches 0)
  TRIVIAL character leg: b0(n) == ((1 * chi_-4) * g)(n) for all n<=800 : True   with g supported on powers of 7, g(1),g(7),g(49),g(343) = [1, 0, 7, 0]  => finite Euler factor 1 + 7*7^(-2s)
  D=-196 h=4 [TARGET Z/4]
      character real    : split primes tested 51, b(p)=0 among them 0
      character real    : split primes tested 51, b(p)=0 among them 0
      character order-4 : split primes tested 51, b(p)=0 among them 28
      character order-4 : split primes tested 51, b(p)=0 among them 28
  D=-84 h=4 [CONTROL (Z/2)^2 -- every character real]
      character real    : split primes tested 49, b(p)=0 among them 0
      character real    : split primes tested 49, b(p)=0 among them 0
      character real    : split primes tested 49, b(p)=0 among them 0
      character real    : split primes tested 49, b(p)=0 among them 0
