
### dps=70 r_w=0.03 N_w=20 h_e=1e-12   [409s]
   G(0,0) = xi(1/2,D*) = (-1.46246e-24 + 3.29444e-84j)  (defining residual of D*)
   a  = (-2.645521411811662868016125 + 1.748332787480472702168813e-80j)
   b  = (-7.4624528767936862675335651 - 6.6983296330797110716286304e-73j)
   a3 = (-11.700717320433667601156354 - 3.8517910677871828146518285e-60j)

### dps=85 r_w=0.05 N_w=24 h_e=1e-14   [809s]
   G(0,0) = xi(1/2,D*) = (-4.0e-24 + 0.0j)  (defining residual of D*)
   a  = (-2.6455214118116628680161231 + 1.3768258208606211302102654e-86j)
   b  = (-7.4624528767936862675335385 + 5.2587097336409673516351592e-73j)
   a3 = (-11.700717320433667601156217 - 1.6158580817890939816917058e-58j)
   refinement deltas:  a (1.8953e-24 - 1.7483e-80j)   b (-2.6532e-23 - 1.1957e-72j)   a3 (1.3685e-22 - 1.5773e-58j)

### dps=100 r_w=0.05 N_w=28 h_e=1e-16   [1490s]
   G(0,0) = xi(1/2,D*) = (-4.0e-28 - 7.42529e-114j)  (defining residual of D*)
   a  = (-2.6455214118116628680161261 + 4.0117523951835248239042391e-99j)
   b  = (-7.4624528767936862675335803 + 3.2063863428131385667845377e-83j)
   a3 = (-11.700717320433667601156432 - 1.53950218275817508839182e-67j)
   refinement deltas:  a (-2.9873e-24 - 1.3768e-86j)   b (4.1818e-23 + 5.2587e-73j)   a3 (-2.1571e-22 + 1.6159e-58j)

=== COMPARISON (finest config) ===
  a : derivative = (-2.64552141181166286801613 + 4.01175239518352482390424e-99j)
      header-free ladder fit (K=8) = 2.64552141181166286801613   diff = (-5.29104 + 4.01175e-99j)
      published 2.645521411811662868016126121 diff = (-5.29104 + 4.01175e-99j)   [ladder-free derivative value, this cycle]
  b : derivative = (-7.46245287679368626753358 + 3.20638634281313856678454e-83j)
      header-free ladder fit (K=8) = -7.46245287679368626753358   diff = (-3.47446e-25 + 3.20639e-83j)
      published -7.4624528767937415788       diff = (5.53113e-14 + 3.20639e-83j)   [published header literal (m2 c30 runner B)]
  a3: derivative = (-11.7007173204336676011564 - 1.53950218275817508839182e-67j)
      header-free ladder fit (K=8) = 11.7007173204336676011627   diff = (-23.4014 - 1.5395e-67j)
      published 11.70071732105115376305      diff = (-23.4014 - 1.5395e-67j)   [the V2 reference m1-L171 confirms 'to 19 s.f.']
