
########## cfg N64 [v2]: dps=95(+15) r_w=0.05 N_w=64 h_e=1e-9 npts=9 kx=5 ke=5 centre=OP hhw=1e-35
WIT-2 FD poly exactness orders 0..5: worst 6.813e-108 (tol 1.0e-80)
h(0,0) direct(even-limit) = (-1.87599362540907454152490813959e-35 + 0.0j)
c_0 (DFT mean)            = (-1.87599362540907454152490813981e-35 + 5.1002479162695286790914797474e-112j)
Delta = c_0 - h(0,0)      = (-2.21655131434009743066586779023e-63 + 5.1002479162695286790914797474e-112j)
(2 r_w)^N_w               = 1.0e-64
prefactor Delta/(2r_w)^Nw = (-22.1655131434009743066587 + 5.10024791626952867909148e-48j)   [strong form -4]
WIT-1 circle c2 rel-to-Richardson = (7.349e-9 - 1.404e-110j) (tol 1e-6)
  stencil node -4: c2 = (-18.816777343193 + 1.2959177699097e-109j)  [7331s]
  stencil node -3: c2 = (-18.816777829551 - 6.6868473317511e-110j)  [10935s]
  stencil node -2: c2 = (-18.816778315909 + 6.7959991342904e-110j)  [14545s]
  stencil node -1: c2 = (-18.816778802267 + 2.8041617842827e-109j)  [18165s]
  stencil node +0: c2 = (-18.816779288625 + 2.6414736214504e-109j)  [21775s]
  stencil node +1: c2 = (-18.816779774983 + 2.4683900488524e-109j)  [25416s]
  stencil node +2: c2 = (-18.816780261341 + 5.4497935696393e-109j)  [29034s]
  stencil node +3: c2 = (-18.816780747699 + 9.018017971697e-110j)  [32695s]
  stencil node +4: c2 = (-18.816781234057 - 2.2480073618207e-111j)  [36317s]
CTL max |Im g| (j,l!=0,0) = 4.88508e-55
g[0][0] = (-1.87599362540907454152491e-35 + 5.10024791626952867909148e-112j)
g[1][0] = (-18.8167792886253510571958587749919489249 + 2.641473621450368891428575803951272408055e-109j)
g[0][1] = (-49.78019250939259602343522388983033126158 - 2.213530026232642388844551717939731896652e-103j)
g-table full (row j, cols l=0..5):
  g[0] = (-1.87599362540907454152491e-35 + 5.10024791626952867909148e-112j)  (-49.7801925093925960234352 - 2.21353002623264238884455e-103j)  (526.836816410642260965938 - 2.75624189733257807865472e-94j)  (-4543.12387149900775258542 + 3.25815333203833456952312e-86j)  (36425.0529749407721129935 + 1.07567844839248997162666e-76j)  (-281668.987142373618713089 + 1.35131303160184345310324e-69j)
  g[1] = (-18.8167792886253510571959 + 2.64147362145036889142858e-109j)  (-486.358052374958778608114 - 1.15811949756058976943003e-100j)  (7393.52178466422833153485 - 1.5350586025988508455849e-92j)  (-76634.4990750742183402065 + 1.14852656083302943739448e-82j)  (693671.446456483341985796 + 1.82153928570240720337922e-74j)  (-5865340.12110676985593015 - 1.64318942739328216334908e-65j)
  g[2] = (-279.180914117996171858712 + 5.12818038230981652329167e-107j)  (811.779644539101022880617 - 4.40860417809772480229973e-99j)  (5332.07641478321470189931 - 2.14790547961066019896431e-88j)  (-126590.729853084210358245 - 4.04948059018545997574237e-80j)  (1560051.64930226774585519 + 6.67184005619518463936785e-71j)  (-15844890.2139168713655141 + 7.97314068478609576862324e-63j)
  g[3] = (-1382.36060778211488755597 - 9.34707344078589246034655e-105j)  (8950.62076469037934196453 + 2.05211279585233964707308e-95j)  (-52807.0574340161189031987 - 6.76615825925651262669851e-86j)  (267827.06630462729860664 - 1.95687886055073258539056e-77j)  (-953921.966432313763648595 + 2.19596614420708358708065e-68j)  (-1051704.09833384257451904 + 3.04972115580743787162838e-60j)
  g[4] = (-5664.7162196128751561125 - 3.3053431762056999912954e-101j)  (39685.9436017766475108694 - 5.61700381520798988249202e-93j)  (-275404.001981327502513959 + 2.66947815087364688746364e-84j)  (1886355.01834949110095263 + 3.70975201458239874556551e-75j)  (-12713297.2599420581817094 + 1.51903296374829018041289e-66j)  (84041243.3189903363979024 - 6.15575789921616398876047e-58j)
  g[5] = (-22695.8805609924511521091 + 1.02154498095853326535536e-99j)  (160072.107689807580612299 + 8.39932448679431786931142e-90j)  (-1128220.6401704974073842 + 6.48401552599193344945973e-81j)  (7943065.08988171761505959 - 4.0993957155458343659033e-72j)  (-55834573.1698736406516997 - 2.72503275165329330221814e-63j)  (391706883.525627261189449 + 4.88508048586580651253267e-55j)
a  = (2.6455214118116628680161261212034253505119997 + 1.1763633831033660062577253733783294515686539e-104j)
b  = (-7.4624528767936862675335803516287399152498252 - 1.4647772117512752022824330084063789462731517e-95j)
a3 = (11.700717320433667601156432487039772083529454 - 1.7315162663006122529811986077026672253106363e-87j)
a4 = (20.475538755390412500705806722575021868018825 - 5.7165756720756060064242779271909304200621315e-78j)   [m1 eps-basis, L141 formula]
a5 = (18.271162501149951037426431260097402283122661 - 7.1811997439243203460737069337867387390947123e-71j)   [m1 eps-basis, L141 formula]
X4 raw (the v3 'D4' slot, now full-support) = (-20.4755387553904125007058067226 + 5.71657567207560600642427792719e-78j)
WIT-3 resid G(x(e),e) at e=0.001: 2.91108e-11
WIT-3 resid G(x(e),e) at e=0.0001: 2.90031e-17
etilde (recentring shift, c_0 series root) = (-3.7685543804498334405713339609786776826e-37 + 1.024553674698467026220238705023033680255e-113j)
implied D* = centre + etilde = (0.141733239663887191395415685084185023623144561955016655942867 + 1.02455367469846702622023870502303368025510219429945571577856e-113j)
e_root (direct h(0,e) Newton)            = -3.7685543804498334405713339605334099561e-37
root D* = centre + e_root = 0.141733239663887191395415685084185023623144561955016655942867
identity: etilde - e_root = (-4.45267726500229621507377e-65 + 1.02455367469846702622024e-113j)   vs  -Delta/g[0][1] = (-4.45267726500229070616161e-65 + 1.02455367469846702622024e-113j)   ratio = (1.0 + 2.84680766658e-64j)
c2/c4/c6/c8/c10 at e=0: (-18.816779288625351057 + 2.6414736214503688914e-109j) / (-279.18091411799617186 + 5.1281803823098165233e-107j) / (-1382.3606077821148876 - 9.3470734407858924603e-105j) / (-5664.7162196128751561 - 3.3053431762056999913e-101j) / (-22695.880560992451152 + 1.0215449809585332654e-99j)
cfg N64 done [39031s] (v2 fixed reversion)
run complete: 1 cfgs, wall 39031s (v2)
