# arm=gen0-baseline  range=(53a3b46, HEAD]  files=45  excluded_md=5
#   EXCLUDED: BEAST-c32-adjudication-F-is-NOT-frozen-two-header-constants-are-dead-and-the-gate-defect-was-mine.md
#   EXCLUDED: data/machine1_l171_section5_variants.md
#   EXCLUDED: data/machine1_l172_user_message_verbatim.md
#   EXCLUDED: data/machine2_c31_freeze_addendum.md
#   EXCLUDED: sapiens-oversight-letter-4.md

## m1
   files=20 lines=2003 fals=90 conf=170
   buckets: SELF=35 CROSS=3 BOTH=6 UNATTRIBUTED=46
   [U-DROP ] M1=0.4889 M2=0.2045 M3=44.933 NC=0.4235
   [U-SELF ] M1=1.0000 M2=0.1000 M3=44.933 NC=0.4235
   [U-SPLIT] M1=1.0000 M2=0.2045 M3=44.933 NC=0.4235

## m2
   files=13 lines=2113 fals=110 conf=108
   buckets: SELF=44 CROSS=12 BOTH=4 UNATTRIBUTED=50
   [U-DROP ] M1=0.5455 M2=0.2667 M3=52.059 NC=0.4352
   [U-SELF ] M1=1.0000 M2=0.1455 M3=52.059 NC=0.4352
   [U-SPLIT] M1=1.0000 M2=0.2667 M3=52.059 NC=0.4352

## m3
   files=12 lines=659 fals=12 conf=41
   buckets: SELF=0 CROSS=1 BOTH=0 UNATTRIBUTED=11
   [U-DROP ] M1=0.0833 M2=1.0000 M3=18.209 NC=0.3415
   [U-SELF ] M1=1.0000 M2=0.0833 M3=18.209 NC=0.3415
   [U-SPLIT] M1=1.0000 M2=1.0000 M3=18.209 NC=0.3415

## POOLED
   files=45 lines=4775 fals=212 conf=319
   buckets: SELF=79 CROSS=16 BOTH=10 UNATTRIBUTED=107
   [U-DROP ] M1=0.4953 M2=0.2476 M3=44.398 NC=0.4169
   [U-SELF ] M1=1.0000 M2=0.1226 M3=44.398 NC=0.4169
   [U-SPLIT] M1=1.0000 M2=0.2476 M3=44.398 NC=0.4169
