
### cfg E7: dps=110 guard=30 r_w=0.04 N_w=64 npts=17 h_e=1e-7   [405s]
   controls: max|odd c_k|/|c_0| = 2.72e-108   max|Im g|/|g| = 1.034e-48
   G(0,0) = xi_D(1/2,D*) = -1.41253e-35   (residual of the D* literal)
     a = 2.6455214118116628680161261212
     b = -7.46245287679368626753358035163
    a3 = 11.700717320433667601156432487
    a4 = -20.4755387553904125007058067226
    a5 = 18.2711625011499510374264312727
    a6 = -64.5504639041088266572855354966
    a7 = -94.4010332681698208452798269282

### cfg F7: dps=125 guard=30 r_w=0.045 N_w=72 npts=19 h_e=1e-7   [650s]
   controls: max|odd c_k|/|c_0| = 2.255e-123   max|Im g|/|g| = 6.741e-65
   G(0,0) = xi_D(1/2,D*) = -1.41253e-35   (residual of the D* literal)
     a = 2.6455214118116628680161261212    d(prev) = 1.8753e-70
     b = -7.46245287679368626753358035163    d(prev) = -2.6252e-69
    a3 = 11.700717320433667601156432487    d(prev) = 1.3541e-68
    a4 = -20.4755387553904125007058067226    d(prev) = -4.2915e-68
    a5 = 18.2711625011499510374264312727    d(prev) = 6.6112e-62
    a6 = -64.5504639041088266572855354966    d(prev) = -3.6442e-61
    a7 = -94.4010332681698208452798269282    d(prev) = -1.1292e-48
