29 nodes in 201s

### SYM  nodes -7..7
   g[0][0]=-5.316911983139663491615228e-44  etilde=1.41852517092902943709003731387e-45
     a rec = 2.645521411811662868016126121203425397383542061426116391601434494133988
     b rec = -7.46245287679368626753358035162874151331895741043853610897394876543302
    a3 rec = 11.70071732043366760115643248703981384933372610334784462847411819537944
    a4 rec = -20.4755387553904125007058067225760662898269862280151580693655622341008
    a5 rec = 18.27116250114995103742643127267003069845586184090892340631843063052153

### FWD  nodes 0..14
   g[0][0]=-5.316911983139663491615228e-44  etilde=1.41852517092902943709003731387e-45
     a rec = 2.645521411811662868016126121203425397383542061426116391601434494133988
     b rec = -7.462452876793686267533580351628741513318957410438536108973948765432981
    a3 rec = 11.70071732043366760115643248703981384933372610334784462847411766498804
    a4 rec = -20.47553875539041250070580672257606628982698622801515806515902453280305
    a5 rec = 18.27116250114995103742643127267003069845586184088731688697391100718431

### BWD  nodes -14..0
   g[0][0]=-5.316911983139663491615228e-44  etilde=1.41852517092902943709003731387e-45
     a rec = 2.645521411811662868016126121203425397383542061426116391601434494133988
     b rec = -7.462452876793686267533580351628741513318957410438536108973948765433058
    a3 rec = 11.70071732043366760115643248703981384933372610334784462847411766506555
    a4 rec = -20.47553875539041250070580672257606628982698622801515807357148239970507
    a5 rec = 18.27116250114995103742643127267003069845586184088732007709703069302124

=== P2'': FWD vs BWD (share only p=0), predicted EQUAL, no sign flip ===
    shared nodes: [0]
     a: fwd=2.645521411811662868016126  bwd=2.645521411811662868016126  same_sign=True  agree=+inf s.f.
     b: fwd=-7.46245287679368626753358  bwd=-7.46245287679368626753358  same_sign=True  agree=67.99 s.f.
    a3: fwd=11.70071732043366760115643  bwd=11.70071732043366760115643  same_sign=True  agree=65.18 s.f.
    a4: fwd=-20.47553875539041250070581  bwd=-20.47553875539041250070581  same_sign=True  agree=54.39 s.f.
    a5: fwd=18.27116250114995103742643  bwd=18.27116250114995103742643  same_sign=True  agree=51.76 s.f.

=== one-sided vs central: the FD-in-D channel this arm newly probes ===
     a FWD vs SYM: rel=0.0  (+inf s.f.)
     a BWD vs SYM: rel=0.0  (+inf s.f.)
     b FWD vs SYM: rel=5.22616e-69  (68.28 s.f.)
     b BWD vs SYM: rel=5.09216e-69  (68.29 s.f.)
    a3 FWD vs SYM: rel=4.53298e-62  (61.34 s.f.)
    a3 BWD vs SYM: rel=4.53232e-62  (61.34 s.f.)
    a4 FWD vs SYM: rel=2.05442e-55  (54.69 s.f.)
    a4 BWD vs SYM: rel=2.05412e-55  (54.69 s.f.)
    a5 FWD vs SYM: rel=1.18255e-48  (47.93 s.f.)
    a5 BWD vs SYM: rel=1.18237e-48  (47.93 s.f.)
