dps=  70  D* = 0.141733239663887191395415685084185023623144561955016655942867
          residual = 1.44892e-71   f'(D*) = -37.4819713608   residual/|f'| = 3.86566e-73   [6s]
dps=  90  D* = 0.141733239663887191395415685084185023623144561955016655942867
          residual = 1.74419e-90   f'(D*) = -37.4819713608   residual/|f'| = 4.65341e-92   [14s]
dps= 110  D* = 0.141733239663887191395415685084185023623144561955016655942867
          residual = 1.56544e-111   f'(D*) = -37.4819713608   residual/|f'| = 4.17652e-113   [19s]
dps= 130  D* = 0.141733239663887191395415685084185023623144561955016655942867
          residual = 3.60667e-131   f'(D*) = -37.4819713608   residual/|f'| = 9.62242e-133   [27s]
dps= 150  D* = 0.141733239663887191395415685084185023623144561955016655942867
          residual = 6.75688e-151   f'(D*) = -37.4819713608   residual/|f'| = 1.8027e-152   [43s]

## spread against the dps=150 determination (this is the error bar):
   dps=  70   D*-D*_150 = 5.19184e-73
   dps=  90   D*-D*_150 = 9.85318e-93
   dps= 110   D*-D*_150 = 6.53085e-113
   dps= 130   D*-D*_150 = 7.18811e-133
   dps= 150   D*-D*_150 = 0.0

## against the carried c33/c32 literal:
   dps=  70   D*-D*_literal = -3.76855438e-37
   dps=  90   D*-D*_literal = -3.76855438e-37
   dps= 110   D*-D*_literal = -3.76855438e-37
   dps= 130   D*-D*_literal = -3.76855438e-37
   dps= 150   D*-D*_literal = -3.76855438e-37

D*_refined (dps=150 determination, 80 digits):
  0.14173323966388719139541568508418502362314456195501665594286660394665904218970743
