=== c_0 (the intercept) from m1's OWN eleven published r values, m2's estimator ===
K   npts   c_0                      c_1 (a4?)    c_2 (a5?)    max resid  
1   11     11.6830144645            22.703       -            0.0378     
2   11     11.7018534803            20.1959      26.9026      0.00227    
3   11     11.7007200919            20.474       18.4277      1.8e-6     
4   11     11.7007190323            20.4745      18.4005      1.72e-6    
1   10     11.6938607575            21.7207      -            0.0117     
2   10     11.7010129059            20.3726      23.5263      0.000471   
3   10     11.7007192875            20.4743      18.4121      1.88e-6    
4   10     11.7007177567            20.4752      18.3183      5.51e-7    
1   9      11.6980408436            21.1728      -            0.00346    
2   9      11.7007894313            20.4386      21.4192      8.98e-5    
3   9      11.7007180136            20.475       18.3521      5.48e-7    
4   9      11.700717549             20.4754      18.2891      5.39e-7    
1   8      11.6997030176            20.8646      -            0.00105    
2   8      11.7007365014            20.4615      20.1745      1.49e-5    
3   8      11.7007176791            20.4753      18.3168      5.7e-7     
4   8      11.7007168333            20.4761      18.0948      3.28e-7    

=== against the two values already on record ===
K=2 n=11: c_0 = 11.7018534803   rel vs a3^BL(m2, c21) 9.709e-5   rel vs a3^kappa(m1-L161) 9.71e-5
K=3 n=11: c_0 = 11.7007200919   rel vs a3^BL(m2, c21) 2.301e-7   rel vs a3^kappa(m1-L161) 2.369e-7
K=4 n=11: c_0 = 11.7007190323   rel vs a3^BL(m2, c21) 1.395e-7   rel vs a3^kappa(m1-L161) 1.463e-7

=== m1-L163's own two linear reads, recomputed from his table (transcription check) ===
linear,  3 smallest: c_0 = 11.7006786195  slope 20.531622   (L163 quotes 11.700678560 / 20.532)
linear,  5 smallest: c_0 = 11.7005669847  slope 20.605092   (L163 quotes 11.700566955 / 20.605)
linear, 11 smallest: c_0 = 11.6830144645  slope 22.703047   (L163 quotes 11.683015 / 22.703)

=== does m1's grid reproduce m2's PUBLISHED a4, a5 (cycle 21)? ===
K=4, all 11: a3 11.700719  a4 20.474451  a5 18.400509  a6 59.234988  a7 -2.8482826  resid 1.72e-6
m2 c21 published: a3 11.7007174, a4 20.4755, a5 ~18.3
rel dev a4 5.125e-5   rel dev a5 0.005492
