my published constants -> a_mine = 2.6455211439765270943  k_mine = 3.2530116163189624
m2 claims: a = 2.645521411811663  k = 3.25301178098799  b = -7.46245287679

(1) A(1/2, e^g/(4pi))  = 2.960374277531380865871655e-19
    m2 value           = 2.9601861097249e-19
(2) A(1/2, m2 Dstar)   = 1.881678214616402831323782e-23
    newton it0: A=1.8816782e-23 step=-3.7799738e-25
    newton it1: A=-7.0178321e-45 step=1.409764e-46
    newton it2: A=9.9466008e-46 step=-1.9981041e-47
(3) my Dstar  = 0.14173323966388719139541568508424243
    m2 Dstar  = 0.14173323966388719139541530708686641
    e^g/4pi   = 0.14173323966388719138946879310110513
    me-m2     = 3.7799738e-25
    me-C5     = 5.946892e-21
    C5-m2     = -5.946514e-21   [m2 printed 5.946514e-21]
    D=0.1428571429  x=0.0011239  y=0.0546145849045477027  |Im|=0.0
    D=0.145  x=0.00326676  y=0.0933934248142641435  |Im|=0.0
    D=0.15  x=0.00826676  y=0.14962144562347879  |Im|=0.0
    D=0.1419332397  x=0.0002  y=0.0230087564660915475  |Im|=0.0
    D=0.1417832397  x=5.0e-5  y=0.0115019445393156357  |Im|=0.0
    D=0.1417452397  x=1.2e-5  y=0.00563447704362822627  |Im|=0.0
    D=0.1417362397  x=3.0e-6  y=0.00281720276122021447  |Im|=0.0
    D=0.1417340397  x=8.0e-7  y=0.00145479273624292001  |Im|=0.0
    D=0.1417334897  x=2.5e-7  y=0.000813253231998744251  |Im|=0.0

(4) 2-param fit [full, 9 zeros]:
    a_fit = 2.64524310044665369   k_fit = 3.252840666523126
    b_fit = -7.59410524278463827   [m2: -7.46245287679]

(4) 2-param fit [small-x, 6 zeros]:
    a_fit = 2.64552130278866124   k_fit = 3.253011713959027
    b_fit = -7.46533856901347572   [m2: -7.46245287679]
(4) 3-param fit [full]: a = 2.64552199678894531  b = -7.46164484924008204  d = 11.960452
    a_mine(from published A_D,A_ss) = 2.64552114397652709
    a_m2 = 2.645521411811663
(5) y(1/7) = 0.054614584740162026
(5) y(0.15) = 0.149621445957926652
    m2 measured: y(1/7) = 0.054614584740162  y(0.15) = 0.149621445957927

total 1427s
