ANCHOR ANCHOR-0  got 0.000020004746865698620975  want 2.0004746865698620975e-5  rel 1.761e-21  PASS
ANCHOR ANCHOR-D  got 0.000019160562986370759475  want 1.9160562986370759475e-5  rel 1.226e-20  PASS
ANCHOR S3launch  got 0.000012965524199220302938  want 1.2965524199220303e-5  rel 4.775e-18  PASS
launch  lam_min 0.000012965524199220302938  gap 0.0001050479766
launch' lam_min 9.8654427832351134061e-6  gap 0.0001153688642

rung       d_a      d_b            lam_min EXACT              shift     ovl_v0     ovl_v1
R0         0.1      0.0     1.165051668759143e-5    -1.315007512e-6   0.999939 0.00236059
R1         0.0 0.223489     1.389172444057775e-5     9.262002414e-7    0.99989  0.0141167
R2         0.1 0.223489     1.223477825548121e-5    -7.307459437e-7   0.999531  0.0245111
R1b        0.0      0.3     1.475446688069103e-5     1.788942681e-6   0.999495  0.0303269
R3         0.1      0.3     1.258819770834072e-5    -3.773264909e-7   0.998266  0.0518944
R1e        0.0      0.4     1.632606657277594e-5     3.360542374e-6    0.99646  0.0808254
R3b        0.1      0.4     1.165389466263725e-5    -1.311629537e-6    0.98647   0.151932
R0s        0.1      0.0      9.11294376365016e-6    -7.524990196e-7   0.999914  0.0121409
R1d        0.0      0.1     9.768047188740425e-6    -9.739559449e-8        1.0 0.000623638
R4         0.1      0.1     9.023023350460121e-6    -8.424194328e-7   0.999906   0.012928

rung              s_A              s_B                D        R_c  |D|/|sh|%      D/X_2nd
R2      -1.3150075e-6     9.2620024e-7    -3.4193867e-7 0.1702170025  46.793099    2.2442921
R3      -1.3150075e-6     1.7889427e-6    -8.5126166e-7 0.2737108259  225.60347    2.9849794
R3b     -1.3150075e-6     3.3605424e-6    -3.3571644e-6 0.5629017757  255.95371    6.3026378
R4      -7.5249902e-7    -9.7395594e-8     7.4751813e-9 0.01041772541 0.88734673    1.0998638

PRIMARY ratio (cancellation defect fraction)/(ordinary opposing) = 0.20741303

rung     |ty4-exact| band=2|ty6-ty4|          ratio          r          t tripwire
R0      5.7084684e-9   1.1309066e-8     0.50476922 0.00944832 0.00953844       OK
R1       3.967267e-8   7.6248316e-8     0.52030881  0.0390322  0.0406176       OK
R2       5.671831e-8   1.0951783e-7     0.51789109   0.034546  0.0357822       OK
R1b     2.7558116e-7   5.1119188e-7     0.53909535  0.0725203  0.0781907       OK
R3      3.7543338e-7   6.9831378e-7     0.53762848  0.0699898   0.075257       OK
R1e     2.1595516e-6   3.6909989e-6     0.58508595   0.145425   0.170172       OK
R3b     3.6009143e-6   6.1432564e-6     0.58615726   0.146987   0.172315       OK
R0s     1.7680862e-9   3.5164657e-9     0.50280206 0.00557289 0.00560412       OK
R1d    2.0638675e-10  4.1066973e-10     0.50256139 0.00509667 0.00512278       OK
R4       1.937118e-9   3.8534293e-9     0.50269977 0.00537053 0.00539953       OK

scored in 25.7s
