m1 derivative route v3: dps=60(+10) r_w=0.05 N_w=16 h_e=1.0e-9 npts=9 kx=3 ke=4 zcut=172.694
evaluator: heat72 zeta2_C formula, deep-tail zcut; D* = 0.141733239663887191395415685084185024
WIT-2 FD order 0: poly est 3.0 true 3.0 err 0.0
WIT-2 FD order 1: poly est 0.57142857142857142857 true 0.57142857142857142857 err 1.105e-69
WIT-2 FD order 2: poly est 0.20408163265306122449 true 0.20408163265306122449 err 3.486e-70
WIT-2 FD order 3: poly est 0.10495626822157434402 true 0.10495626822157434402 err 1.342e-68
WIT-2 FD order 4: poly est 0.069970845481049562682 true 0.069970845481049562682 err 1.339e-68
CTL evenness |d_w h|_0 = 2.38129e-17
CTL fold residual h(0,0) [even limit] = -1.87618e-35 + 0.0 i
WIT-1 real-axis c2: hh=1e-3 (-18.817058470922 + 0.0j) | hh=1e-2 (-18.84471120931 + 0.0j) | Richardson (-18.816779150332 + 0.0j)
WIT-1 circle   c2 at e=0: (-18.816779288625 - 1.883581248396e-69j)   (circle - rich = (-1.38293e-7 - 1.88358e-69j), rel (7.349e-9 + 1.001e-70j))
WIT-1 circle   c4/c6 at e=0: (-279.180914118 + 7.60387260891e-67j) / (-1382.36060778 + 7.59645419661e-64j)
  stencil e-node -4 done: c2(e) = (-18.816777343193 + 3.6811335455431e-69j)  [476s]
  stencil e-node -3 done: c2(e) = (-18.816777829551 + 1.0798897301501e-69j)  [692s]
  stencil e-node -2 done: c2(e) = (-18.816778315909 + 3.110625763577e-69j)  [907s]
  stencil e-node -1 done: c2(e) = (-18.816778802267 - 2.4563529501317e-69j)  [1124s]
  stencil e-node +0 done: c2(e) = (-18.816779288625 - 1.883581248396e-69j)  [1345s]
  stencil e-node +1 done: c2(e) = (-18.816779774983 - 2.4495611908226e-69j)  [1563s]
  stencil e-node +2 done: c2(e) = (-18.816780261341 - 4.9104419804938e-69j)  [1781s]
  stencil e-node +3 done: c2(e) = (-18.816780747699 - 4.9353450979606e-70j)  [1998s]
  stencil e-node +4 done: c2(e) = (-18.816781234057 + 5.433407447296e-71j)  [2214s]
CTL max |Im g_jl| (j,l != 0,0) = 4.39379e-28
g10 = (-18.8167792886253599234086427712 - 1.8835812483959561724418968125e-69j)   g01 = (-49.7801925093925803845266143648 + 6.96155329184803513252263545487e-63j)   g11 = (-486.358052374958716052479135606 + 1.56265984046970261635595012487e-60j)   g02 = (526.836816410642150625496086139 + 1.76006286381779300940530665265e-53j)
a quick witness g01/g10 = (2.645521411811661 - 3.699654530736183e-64j)  vs A17 2.645521411811663 (diff (-2.10963e-15 - 3.69965e-64j))
  series-solve residual G(x(e),e) at e=0.0001: 1.28841e-13
  series-solve residual G(x(e),e) at e=0.001: 1.28179e-8
  series-solve residual G(x(e),e) at e=0.01: 0.000980502

a  = (2.64552141181166079036703582774 - 3.69965453073618316841745510149e-64j)
b  = (-7.46245287679360120222517372996 + 9.35368619715622385838657511071e-55j)
a3 = (11.7007173204313486662476372807 + 1.4631902856115927017400920137e-46j)
D4 witness = (14725.652175546936039 - 3.5925992828465449475e-37j)

a  - A17(operative)      = (-2.109633e-15 - 3.6996545e-64j)
a  - m2 der-route        = (-2.0776491e-15 - 3.6996545e-64j)
b  - header literal      = (1.4037657e-13 + 9.3536862e-55j)   (b wrong-from claim: +5.53113e-14)
b  - m2 der-route        = (8.5065308e-14 + 9.3536862e-55j)
a3 - header literal      = (-6.198051e-10 + 1.4631903e-46j)   (a3 wrong-from claim: -6.17486e-10)
a3 - m2 der-route        = (-2.3189349e-12 + 1.4631903e-46j)
a3 - m2 ladder-free      = (-2.3189349e-12 + 1.4631903e-46j)

closing e=0.0001: u_pred=(0.0162673530710465038 + 1.10424046804773457e-51j) u_pub=0.0162673531163708154  du=(-4.53243e-11 + 1.10424e-51j) (rel (-2.78621e-9 + 6.78808e-50j))
closing e=0.00015: u_pred=(0.0199247622067751794 + 4.56406532264503412e-51j) u_pub=0.0199247623941106353  du=(-1.87335e-10 + 4.56407e-51j) (rel (-9.40214e-9 + 2.29065e-49j))
closing e=0.00022: u_pred=(0.0241324674124159225 + 1.74368721022131107e-50j) u_pub=0.02413246812812596  du=(-7.1571e-10 + 1.74369e-50j) (rel (-2.96576e-8 + 7.22548e-49j))
closing e=0.00033: u_pred=(0.0295606998034587756 + 7.20643323839582506e-50j) u_pub=0.0295607027613976936  du=(-2.95794e-9 + 7.20643e-50j) (rel (-1.00063e-7 + 2.43784e-48j))
closing e=0.0005: u_pred=(0.0363954236321193667 + 3.0846960368418321e-49j) u_pub=0.0363954362935105926  du=(-1.26614e-8 + 3.0847e-49j) (rel (-3.47884e-7 + 8.4755e-48j))
closing e=0.00075: u_pred=(0.0445907946279686507 + 1.27461451808634056e-48j) u_pub=0.0445908469455896173  du=(-5.23176e-8 + 1.27461e-48j) (rel (-1.17328e-6 + 2.85847e-47j))

wall 2214s; no proof claim; determination measurement, not scored
