Delta* (root of zeta2(1/2,.)) = 0.14173323966388719139541568508418502
Delta* = e^gamma/(4pi)        = 0.14173323966388719138946879310110513
agreement: 19.3772 digits
v=0.0001       real  u^2=0.00026447752835106829914    u^2/v=2.64477528351068299
v=3.0e-5       real  u^2=0.000079358926462663554632   u^2/v=2.64529754875545182
v=1.0e-5       real  u^2=0.000026454467884529461878   u^2/v=2.64544678845294619
v=3.0e-6       real  u^2=7.93649707367501517e-6       u^2/v=2.64549902455833839
v=1.0e-6       real  u^2=2.6455139493704867712e-6     u^2/v=2.64551394937048677
v=3.0e-7       real  u^2=7.9365575192305586817e-7     u^2/v=2.64551917307685289
v=1.0e-7       real  u^2=2.6455206655664921958e-7     u^2/v=2.6455206655664922
v=-0.0001      line  u^2=-0.00026462677741269928075   u^2/v=2.64626777412699281
v=-3.0e-5      line  u^2=-0.00007937235887787495364   u^2/v=2.64574529592916512
v=-1.0e-5      line  u^2=-0.000026455960375105230126  u^2/v=2.64559603751052301
v=-3.0e-6      line  u^2=-7.9366313978268007734e-6    u^2/v=2.64554379927560026
v=-1.0e-6      line  u^2=-2.6455288742762403995e-6    u^2/v=2.6455288742762404
v=-3.0e-7      line  u^2=-7.9365709516457369137e-7    u^2/v=2.64552365054857897
v=-1.0e-7      line  u^2=-2.6455221580570675546e-7    u^2/v=2.64552215805706755
fit pooled     a = 2.6455214302153871       b = -7.46245306429         k_implied = 2*sqrt(a) = 3.25301179230287   c2_eff = b/(2a^2) = -0.533125
fit real side  a = 2.64552140614661843      b = -7.461286254           k_implied = 2*sqrt(a) = 3.25301177750504   c2_eff = b/(2a^2) = -0.53304165
fit line side  a = 2.64552140614425856      b = -7.46361990553         k_implied = 2*sqrt(a) = 3.25301177750359   c2_eff = b/(2a^2) = -0.53320837
k (m1 analytic) = 3.25301161631896 ;  a_pred = k^2/4 = 2.64552114397652

== fold derivatives at (1/2, Delta*) ==
Lambda  A_ss=-14.16808467     A_ssss=-763.7232654     A_D=-18.74098568   A_DD=264.4543471    A_ssD=-28.44233527  
        a=2.64552141181166      b(m1's c2 term only)=-31.43881679      b(full)=-7.462452877      c2_full=-0.5331249948
        m1's c2 = -A_ssss/(24 A_ss) = -2.246020084
zeta2   A_ss=-37.63355858     A_ssss=-6700.341939     A_D=-49.78019251   A_DD=1053.673633    A_ssD=-972.7161047  
        a=2.64552141181166      b(m1's c2 term only)=-103.8395974      b(full)=-7.462452877      c2_full=-0.5331249948
        m1's c2 = -A_ssss/(24 A_ss) = -7.418403273

wrote fold_results3.json
