
########## cfg A: dps=90(+15) r_w=0.04 N_w=40 h_e=1e-7 npts=11 kx=5 ke=5 centre=M2 hhw=1e-40
WIT-2 FD poly exactness orders 0..5: worst 1.474e-100 (tol 1.0e-75)
h(0,0) direct(even-limit) = (1.61144370845843174475194190098e-67 + 0.0j)
c_0 (DFT mean)            = (-2.94630456229370285558789567361e-43 + 3.7470046592071726335208472703e-107j)
Delta = c_0 - h(0,0)      = (-2.94630456229370285558789728506e-43 + 3.7470046592071726335208472703e-107j)
(2 r_w)^N_w               = 1.3292279957849158729e-44
prefactor Delta/(2r_w)^Nw = (-22.1655319601803531748342 + 2.81893299801780610159686e-63j)   [strong form -4]
WIT-1 circle c2 rel-to-Richardson = (7.349e-9 - 5.291e-105j) (tol 1e-6)
  stencil node -5: c2 = (-18.816536107751 + 1.6403705124435e-103j)  [3767s]
  stencil node -4: c2 = (-18.816584744221 + 6.6713033499673e-104j)  [5607s]
  stencil node -3: c2 = (-18.816633380544 + 4.9280605277893e-104j)  [7449s]
  stencil node -2: c2 = (-18.816682016719 + 8.3036348342329e-104j)  [9294s]
  stencil node -1: c2 = (-18.816730652746 + 1.3064919591009e-103j)  [11138s]
  stencil node +0: c2 = (-18.816779288625 + 9.9566770351602e-104j)  [12987s]
  stencil node +1: c2 = (-18.816827924357 + 1.3088082892538e-103j)  [14833s]
  stencil node +2: c2 = (-18.81687655994 + 6.4587459947541e-104j)  [16679s]
  stencil node +3: c2 = (-18.816925195376 + 1.9748485865315e-103j)  [18522s]
  stencil node +4: c2 = (-18.816973830663 + 7.9692657639167e-104j)  [20370s]
  stencil node +5: c2 = (-18.817022465803 + 5.8622228530083e-104j)  [22218s]
CTL max |Im g| (j,l!=0,0) = 6.16204e-59
g[0][0] = (-2.9463045622937028555879e-43 + 3.74700465920717263352085e-107j)
g[1][0] = (-18.81677928862535105719585877499194874161 + 9.956677035160179382614632488353787096857e-104j)
g[0][1] = (-49.78019250939259602343522388983033165866 - 2.960241819436269762087054360772367138192e-100j)
a  = (2.6455214118116628680161261212034253973835418 + 1.5745924603877425402537897170852213630448171e-101j)
b  = (27.998246051018543901959130974411693062648163 - 8.1297484678778392279608978946912125893592801e-94j)
a3 = (241.44003614079182001273050830823802551618751 - 3.2894972867307788243610969738762909219846552e-89j)
a4 = (-1935.7751088125657299894535484921219250118034 - 3.4785807731331918033070275326384602366736663e-80j)   [m1 eps-basis, L141 formula]
a5 = (14969.032841483192200605044741948604461257654 + 1.8988057324611482581430058246410358026545461e-75j)   [m1 eps-basis, L141 formula]
X4 raw (the v3 'D4' slot, now full-support) = (1935.77510881256572998945354849 + 3.47858077313319180330702753264e-80j)
WIT-3 resid G(x(e),e) at e=0.001: 0.000629148
WIT-3 resid G(x(e),e) at e=0.0001: 6.63324e-6
etilde (recentring shift, c_0 series root) = (-5.91862830128226203448238209894702369708e-45 + 7.527099575800520614869454281533577552324e-109j)
implied D* = centre + etilde = (0.141733239663887191395415685084185023623144556036388354660605 + 7.527099575800520614869454281533577552324371166792311890134e-109j)
e_root (direct h(0,e) Newton)            = 2.835266734251457761659916625917293047984e-69
root D* = centre + e_root = 0.141733239663887191395415685084185023623144561955016655942867
identity: etilde - e_root = (-5.91862830128226203448238e-45 + 7.52709957580052061486945e-109j)   vs  -Delta/g[0][1] = (-5.91862830128226203448239e-45 + 7.52709957580052061486945e-109j)   ratio = (1.0 - 8.63477777231e-90j)
ACCEPT m2 cfgA g00 rel diff = (4.54138 - 7.04733e-64j)
ACCEPT m2 cfgA g10 rel diff = (0.32811 - 7.02754e-105j)
ACCEPT m2 cfgA g01 rel diff = (-2.32811 - 7.89778e-102j)
ACCEPT m2 cfgA etilde rel diff = (-5.17238 + 5.30629e-64j)
c2/c4/c6/c8/c10 at e=0: (-18.816779288625351057 + 9.9566770351601793826e-104j) / (-279.18091411799617186 - 2.7692887868860588192e-101j) / (-1382.3606077821148876 - 2.697450243426168958e-99j) / (-5664.7162196128751561 + 1.4817505662600807705e-95j) / (-22695.880560992451152 + 2.3251077447943333772e-93j)
cfg A done [25420s]

########## cfg B: dps=90(+15) r_w=0.04 N_w=24 h_e=1e-7 npts=11 kx=5 ke=5 centre=M2 hhw=1e-40
WIT-2 FD poly exactness orders 0..5: worst 1.474e-100 (tol 1.0e-75)
h(0,0) direct(even-limit) = (1.61144370845843174475194190098e-67 + 0.0j)
c_0 (DFT mean)            = (-1.04673765203731606771726995931e-25 + 1.4760927445361589162354852883e-106j)
Delta = c_0 - h(0,0)      = (-1.04673765203731606771726995931e-25 + 1.4760927445361589162354852883e-106j)
(2 r_w)^N_w               = 4.7223664828696452137e-27
prefactor Delta/(2r_w)^Nw = (-22.165531960180353065942 + 3.12574796956287930077776e-80j)   [strong form -4]
WIT-1 circle c2 rel-to-Richardson = (7.349e-9 + 1.991e-105j) (tol 1e-6)
  stencil node -5: c2 = (-18.816536107751 + 7.7647020186431e-104j)  [27709s]
