CERT u0 1.672e-37  G 7.586e-39  K200 1.953e-37  lam_min(K200,G) 1.1761206927485e-5

gamma_a  = 29.74812380764528515442463
gamma_b  = 35.26061987328243047394007   (cancellation site)
gamma_b' = 34.67923030189662027812064   (same-sign control site)
launch  lam_min = 0.000020004746865698620975   gap lam1-lam0 = 5.88105697061e-5
launch' lam_min = 0.000012476977651181365402   gap = 5.9346306721e-5
launch  spectrum ['2.0004747e-5', '7.8815317e-5', '0.00032479559', '0.0051119778', '0.020737534', '0.031582977', '0.83172356', '2.4193642']

f_a(delta_a=0.1) = -7.77892637869409366e-7
cancellation bracket: g(0.02)=-7.67038e-7  g(0.4)=5.09705e-6
delta_c (cancelling) = 0.164990457617287927457442   [98 bisections]
f_b(delta_c) = 7.77892637869409366e-7 ;  f_a+f_b = -7.1421429e-39  (depth 9.1814e-33 of |f_a|)
f_b(0.20) = 1.17150614272e-6   [ordinary opposing rung R3]
f_b(0.30) = 2.90060210674e-6   [exploratory rung R3b, predictor unconverged]
same-sign launch': f_a = -1.06882601372e-6  f_b' = -1.28541404247e-7

2nd order at R2: self_a -5.52449909e-8  self_b -1.324267209e-7  CROSS -6.1128597945e-8   |self sum|/|X| = 3.07011
2nd order at R3: self_a -5.52449909e-8  self_b -3.053937139e-7  CROSS -9.17757601056e-8
2nd order at R4: self_a -8.220575592e-8  self_b -2.37748344e-9  CROSS -5.74449787764e-9

rung       d_a        d_b                ty2                ty4                ty6       band(+-)
R0         0.1        0.0   1.92562483441e-5   1.91615490851e-5   1.91605642511e-5        1.97e-9
R1         0.0    0.16499   2.08276143713e-5   2.06350507453e-5   2.06266051389e-5       1.689e-8
R2         0.1    0.16499   1.99877782467e-5   1.96620850317e-5   1.96515942147e-5       2.098e-8
R1b        0.0        0.2   2.12537051201e-5   2.08016900598e-5   2.07716973875e-5       5.999e-8
R3         0.1        0.2   2.03481867891e-5   1.96953098976e-5   1.96589952865e-5       7.263e-8
R1e        0.0        0.3   2.30852454444e-5   1.56622394198e-5   1.14916731188e-5       8.341e-6
R3b        0.1        0.3   2.17581657135e-5   7.70210191826e-6  -1.30398334087e-6       1.801e-5
R0s        0.1        0.0   1.14276914742e-5   1.13156196324e-5   1.13145353022e-5       2.169e-9
R1d        0.0        0.1   1.23586667772e-5   1.23461910723e-5   1.23460820094e-5      2.181e-10
R4         0.1        0.1   1.13024053869e-5   1.11783773268e-5   1.11772029058e-5       2.349e-9
PRED R2   s_A -8.4319778e-7  s_B 6.3030388e-7  shift -3.4266183e-7  D -1.2976793e-7  R_c 0.08340992487  |D|/|shift| 37.870553%
PRED R3   s_A -8.4319778e-7  s_B 7.9694319e-7  shift -3.0943697e-7  D -2.6318238e-7  R_c 0.1350069489  |D|/|shift| 85.052017%
PRED R3b  s_A -8.4319778e-7  s_B -4.3425074e-6  shift -1.2302645e-5  D -7.1169397e-6  R_c 1.934742392  |D|/|shift| 57.848859%
PRED R4   s_A -1.161358e-6  s_B -1.3078658e-7  shift -1.2986003e-6  D -6.4557267e-9  R_c 0.005391600435  |D|/|shift| 0.49712961%

PT parameters (G-metric operator norm / launch gap):
   ratio_Pa_gap       34.581177
   ratio_Pb_dc_gap    56.078834
   ratio_Pb020_gap    84.778974
   ratio_Pb030_gap    214.07839
   ratio_Pbs_gap_s    19.389386

scored runner sha256: 0120a029173dafbe575a36a2f2376ad2ae836267bd31cb1debecb4c1aa263362
done 126.2s
