site built 12.3s  (launch lam_min 2.00047468657e-5)

LEG 1 (ten committed rungs)
rung           ratio              r   ident_relerr     ex_rel     r4_rel   r6_rel
R0    0.500642124548 0.00128260191469            0.0   1.23e-20   2.07e-20 7.73e-21
R1    0.511082634031 0.0216846225892            0.0   1.81e-20   1.76e-20 8.18e-21
R2     0.50955736541 0.0187562108974            0.0   1.08e-20   1.66e-20  1.2e-20
R1b   0.515710153002 0.0304631446762            0.0   1.27e-20   2.05e-20  1.4e-20
R3    0.514443615448 0.0280761875834            0.0   1.81e-20   2.22e-20 8.11e-21
R1e   0.542704819511 0.0786888525323            0.0   2.22e-20   1.21e-20 2.48e-20
R3b   0.541042357093 0.075857937101            0.0   1.62e-20   7.27e-22 1.21e-20
R0s   0.500172001324 0.000343884350896            0.0   1.61e-20   4.26e-20 1.76e-20
R1d   0.502257179794 0.00449407173194            0.0   3.81e-20   3.78e-20 3.69e-20
R4    0.500276902759 0.000553498987917            0.0   3.19e-20   1.84e-20  3.5e-20

LEG 2 (delta_b sweep, delta_a = 0.1) + boundary + single-leg check
d_b                 ratio              r   ident_relerr     ex_rel  ratio_rel
0.30       0.541042357093 0.075857937101            0.0   1.62e-20   6.36e-13
0.35        0.55650760075 0.101539674703            0.0   2.19e-20   1.06e-13
0.40       0.589067708757 0.151201139415            0.0   4.92e-21   2.41e-13
0.45       0.637172389224 0.215283009031            0.0   1.47e-21   3.07e-13
0.50        0.70522595888 0.291007380395       1.24e-46   3.31e-21   5.28e-13
0.55       0.838751794987  0.40387608946       1.04e-46   4.14e-21   1.93e-13
0.60        1.14884261642 0.564779376346       1.52e-46   2.82e-21   2.04e-12
0.70        4.98574951338  0.89971417564       7.03e-46   1.22e-20   9.57e-13
0.80        54.9050868889 0.990893375672       1.02e-46   1.12e-20   1.28e-13

delta_b* = 0.58139179348946  ->  ratio 0.9999999629  (want ~1)   r 0.4999999814  (want ~0.5)  ident_relerr 8.76e-47
single-leg (0, 0.1): r 0.008295735471  q 0.01565246939   (their q-table row 1: r 0.003392063 q 0.011620984)

WORST rel diffs vs their JSON: exact 3.81e-20  ty4 4.26e-20  ty6 3.69e-20  ratio 2.04e-12  r 2.67e-12
branch check: min ratio = 0.500172  (all > 0.5 -> same-sign branch held everywhere; overshoot form 0.5/(1+r) never triggered)
un-fail window check: max r = 0.99089338  (< 1.921 -> r in [1.921,2.0] window untouched)
heat81 done 75.9s
