
### cfg A: dps=90 guard=25 r_w=0.04 N_w=40 npts=15 h_e=1e-7 centre=REFINED [94s]
   controls: max|odd c_k|/|c_0| = 2.449e-92   max|Im g|/|g| = 2.315e-36
   G(0,0) = -5.316911983139663491615228e-44      g01 = 37.4819713608429
   etilde (this config's own centre offset) = 1.41852517093e-45
   implied D* = 0.141733239663887191395415685084185023623144560536491485013837
     a raw = 2.64552141181166286801612612120342539738354200093756282478649
     a rec = 2.64552141181166286801612612120342539738354206142611639160143    d(coeff)/dD* = -42.6418612841
     b raw = -7.46245287679368626753358035162874151331895676826059809284559
     b rec = -7.46245287679368626753358035162874151331895741043853610897395    d(coeff)/dD* = 452.708172669
    a3 raw = 11.7007173204336676011564324870398138493337230915816343433577
    a3 rec = 11.7007173204336676011564324870398138493337261033478446284741    d(coeff)/dD* = -2123.16726697
    a4 raw = -20.475538755390412500705806722576066289826976725349824158923
    a4 rec = -20.4755387553904125007058067225760662898269862280151580693656    d(coeff)/dD* = 6698.97547725
    a5 raw = 18.2711625011499510374264312726700306984558379814233949096843
    a5 rec = 18.2711625011499510374264312726700306984558618409089234063184    d(coeff)/dD* = -16819.9239728

### cfg Alit: dps=90 guard=25 r_w=0.04 N_w=40 npts=15 h_e=1e-7 centre=LITERAL [95s]
   controls: max|odd c_k|/|c_0| = 2.48e-92   max|Im g|/|g| = 1.469e-36
   G(0,0) = -1.412528478914908449190341e-35      g01 = 37.4819713608429
   etilde (this config's own centre offset) = 3.76855439464e-37
   implied D* = 0.141733239663887191395415685084185023623144560536491485013837
     a raw = 2.64552141181166286801612612120342538131372468765002069812669
     a rec = 2.64552141181166286801612612120342539738354206142611639160143    d(coeff)/dD* = -42.6418612841
     b raw = -7.46245287679368626753358035162874134271342005057609621587211
     b rec = -7.46245287679368626753358035162874151331895741043853610897395    d(coeff)/dD* = 452.708172669
    a3 raw = 11.7007173204336676011564324870398130492065926560072583051981
    a3 rec = 11.7007173204336676011564324870398138493337261033478446284741    d(coeff)/dD* = -2123.16726697
    a4 raw = -20.4755387553904125007058067225760637652816387950254734232419
    a4 rec = -20.4755387553904125007058067225760662898269862280151580693656    d(coeff)/dD* = 6698.97547725
    a5 raw = 18.2711625011499510374264312726700243597760213372676615715852
    a5 rec = 18.2711625011499510374264312726700306984558618409089234063198    d(coeff)/dD* = -16819.9239728

### cfg N56: dps=90 guard=25 r_w=0.04 N_w=56 npts=15 h_e=1e-7 centre=REFINED [132s]
   controls: max|odd c_k|/|c_0| = 2.49e-92   max|Im g|/|g| = 2.62e-32
   G(0,0) = -1.496577676626844587912256e-61      g01 = 37.4819713608429
   etilde (this config's own centre offset) = 3.99279339451e-63
   implied D* = 0.141733239663887191395415685084185023623144561955016655942867
     a raw = 2.64552141181166286801612612120342539738354204064936529629008
     a rec = 2.64552141181166286801612612120342539738354204064936529629008    d(coeff)/dD* = -42.6418612841
     b raw = -7.46245287679368626753358035162874151331895732417758730097893
     b rec = -7.46245287679368626753358035162874151331895732417758730097894    d(coeff)/dD* = 452.708172669
    a3 raw = 11.7007173204336676011564324870398138493337259591011850148002
    a3 rec = 11.7007173204336676011564324870398138493337259591011850148002    d(coeff)/dD* = -2123.16726697
    a4 raw = -20.4755387553904125007058067225760662898269858130522387940462
    a4 rec = -20.4755387553904125007058067225760662898269858130522387940463    d(coeff)/dD* = 6698.97547725
    a5 raw = 18.2711625011499510374264312726700306984558615952656518393252
    a5 rec = 18.2711625011499510374264312726700306984558615952656518393252    d(coeff)/dD* = -16819.9239728

### cfg P17: dps=90 guard=25 r_w=0.04 N_w=40 npts=17 h_e=1e-7 centre=REFINED [141s]
   controls: max|odd c_k|/|c_0| = 2.449e-92   max|Im g|/|g| = 2.956e-36
   G(0,0) = -5.316911983139663491615228e-44      g01 = 37.4819713608429
   etilde (this config's own centre offset) = 1.41852517093e-45
   implied D* = 0.141733239663887191395415685084185023623144560536491485013837
     a raw = 2.64552141181166286801612612120342539738354200093756282478649
     a rec = 2.64552141181166286801612612120342539738354206142611639160143    d(coeff)/dD* = -42.6418612841
     b raw = -7.46245287679368626753358035162874151331895676826059809284559
     b rec = -7.46245287679368626753358035162874151331895741043853610897395    d(coeff)/dD* = 452.708172669
    a3 raw = 11.7007173204336676011564324870398138493337230915816343433577
    a3 rec = 11.7007173204336676011564324870398138493337261033478446284741    d(coeff)/dD* = -2123.16726697
    a4 raw = -20.475538755390412500705806722576066289826976725349824158923
    a4 rec = -20.4755387553904125007058067225760662898269862280151580693656    d(coeff)/dD* = 6698.97547725
    a5 raw = 18.2711625011499510374264312726700306984558379814233928414415
    a5 rec = 18.2711625011499510374264312726700306984558618409089213380756    d(coeff)/dD* = -16819.9239728

### cfg H6: dps=90 guard=25 r_w=0.04 N_w=40 npts=15 h_e=1e-6 centre=REFINED [95s]
   controls: max|odd c_k|/|c_0| = 2.494e-92   max|Im g|/|g| = 5.473e-44
   G(0,0) = -5.316911983139663491615228e-44      g01 = 37.4819713608429
   etilde (this config's own centre offset) = 1.41852517093e-45
   implied D* = 0.141733239663887191395415685084185023623144560536491485013837
     a raw = 2.64552141181166286801612612120342539738354200093756282478649
     a rec = 2.64552141181166286801612612120342539738354206142611639160143    d(coeff)/dD* = -42.6418612841
     b raw = -7.46245287679368626753358035162874151331895676826059809284559
     b rec = -7.46245287679368626753358035162874151331895741043853610897395    d(coeff)/dD* = 452.708172669
    a3 raw = 11.7007173204336676011564324870398138493337230915816342914177
    a3 rec = 11.7007173204336676011564324870398138493337261033478445765341    d(coeff)/dD* = -2123.16726697
    a4 raw = -20.4755387553904125007058067225760662898269767253498238455158
    a4 rec = -20.4755387553904125007058067225760662898269862280151577559583    d(coeff)/dD* = 6698.97547725
    a5 raw = 18.2711625011499510374264312726700306984558586638498474658143
    a5 rec = 18.2711625011499510374264312726700306984558825233353759624484    d(coeff)/dD* = -16819.9239728

### cfg H8: dps=90 guard=25 r_w=0.04 N_w=40 npts=15 h_e=1e-8 centre=REFINED [95s]
   controls: max|odd c_k|/|c_0| = 2.469e-92   max|Im g|/|g| = 1.829e-29
   G(0,0) = -5.316911983139663491615228e-44      g01 = 37.4819713608429
   etilde (this config's own centre offset) = 1.41852517093e-45
   implied D* = 0.141733239663887191395415685084185023623144560536491485013837
     a raw = 2.64552141181166286801612612120342539738354200093756282478649
     a rec = 2.64552141181166286801612612120342539738354206142611639160143    d(coeff)/dD* = -42.6418612841
     b raw = -7.46245287679368626753358035162874151331895676826059809284559
     b rec = -7.46245287679368626753358035162874151331895741043853610897395    d(coeff)/dD* = 452.708172669
    a3 raw = 11.7007173204336676011564324870398138493337230915816343433577
    a3 rec = 11.7007173204336676011564324870398138493337261033478446284741    d(coeff)/dD* = -2123.16726697
    a4 raw = -20.4755387553904125007058067225760662898269767253498241589231
    a4 rec = -20.4755387553904125007058067225760662898269862280151580693656    d(coeff)/dD* = 6698.97547725
    a5 raw = 18.2711625011499510374264312726700306984558379814233927265774
    a5 rec = 18.2711625011499510374264312726700306984558618409089212232115    d(coeff)/dD* = -16819.9239728
