C1  g_a 23.016448609458621878  g_b 42.122896146531247353
     lam0 9.48794021782e-6  gap 0.00011101564  f_a -1.0062672e-6  PT_a 56.793
     d_b 0.165: PT_b 3.1037  f_b 1.85649e-7
     d_b 0.2: PT_b 4.7062  f_b 2.86414e-7
     d_b 0.25: PT_b 7.7901  f_b 4.89052e-7
     d_b 0.3: PT_b 12.081  f_b 7.88462e-7
     [17s]
C2  g_a 23.515050852130388599  g_b 45.666112081041079624
     lam0 3.67792405592e-6  gap 0.00012930982  f_a -3.1427383e-6  PT_a 53.17
     d_b 0.165: PT_b 3.3878  f_b -1.49046e-7
     d_b 0.2: PT_b 5.0178  f_b -2.15168e-7
     d_b 0.25: PT_b 7.9548  f_b -3.22268e-7
     d_b 0.3: PT_b 11.666  f_b -4.29735e-7
     [29s]
C3  g_a 39.252448585486583222  g_b 42.122896146531247353
     lam0 2.44813392376e-5  gap 0.00017711468  f_a 8.7926938e-8  PT_a 4.5183
     d_b 0.165: PT_b 1.9454  f_b 3.59385e-7
     d_b 0.2: PT_b 2.9498  f_b 5.47569e-7
     d_b 0.25: PT_b 4.8829  f_b 9.13968e-7
     d_b 0.3: PT_b 7.5723  f_b 1.4317e-6
     [40s]
C4  g_a 19.300211014512339692  g_b 42.122896146531247353
     lam0 7.33803678645e-6  gap 1.1341938e-5  f_a -6.777864e-6  PT_a 1122.3
     d_b 0.165: PT_b 30.379  f_b -4.39951e-8
     d_b 0.2: PT_b 46.065  f_b -6.69951e-8
     d_b 0.25: PT_b 76.25  f_b -1.11004e-7
     d_b 0.3: PT_b 118.25  f_b -1.70367e-7
     [52s]
C5  g_a 42.122896146531247353  g_b 46.25087178107259965
     lam0 1.3913985277e-5  gap 0.00018414906  f_a 1.2184416e-7  PT_a 0.65954
     d_b 0.165: PT_b 4.072  f_b -2.70511e-7
     d_b 0.2: PT_b 6.1741  f_b -4.02839e-7
     d_b 0.25: PT_b 10.202  f_b -6.45364e-7
     d_b 0.3: PT_b 15.742  f_b -9.60323e-7
     [63s]
C6  g_a 23.016448609458621878  g_b 45.666112081041079624
     lam0 9.86544278324e-6  gap 0.00011536886  f_a -6.2051466e-7  PT_a 54.65
     d_b 0.165: PT_b 3.7972  f_b -2.69495e-7
     d_b 0.2: PT_b 5.6241  f_b -4.01236e-7
     d_b 0.25: PT_b 8.9161  f_b -6.39454e-7
     d_b 0.3: PT_b 13.076  f_b -9.36751e-7
     [75s]

heat76 done 74.8s
