
########## cfg R: dps=60(+10) r_w=0.05 N_w=16 h_e=1e-9 npts=9 kx=3 ke=4 centre=OP hhw=1e-40
WIT-2 FD poly exactness orders 0..4: worst 1.342e-68 (tol 1.0e-45)
h(0,0) direct(even-limit) = (3.06886090143206751996054482316e-32 + 0.0j)
c_0 (DFT mean)            = (-2.216553194496727725782379417e-15 + 3.11288968334668237633125975624e-72j)
Delta = c_0 - h(0,0)      = (-2.21655319449672775647098843132e-15 + 3.11288968334668237633125975624e-72j)
(2 r_w)^N_w               = 1.0e-16
prefactor Delta/(2r_w)^Nw = (-22.1655319449672775647099 + 3.11288968334668237633126e-56j)   [strong form -4]
WIT-1 circle c2 rel-to-Richardson = (7.349e-9 + 5.198e-71j) (tol 1e-6)
  stencil node -4: c2 = (-18.816777343193 + 1.9379153228689e-69j)  [467s]
  stencil node -3: c2 = (-18.816777829551 - 7.3124608561526e-70j)  [683s]
  stencil node -2: c2 = (-18.816778315909 + 3.9392203992896e-70j)  [898s]
  stencil node -1: c2 = (-18.816778802267 + 5.9541089943286e-70j)  [1114s]
  stencil node +0: c2 = (-18.816779288625 - 9.7801334051328e-70j)  [1330s]
  stencil node +1: c2 = (-18.816779774983 + 2.6714253282539e-70j)  [1546s]
  stencil node +2: c2 = (-18.816780261341 - 3.2351413509108e-69j)  [1762s]
  stencil node +3: c2 = (-18.816780747699 + 2.223169213852e-69j)  [1977s]
  stencil node +4: c2 = (-18.816781234057 + 9.5990198235563e-70j)  [2193s]
CTL max |Im g| (j,l!=0,0) = 5.63813e-28
g[0][0] = (-2.21655319449672772578238e-15 + 3.11288968334668237633126e-72j)
g[1][0] = (-18.81677928862535992340864277124051053194 - 9.780133405132849356909848834158815123137e-70j)
g[0][1] = (-49.78019250939258038452661436483552934976 + 1.073845872907743514562325808768781112386e-62j)
a  = (2.6455214118116607903670358277399302684157533 - 5.7068540538837109038228010897222175986979997e-64j)
b  = (27.998246051018524845624198008282567116794424 + 3.0170824623948036877735496934570623836321077e-55j)
a3 = (241.44003614079166487637619320016904566613674 + 2.283352786470931901909679001807832363976295e-46j)
a4 = (-1935.7751088125645259703884997081547152049226 + 9.3778509389924142524921611774207840500175497e-38j)   [m1 eps-basis, L141 formula]
X4 raw (the v3 'D4' slot, now full-support) = (1935.77510881256452597038849971 - 9.37785093899241425249216117742e-38j)
WIT-3 resid G(x(e),e) at e=0.001: 0.000628887
WIT-3 resid G(x(e),e) at e=0.0001: 6.63321e-6
etilde (recentring shift, c_0 series root) = (-4.452681041919444235028690018278891223231e-17 + 6.253268716488051715454275886298720899408e-74j)
implied D* = centre + etilde = (0.141733239663887146868605265889742673713099817211087767687754 + 6.25326871648805171545427588629872089940780833270360138621194e-74j)
e_root (direct h(0,e) Newton)            = 5.399530359145481709079137040264201104503e-34
root D* = centre + e_root = 0.141733239663887191395415685084185563953035914548170907913704
identity: etilde - e_root = (-4.45268104191944428902399e-17 + 6.25326871648805171545428e-74j)   vs  -Delta/g[0][1] = (-4.45268104191944639495343e-17 + 6.25326871648803499805627e-74j)   ratio = (1.0 - 4.41867021586e-72j)
ACCEPT v3 a rel diff = -5.988e-37
ACCEPT v3 b rel diff = 4.752
ACCEPT v3 a3 rel diff = 19.63
ACCEPT v3 D4 rel diff = -0.8685
c2/c4/c6/c8/c10 at e=0: (-18.816779288625359923 - 9.7801334051328493569e-70j) / (-279.18091411799620732 + 5.2856187647295754747e-67j) / (-1382.3606077821150294 + 6.1721190347438691859e-64j) / n/a / n/a
cfg R done [3701s]

########## cfg N64: dps=95(+15) r_w=0.05 N_w=64 h_e=1e-9 npts=9 kx=5 ke=5 centre=OP hhw=1e-35
WIT-2 FD poly exactness orders 0..5: worst 6.813e-108 (tol 1.0e-80)
h(0,0) direct(even-limit) = (-1.87599362540907454152490813959e-35 + 0.0j)
c_0 (DFT mean)            = (-1.87599362540907454152490813981e-35 + 5.1002479162695286790914797474e-112j)
Delta = c_0 - h(0,0)      = (-2.21655131434009743066586779023e-63 + 5.1002479162695286790914797474e-112j)
(2 r_w)^N_w               = 1.0e-64
prefactor Delta/(2r_w)^Nw = (-22.1655131434009743066587 + 5.10024791626952867909148e-48j)   [strong form -4]
WIT-1 circle c2 rel-to-Richardson = (7.349e-9 - 1.404e-110j) (tol 1e-6)
  stencil node -4: c2 = (-18.816777343193 + 1.2959177699097e-109j)  [11003s]
  stencil node -3: c2 = (-18.816777829551 - 6.6868473317511e-110j)  [14606s]
  stencil node -2: c2 = (-18.816778315909 + 6.7959991342904e-110j)  [18201s]
  stencil node -1: c2 = (-18.816778802267 + 2.8041617842827e-109j)  [21802s]
  stencil node +0: c2 = (-18.816779288625 + 2.6414736214504e-109j)  [25414s]
  stencil node +1: c2 = (-18.816779774983 + 2.4683900488524e-109j)  [29022s]
  stencil node +2: c2 = (-18.816780261341 + 5.4497935696393e-109j)  [32638s]
  stencil node +3: c2 = (-18.816780747699 + 9.018017971697e-110j)  [36268s]
  stencil node +4: c2 = (-18.816781234057 - 2.2480073618207e-111j)  [39904s]
CTL max |Im g| (j,l!=0,0) = 4.88508e-55
g[0][0] = (-1.87599362540907454152491e-35 + 5.10024791626952867909148e-112j)
g[1][0] = (-18.8167792886253510571958587749919489249 + 2.641473621450368891428575803951272408055e-109j)
g[0][1] = (-49.78019250939259602343522388983033126158 - 2.213530026232642388844551717939731896652e-103j)
a  = (2.6455214118116628680161261212034253505119997 + 1.1763633831033660062577253733783294515686539e-104j)
b  = (27.998246051018543901959130974411692516964543 - 1.4647787780550939235127050367230153572847031e-95j)
a3 = (241.44003614079182001273050830823802024638777 - 1.7315148793863315167558350344596285620770426e-87j)
a4 = (-1935.7751088125657299894535484921218779503899 - 5.7165917285469368939362118685073703735458609e-78j)   [m1 eps-basis, L141 formula]
a5 = (14969.032841483192200605044741936038723883941 - 7.181425741751168970322142133084400583834733e-71j)   [m1 eps-basis, L141 formula]
X4 raw (the v3 'D4' slot, now full-support) = (1935.77510881256572998945354849 + 5.71659172854693689393621186851e-78j)
WIT-3 resid G(x(e),e) at e=0.001: 0.000629148
WIT-3 resid G(x(e),e) at e=0.0001: 6.63324e-6
etilde (recentring shift, c_0 series root) = (-3.7685543804498334405713339609786776826e-37 + 1.024553674698467026220238705023033680255e-113j)
implied D* = centre + etilde = (0.141733239663887191395415685084185023623144561955016655942867 + 1.02455367469846702622023870502303368025510219429945571577856e-113j)
e_root (direct h(0,e) Newton)            = -3.7685543804498334405713339605334099561e-37
root D* = centre + e_root = 0.141733239663887191395415685084185023623144561955016655942867
identity: etilde - e_root = (-4.45267726500229621507377e-65 + 1.02455367469846702622024e-113j)   vs  -Delta/g[0][1] = (-4.45267726500229070616161e-65 + 1.02455367469846702622024e-113j)   ratio = (1.0 + 2.84680766658e-64j)
c2/c4/c6/c8/c10 at e=0: (-18.816779288625351057 + 2.6414736214503688914e-109j) / (-279.18091411799617186 + 5.1281803823098165233e-107j) / (-1382.3606077821148876 - 9.3470734407858924603e-105j) / (-5664.7162196128751561 - 3.3053431762056999913e-101j) / (-22695.880560992451152 + 1.0215449809585332654e-99j)
cfg N64 done [42642s]
run complete: 2 cfgs, wall 42642s
