=== per-point uncertainty of r induced by the PUBLISHED digits of a and b ===
eps                        r (full precision)   d r|da      d r|db      total      
0.001                      11.72121119836262    5.0e-10     5.0e-9      5.5e-9     
0.0011239032               11.72375308209762    3.96e-10    4.45e-9     4.84e-9    
0.002                      11.74174199932051    1.25e-10    2.5e-9      2.62e-9    
0.0035                     11.7726082826645     4.08e-11    1.43e-9     1.47e-9    
0.006                      11.82424214138349    1.39e-11    8.33e-10    8.47e-10   
0.0082667603               11.87126832175009    7.32e-12    6.05e-10    6.12e-10   
0.012                      11.94916458731336    3.47e-12    4.17e-10    4.2e-10    
0.02                       12.11803995561295    1.25e-12    2.5e-10     2.51e-10   
0.035                      12.44240174080085    4.08e-13    1.43e-10    1.43e-10   
0.06                       13.00818558337866    1.39e-13    8.33e-11    8.35e-11   
0.1                        13.99111936029851    5.0e-14     5.0e-11     5.0e-11    

=== residual ladder on m2's full-precision r (11 points) ===
K    a3 = c_0             a4 = c_1     a5 = c_2     max resid  
2    11.701853574034      20.195918    26.902622    0.00227    
3    11.700720140979      20.474038    18.427376    1.73e-6    
4    11.70071897856       20.474502    18.397531    1.87e-6    
5    11.700717423345      20.475471    18.282405    4.31e-8    
6    11.700717379889      20.47551     18.27483     3.78e-8    
7    11.700717338533      20.475558    18.25985     3.95e-8    
8    11.70071748404       20.475339    18.360392    3.82e-8    

=== the same ladder with a and b PERTURBED by one published half-ulp ===
a + 5e-16     a3 moves 5.006e-10   (K=5 residual 4.32e-8)
b + 5e-12     a3 moves 5.422e-9   (K=5 residual 4.27e-8)
