
### A_fwd  dsign=1  dps=90 N_w=40 npts=15 h_e=1e-7  [94s]
   g[0][0] = -5.316911983139663491615228e-44
   g[1][0] = -14.16808467075497560605419228419387228304
   g[0][1] = 37.48197136084288173875936239044685802487
   etilde  = 1.41852517093e-45
     a rec = 2.645521411811662868016126121203425397383542061426116391601434494133988
     b rec = -7.46245287679368626753358035162874151331895741043853610897394876543302
    a3 rec = 11.70071732043366760115643248703981384933372610334784462847411819537944
    a4 rec = -20.4755387553904125007058067225760662898269862280151580693655622341008
    a5 rec = 18.27116250114995103742643127267003069845586184090892340631843063167151

### A_ref  dsign=-1  dps=90 N_w=40 npts=15 h_e=1e-7  [95s]
   g[0][0] = -5.316911983139663491615228e-44
   g[1][0] = -14.16808467075497560605419228419387228304
   g[0][1] = -37.48197136084288173875936239044685802487
   etilde  = -1.41852517093e-45
     a rec = -2.645521411811662868016126121203425397383542061426116391601434494133988
     b rec = -7.46245287679368626753358035162874151331895741043853610897394876543302
    a3 rec = -11.70071732043366760115643248703981384933372610334784462847411819537944
    a4 rec = -20.4755387553904125007058067225760662898269862280151580693655622341008
    a5 rec = -18.27116250114995103742643127267003069845586184090892340631843063167151

=== P2: reflected grid vs forward grid, predicted a_n -> (-1)^n a_n ===
     a: fwd=2.645521411811662868  ref=-2.645521411811662868  sign_ok=True  agree=+inf s.f.
     b: fwd=-7.4624528767936862675  ref=-7.4624528767936862675  sign_ok=True  agree=+inf s.f.
    a3: fwd=11.700717320433667601  ref=-11.700717320433667601  sign_ok=True  agree=+inf s.f.
    a4: fwd=-20.475538755390412501  ref=-20.475538755390412501  sign_ok=True  agree=+inf s.f.
    a5: fwd=18.271162501149951037  ref=-18.271162501149951037  sign_ok=True  agree=+inf s.f.

=== P4: my g[1][0] vs m3's published g[1][0] (letter170, 82547c4) ===
   mine = -14.16808467075497560605419228419387228304
   m3   = -14.1680846707549756060541923597517360089
   sign(mine) = -1.0   rel diff = 5.33296e-27   => 26.27 s.f.
   g[0][1]: mine = 37.48197136084288173875936   m3 = -37.48197136084288173875936   sum (should be ~0 if pure e-flip) = -3.02512e-38   rel = 8.07086e-40

=== cross-evaluator D* resolution actually delivered by 82547c4 ===
   m2 implied D* (cfg A, own recentring) = 0.141733239663887191395415685084185023623144560536491485013837
   m3 root-find D* (dps 60)              = 0.141733239663887191395415685084185023623144561955016655942867
   difference = -1.4185252e-45  (ABSOLUTE, in D)
   c34 ask threshold = 1e-77 ABSOLUTE  =>  ratio 1.41853e+32

=== P3: closed forms and their support ===

   a (order e^1): support m<= 1, terms [(0, 1), (1, 0)]
      -g_0_1/g_1_0

   b (order e^2): support m<= 2, terms [(0, 1), (0, 2), (1, 0), (1, 1), (2, 0)]
      (-g_0_1**2*g_2_0 + g_0_1*g_1_0*g_1_1 - g_0_2*g_1_0**2)/g_1_0**3

   a3 (order e^3): support m<= 3, terms [(0, 1), (0, 2), (0, 3), (1, 0), (1, 1), (1, 2), (2, 0), (2, 1), (3, 0)]
      (-2*g_0_1**3*g_2_0**2 + g_0_1**2*g_1_0*(g_0_1*g_3_0 + 3*g_1_1*g_2_0) - g_0_1*g_1_0**2*(g_0_1*g_2_1 + 2*g_0_2*g_2_0 + g_1_1**2) - g_0_3*g_1_0**4 + g_1_0**3*(g_0_1*g_1_2 + g_0_2*g_1_1))/g_1_0**5

   a4 (order e^4): support m<= 4, terms [(0, 1), (0, 2), (0, 3), (0, 4), (1, 0), (1, 1), (1, 2), (1, 3), (2, 0), (2, 1), (2, 2), (3, 0), (3, 1), (4, 0)]
      (-5*g_0_1**4*g_2_0**3 + 5*g_0_1**3*g_1_0*g_2_0*(g_0_1*g_3_0 + 2*g_1_1*g_2_0) - g_0_1**2*g_1_0**2*(g_0_1**2*g_4_0 + 4*g_0_1*g_1_1*g_3_0 + 4*g_0_1*g_2_0*g_2_1 + 6*g_0_2*g_2_0**2 + 6*g_1_1**2*g_2_0) + g_0_1*g_1_0**3*(g_0_1**2*g_3_1 + 3*g_0_1*g_0_2*g_3_0 + 3*g_0_1*g_1_1*g_2_1 + 3*g_0_1*g_1_2*g_2_0 + 6*g_0_2*g_1_1*g_2_0 + g_1_1**3) - g_0_4*g_1_0**6 + g_1_0**5*(g_0_1*g_1_3 + g_0_2*g_1_2 + g_0_3*g_1_1) - g_1_0**4*(g_0_1**2*g_2_2 + 2*g_0_1*g_0_2*g_2_1 + 2*g_0_1*g_0_3*g_2_0 + 2*g_0_1*g_1_1*g_1_2 + g_0_2**2*g_2_0 + g_0_2*g_1_1**2))/g_1_0**7

   a5 (order e^5): support m<= 5, terms [(0, 1), (0, 2), (0, 3), (0, 4), (0, 5), (1, 0), (1, 1), (1, 2), (1, 3), (1, 4), (2, 0), (2, 1), (2, 2), (2, 3), (3, 0), (3, 1), (3, 2), (4, 0), (4, 1), (5, 0)]
      (-14*g_0_1**5*g_2_0**4 + 7*g_0_1**4*g_1_0*g_2_0**2*(3*g_0_1*g_3_0 + 5*g_1_1*g_2_0) - g_0_1**3*g_1_0**2*(6*g_0_1**2*g_2_0*g_4_0 + 3*g_0_1**2*g_3_0**2 + 30*g_0_1*g_1_1*g_2_0*g_3_0 + 15*g_0_1*g_2_0**2*g_2_1 + 20*g_0_2*g_2_0**3 + 30*g_1_1**2*g_2_0**2) + g_0_1**2*g_1_0**3*(g_0_1**3*g_5_0 + 5*g_0_1**2*g_1_1*g_4_0 + 5*g_0_1**2*g_2_0*g_3_1 + 5*g_0_1**2*g_2_1*g_3_0 + 20*g_0_1*g_0_2*g_2_0*g_3_0 + 10*g_0_1*g_1_1**2*g_3_0 + 20*g_0_1*g_1_1*g_2_0*g_2_1 + 10*g_0_1*g_1_2*g_2_0**2 + 30*g_0_2*g_1_1*g_2_0**2 + 10*g_1_1**3*g_2_0) - g_0_1*g_1_0**4*(g_0_1**3*g_4_1 + 4*g_0_1**2*g_0_2*g_4_0 + 4*g_0_1**2*g_1_1*g_3_1 + 4*g_0_1**2*g_1_2*g_3_0 + 4*g_0_1**2*g_2_0*g_2_2 + 2*g_0_1**2*g_2_1**2 + 12*g_0_1*g_0_2*g_1_1*g_3_0 + 12*g_0_1*g_0_2*g_2_0*g_2_1 + 6*g_0_1*g_0_3*g_2_0**2 + 6*g_0_1*g_1_1**2*g_2_1 + 12*g_0_1*g_1_1*g_1_2*g_2_0 + 6*g_0_2**2*g_2_0**2 + 12*g_0_2*g_1_1**2*g_2_0 + g_1_1**4) - g_0_5*g_1_0**8 + g_1_0**7*(g_0_1*g_1_4 + g_0_2*g_1_3 + g_0_3*g_1_2 + g_0_4*g_1_1) - g_1_0**6*(g_0_1**2*g_2_3 + 2*g_0_1*g_0_2*g_2_2 + 2*g_0_1*g_0_3*g_2_1 + 2*g_0_1*g_0_4*g_2_0 + 2*g_0_1*g_1_1*g_1_3 + g_0_1*g_1_2**2 + g_0_2**2*g_2_1 + 2*g_0_2*g_0_3*g_2_0 + 2*g_0_2*g_1_1*g_1_2 + g_0_3*g_1_1**2) + g_1_0**5*(g_0_1**3*g_3_2 + 3*g_0_1**2*g_0_2*g_3_1 + 3*g_0_1**2*g_0_3*g_3_0 + 3*g_0_1**2*g_1_1*g_2_2 + 3*g_0_1**2*g_1_2*g_2_1 + 3*g_0_1**2*g_1_3*g_2_0 + 3*g_0_1*g_0_2**2*g_3_0 + 6*g_0_1*g_0_2*g_1_1*g_2_1 + 6*g_0_1*g_0_2*g_1_2*g_2_0 + 6*g_0_1*g_0_3*g_1_1*g_2_0 + 3*g_0_1*g_1_1**2*g_1_2 + 3*g_0_2**2*g_1_1*g_2_0 + g_0_2*g_1_1**3))/g_1_0**9

=== closed forms verified against the measured g table (cfg A_fwd) ===
     a: closed form = 2.6455214118116628680161261212   pipeline raw = 2.6455214118116628680161261212   rel = 4.96697e-61
     b: closed form = -7.46245287679368626753358035163   pipeline raw = -7.46245287679368626753358035163   rel = 9.1e-61
    a3: closed form = 11.700717320433667601156432487   pipeline raw = 11.700717320433667601156432487   rel = 8.91762e-60
    a4: closed form = -20.4755387553904125007058067226   pipeline raw = -20.4755387553904125007058067226   rel = 4.10834e-58
    a5: closed form = 18.2711625011499510374264312727   pipeline raw = 18.2711625011499510374264312727   rel = 1.78479e-56

=== P3 second instrument: perturb g[2][0] by 1e-30 relative ===
     a: |d/rel| = 0.0   moves = False
     b: |d/rel| = 4.21293e-30   moves = True
    a3: |d/rel| = 7.36259e-29   moves = True
    a4: |d/rel| = 4.97411e-28   moves = True
    a5: |d/rel| = 3.92284e-27   moves = True

real	3m14.864s
user	23m37.283s
sys	0m0.212s
