heat72w — kappa-side analytic a3 (m1-L136 repair leg; contour route)
guarded: dps+15 recheck x3, ZCUT*1.35 column, U1/U2 registry checks, fold/evenness receipts
PREFLIGHT ext-vs-frozen worst rel diff: 0.0

===== RUNG 1: rho_t=0.25 M_t=40 rho_D=0.08 M_D=32 dps=70 ph_t=0 ph_D=0 =====
  sampled u-column 8/40  elapsed 4341s  eta 17363s
  sampled u-column 16/40  elapsed 9085s  eta 13628s
  sampled u-column 24/40  elapsed 13803s  eta 9202s
  sampled u-column 32/40  elapsed 18511s  eta 4628s
  sampled u-column 40/40  elapsed 23212s  eta 0s
  GUARD A (dps+15 recheck x3):    worst rel 2.064e-70  PASS
  GUARD B (ZCUT*1.35 column):     worst rel 7.7104e-70  PASS
  coefficient imag-parts: max |Im| 1.2154e-64, max |Im|/|c| 2.1883e-65  (real-analyticity check)
  FOLD CHECK  |c00| = 3.2259e-7   (target ~0)
  EVENNESS    |c10|,|c30|,|c50| = 2.81e-6, 95.3, 652.0   vs |c20| = 18.817
  --- Taylor coefficients c_jk (real parts) ---
    c00=3.22590015596e-7  c01=-49.7801948024  c02=526.836832706  c03=-4543.12398727
    c10=2.81402956628e-6  c11=-251.989768599  c12=3018.09820054  c13=-27953.649505
    c20=-18.8167668817  c21=-486.358141327  c22=7393.52242205  c23=-76634.5036398
    c30=-95.2514119018  c31=-316.47326222  c32=10088.3422623  c33=-126763.934823
    c40=-279.180828648  c41=811.779024678  c42=5332.08090584  c43=-126590.762362
    c50=-652.419447834  c51=3538.36287918  c52=-13038.4762663  c53=-16125.8388107
    c60=-1382.36037192  c61=8950.61903024  c62=-52807.0446992  c63=267826.972936
  --- layer constants ---
    F2 = 37.633533763346982921
    F4 = -6700.3398875584258765
    F6 = 995299.46778200788761
    G0 = -49.780194802424271882
    G2 = 972.71628265398460117
    G4 = 19482.696592281083227
    H0 = 526.83683270552888505
    H2 = -14787.04484409345514
    K0 = -4543.1239872653927329
  --- assembly ---
    U1 = a  = 2.6455232780136887824   vs reg 2.645521411811663   rel dev 7.0542e-7
    U2      = 7.4625109003600702257   vs reg 7.46245287679   rel dev 7.7754e-6
  --- U3 bracket decomposition (trap #104 discipline) ---
    (F4/12)aU2 = -11023.3133624522237
    (F6/720)a^3 = 25595.0532341982791
    (G2/2)U2   = 3629.45293113154359
    (G4/24)a^2 = 5681.47369195824762
    (H2/2)a    = -19559.7356740407665
    K0         = -4543.12398726539273
    bracket    = -220.193166470312701   (target ~ -a3*F2/2)
    U3 = a3    = 11.701966010152832415
HEAT72W RUNG 1 COMPLETE: U3 = 11.701966010152832415  guards PASS  U1dev 7.05e-7  U2dev 7.78e-6

===== RUNG 2: rho_t=0.18 M_t=32 rho_D=0.05 M_D=24 dps=70 ph_t=0.5 ph_D=0.5 =====
  sampled u-column 8/32  elapsed 3331s  eta 9992s
  sampled u-column 16/32  elapsed 6665s  eta 6665s
  sampled u-column 24/32  elapsed 10000s  eta 3333s
  sampled u-column 32/32  elapsed 13331s  eta 0s
  GUARD A (dps+15 recheck x3):    worst rel 1.1403e-70  PASS
  GUARD B (ZCUT*1.35 column):     worst rel 4.9109e-70  PASS
  coefficient imag-parts: max |Im| 9.1157e-64, max |Im|/|c| 4.3113e-62  (real-analyticity check)
  FOLD CHECK  |c00| = 3.6758e-10   (target ~0)
  EVENNESS    |c10|,|c30|,|c50| = 3.09e-9, 95.3, 652.0   vs |c20| = 18.817
  --- Taylor coefficients c_jk (real parts) ---
    c00=-3.67576560083e-10  c01=-49.7801925068  c02=526.836816392  c03=-4543.12387137
    c10=-3.0933907603e-9  c11=-251.989748498  c12=3018.09805718  c13=-27953.6484829
    c20=-18.8167793016  c21=-486.358052281  c22=7393.52178399  c23=-76634.4990702
    c30=-95.2514492959  c31=-316.472992643  c32=10088.3403204  c33=-126763.920844
    c40=-279.180914198  c41=811.779645128  c42=5332.07641047  c43=-126590.729822
    c50=-652.419604425  c51=3538.36402232  c52=-13038.484601  c53=-16125.778112
    c60=-1382.36060798  c61=8950.62076613  c62=-52807.0574448  c63=267827.066385
  --- layer constants ---
    F2 = 37.633558603295391452
    F4 = -6700.3419407578923483
    F6 = 995299.63774200734994
    G0 = -49.780192506771679382
    G2 = 972.71610456198324689
    G4 = 19482.711483064114283
    H0 = 526.83681639196398056
    H2 = -14787.043567973780426
    K0 = -4543.1238713659567978
  --- assembly ---
    U1 = a  = 2.6455214098415165587   vs reg 2.645521411811663   rel dev 7.4471e-10
    U2      = 7.4624528119429680253   vs reg 7.46245287679   rel dev 8.6898e-9
  --- U3 bracket decomposition (trap #104 discipline) ---
    (F4/12)aU2 = -11023.223150304955
    (F6/720)a^3 = 25595.0033820242847
    (G2/2)U2   = 3629.42401485539099
    (G4/24)a^2 = 5681.47001025184149
    (H2/2)a    = -19559.7201736669624
    K0         = -4543.1238713659568
    bracket    = -220.169788206357035   (target ~ -a3*F2/2)
    U3 = a3    = 11.700715870493194099
HEAT72W RUNG 2 COMPLETE: U3 = 11.700715870493194099  guards PASS  U1dev 7.45e-10  U2dev 8.69e-9

===== RUNG 3: rho_t=0.22 M_t=40 rho_D=0.07 M_D=32 dps=70 ph_t=0.25 ph_D=0.75 =====
  sampled u-column 8/40  elapsed 4593s  eta 18371s
  sampled u-column 16/40  elapsed 9226s  eta 13839s
  sampled u-column 24/40  elapsed 13850s  eta 9233s
  sampled u-column 32/40  elapsed 18472s  eta 4618s
  sampled u-column 40/40  elapsed 23089s  eta 0s
  GUARD A (dps+15 recheck x3):    worst rel 2.4426e-70  PASS
  GUARD B (ZCUT*1.35 column):     worst rel 4.8628e-70  PASS
  coefficient imag-parts: max |Im| 0.0013015, max |Im|/|c| 1.0  (real-analyticity check)
  FOLD CHECK  |c00| = 4.4973e-9   (target ~0)
  EVENNESS    |c10|,|c30|,|c50| = 3.92e-8, 95.3, 652.0   vs |c20| = 18.817
  --- Taylor coefficients c_jk (real parts) ---
    c00=6.50231915862e-16  c01=-49.7801925094  c02=526.836816411  c03=-4543.1238715
    c10=3.28787275204e-15  c11=-251.98974852  c12=3018.09805734  c13=-27953.648484
    c20=-18.8167792886  c21=-486.358052375  c22=7393.52178466  c23=-76634.4990751
    c30=-95.2514492588  c31=-316.472992914  c32=10088.3403224  c33=-126763.920858
    c40=-279.180914118  c41=811.779644539  c42=5332.07641478  c43=-126590.729853
    c50=-652.419604287  c51=3538.3640213  c52=-13038.4845935  c53=-16125.7781675
    c60=-1382.36060778  c61=8950.62076469  c62=-52807.057434  c63=267827.066305
  --- layer constants ---
    F2 = 37.633558577250691558
    F4 = -6700.3419388319087594
    F6 = 995299.63760312285946
    G0 = -49.780192509392612562
    G2 = 972.71610474991799746
    G4 = 19482.711468938422341
    H0 = 526.83681641064246842
    H2 = -14787.043569328463494
    K0 = -4543.12387149900991
  --- assembly ---
    U1 = a  = 2.645521411811664489   vs reg 2.645521411811663   rel dev 5.6133e-16
    U2      = 7.4624528767937415788   vs reg 7.46245287679   rel dev 5.0144e-13
  --- U3 bracket decomposition (trap #104 discipline) ---
    (F4/12)aU2 = -11023.22325114034
    (F6/720)a^3 = 25595.003435635362
    (G2/2)U2   = 3629.42404709731402
    (G4/24)a^2 = 5681.47001459466626
    (H2/2)a    = -19559.7201900252156
    K0         = -4543.12387149900991
    bracket    = -220.16981533722331   (target ~ -a3*F2/2)
    U3 = a3    = 11.700717320435114185
HEAT72W RUNG 3 COMPLETE: U3 = 11.700717320435114185  guards PASS  U1dev 5.61e-16  U2dev 5.01e-13

HEAT72W ALL COMPLETE: U3 rung1: 11.701966010152832, rung2: 11.700715870493194, rung3: 11.700717320435114
  cross-rung max rel spread: 0.00010683
