input seals verified (3/3)
instruments built 0.0s
[M8] CONTROL k=0 lam_min 4.73420650799e-6 ok
[M8] CONTROL k=1 lam_min 8.50815846293e-6 ok
[M8] CONTROL k=2 lam_min 7.95581739714e-6 ok
[M8] CONTROL k=3 lam_min 1.21072957956e-5 ok
[M8] CONTROL k=4 lam_min 1.80183011584e-5 ok
[M8] CONTROL k=5 lam_min 2.19370506762e-5 ok
[M8] CONTROL k=6 lam_min 1.4397210827e-5 ok
[M8] CONTROL k=7 lam_min 1.43771385649e-5 ok
[M8] 20 cells done 52.0s
[M8] 40 cells done 101.5s
[M8] 60 cells done 156.8s
[M8] 80 cells done 212.6s
[M8] 100 cells done 268.5s
[M8] 120 cells done 325.4s
[M8] 140 cells done 381.1s
[M8] 160 cells done 436.7s
[M8] 180 cells done 490.8s
[M8] 200 cells done 543.0s
[M8] lattice complete 576.2s
[M64] CONTROL k=0 lam_min 4.76112961139e-11 ok
[M64] CONTROL k=1 lam_min 7.82396275017e-11 ok
[M64] CONTROL k=2 lam_min 1.47853878161e-10 ok
[M64] CONTROL k=3 lam_min 8.58369711366e-11 ok
[M64] CONTROL k=4 lam_min 9.26191571099e-11 ok
[M64] CONTROL k=5 lam_min 1.09127522827e-10 ok
[M64] CONTROL k=6 lam_min 4.6318830868e-11 ok
[M64] CONTROL k=7 lam_min 4.46656072881e-11 ok
[M64] 240 cells done 1364.3s
[M64] 260 cells done 1923.6s
[M64] 280 cells done 2528.4s
[M64] 300 cells done 3145.9s
[M64] 320 cells done 3776.2s
[M64] 340 cells done 4415.3s
[M64] 360 cells done 5013.4s
[M64] 380 cells done 5571.2s
[M64] 400 cells done 6120.9s
[M64] 420 cells done 6668.4s
[M64] lattice complete 6834.2s
FLIP k=0 phi=4/8 d=0.05  0.000002719806376653879139997971 -> -0.5157764586336932071738523  type=mixed ovs=0.001983,0.001738,0.003339,0.001037
FLIP k=1 phi=4/8 d=0.05  0.000008296848660631142712164637 -> -0.1212765197638375383853663  type=mixed ovs=0.001687,0.0008607,0.0005389,0.002665
FLIP k=1 phi=4/8 d=0.1  0.000007548289314356908884170576 -> -0.629500337441538120137039  type=mixed ovs=0.001482,0.0006991,0.0003711,0.002035
FLIP k=2 phi=4/8 d=0.05  0.000007890219588328425124067937 -> -0.007671914206467679416736264  type=mixed ovs=0.0003993,0.002339,0.002955,0.006686
FLIP k=2 phi=4/8 d=0.1  0.000007690414271110441479816206 -> -0.05937701991244620401810451  type=mixed ovs=0.0003006,0.001671,0.002121,0.004737
FLIP k=2 phi=4/8 d=0.2  0.000006843200992851797060767469 -> -0.4834027107786678994596512  type=mixed ovs=0.0001489,0.001629,0.0009811,0.002127
FLIP k=2 phi=4/8 d=0.3  0.000005203544619297333994842656 -> -2.061098781098904442119058  type=mixed ovs=0.0002229,0.001258,0.0007799,0.001332
FLIP k=3 phi=4/8 d=0.05  0.00001193978318118203047322278 -> -0.003760166188636244686442466  type=mixed ovs=0.001019,0.001499,0.0001719,0.0005724
FLIP k=3 phi=4/8 d=0.1  0.00001137704412886331957112842 -> -0.07268530426380968132523285  type=mixed ovs=0.0005753,0.0006454,0.0001327,0.0008167
FLIP k=3 phi=4/8 d=0.2  0.000007046834426325942660205616 -> -0.7159450669890711860866879  type=mixed ovs=0.0002779,0.0004978,6.001e-5,0.0004198
FLIP k=4 phi=4/8 d=0.05  0.00001804487408815644107645915 -> -0.0006818540071881536382001722  type=mixed ovs=0.003988,0.001152,0.00119,0.009031
FLIP k=4 phi=4/8 d=0.1  0.00001812212115557168501738076 -> -0.0113472111672935016590382  type=mixed ovs=0.0006053,0.0008553,0.000935,0.005933
FLIP k=4 phi=4/8 d=0.2  0.00001838041952224630897846171 -> -0.1606967937250049997567158  type=mixed ovs=0.0002869,0.0004295,0.0005265,0.003378
FLIP k=4 phi=4/8 d=0.3  0.00001845707764200748246409447 -> -0.7040009671714542121679927  type=mixed ovs=6.857e-5,0.0002858,0.0004167,0.002814
FLIP k=5 phi=4/8 d=0.05  0.00002196059759341642685243324 -> -0.0003247582616765464551449308  type=mixed ovs=0.002319,0.005915,0.002527,0.007765
FLIP k=5 phi=4/8 d=0.1  0.00002203225528984508350437561 -> -0.00481893588083610668792602  type=mixed ovs=0.001137,0.003008,0.001457,0.004219
FLIP k=5 phi=4/8 d=0.2  0.00002233476806751396015018814 -> -0.04210401607523643346126626  type=mixed ovs=0.0005056,0.001729,0.001184,0.003029
FLIP k=5 phi=4/8 d=0.3  0.00002289268679218102041472848 -> -0.1330235080304855028682367  type=mixed ovs=0.0001991,0.00132,0.001478,0.0033
FLIP k=5 phi=4/8 d=0.45  0.00002389364034781832221831301 -> -0.5092618448708097151774755  type=mixed ovs=0.0002653,0.0005555,0.002048,0.003876
FLIP k=6 phi=4/8 d=0.05  0.00001442679194651600192714533 -> -0.00007518141253238458956616033  type=descent ovs=0.009429,0.005611,0.006676,0.001604
FLIP k=6 phi=4/8 d=0.1  0.00001451753539515076966481482 -> -0.0009798603719591678352670446  type=descent ovs=0.005916,0.002045,0.005904,0.001612
FLIP k=6 phi=4/8 d=0.2  0.00001491324382464421808216793 -> -0.0110094291510239633435348  type=mixed ovs=0.004002,0.0002285,0.005345,0.001048
FLIP k=6 phi=4/8 d=0.3  0.0000157137584149408411001132 -> -0.04781939231953389653757442  type=mixed ovs=0.003248,0.0002434,0.00422,0.0001857
FLIP k=6 phi=4/8 d=0.45  0.00001849466819250303069744228 -> -0.295503521641646504247395  type=mixed ovs=0.002393,0.0001653,0.003172,0.001575
FLIP k=7 phi=4/8 d=0.05  0.00001435203047460912101128151 -> -0.0001216400230752372868816648  type=mixed ovs=0.00133,0.002208,0.006203,0.004737
FLIP k=7 phi=4/8 d=0.1  0.00001427463699066161394169135 -> -0.002656437234844377893410448  type=mixed ovs=0.0004226,0.0006339,0.001879,0.001478
FLIP k=7 phi=4/8 d=0.2  0.00001393344508063706227241608 -> -0.02281593118959440690919558  type=mixed ovs=0.000334,0.0003246,0.001214,0.001189
FLIP k=7 phi=4/8 d=0.3  0.00001324895474993145638193599 -> -0.07949400139904223165918992  type=mixed ovs=0.0003482,0.0001548,0.0009793,0.001249
FLIP k=7 phi=4/8 d=0.45  0.00001116553258989365796367109 -> -0.3354031977746721488170857  type=mixed ovs=0.0004112,1.697e-5,0.0007573,0.00166
FLIP k=8 phi=4/8 d=0.05  0.00001280530332428051661899342 -> -0.00006601915166344071468675948  type=mixed ovs=0.0006928,0.004925,0.005618,0.00409
FLIP k=8 phi=4/8 d=0.1  0.00001284369314041086714686813 -> -0.0008273862773948228492285249  type=mixed ovs=0.0009551,0.003066,0.003517,0.002374
FLIP k=8 phi=4/8 d=0.2  0.00001301871502668525422229925 -> -0.01216773138334061157378773  type=mixed ovs=0.0007229,0.001714,0.001808,0.001334
FLIP k=8 phi=4/8 d=0.3  0.0000134070849112028386779058 -> -0.05001285234209835710544649  type=mixed ovs=0.0006828,0.001451,0.001301,0.001182
FLIP k=8 phi=4/8 d=0.45  0.00001500012047200005538657104 -> -0.2324065334046339317339538  type=mixed ovs=0.0009826,0.001703,0.0009907,0.001484
FLIP k=9 phi=4/8 d=0.05  0.00001110969450900196343173027 -> -0.000004540110980543373027206049  type=mixed ovs=0.006401,0.004016,0.03105,0.03544
FLIP k=9 phi=4/8 d=0.1  0.00001109996621244299619723358 -> -0.0002501309047859641202197132  type=mixed ovs=0.00154,0.0009296,0.007998,0.009066
FLIP k=9 phi=4/8 d=0.2  0.00001106744213222658870479258 -> -0.003770406587460549316409166  type=mixed ovs=0.0005335,0.0005802,0.00327,0.003868
FLIP k=9 phi=4/8 d=0.3  0.00001104756632852074571466791 -> -0.01654318882138190573993165  type=mixed ovs=0.0002565,0.000739,0.001958,0.002608
FLIP k=9 phi=4/8 d=0.45  0.00001133073284868453161070419 -> -0.08773476729792413333899578  type=mixed ovs=8.542e-6,0.0005538,0.000991,0.001655
FLIP k=10 phi=4/8 d=0.05  0.00001119569497497775913377453 -> -0.00002726264341081985362369816  type=mixed ovs=0.0006001,0.007686,0.001429,0.001679
FLIP k=10 phi=4/8 d=0.1  0.00001117348279156220824903946 -> -0.0003190057930493197244795967  type=mixed ovs=0.0002718,0.003794,0.0005246,0.0008208
FLIP k=10 phi=4/8 d=0.2  0.00001108086347775242389088875 -> -0.003086203597897236343288057  type=mixed ovs=0.0001074,0.002998,0.0001312,0.0006565
FLIP k=10 phi=4/8 d=0.3  0.00001091301617497288569401541 -> -0.01457058661504691482379373  type=mixed ovs=7.252e-5,0.002548,8.633e-5,0.0006214
FLIP k=10 phi=4/8 d=0.45  0.00001047347060871861550958804 -> -0.0790717658577239670557391  type=mixed ovs=0.0003291,0.002285,0.0002358,0.0007665
FLIP k=11 phi=4/8 d=0.05  0.0000113546614020961392967298 -> -0.000000112708940186320873434554  type=mixed ovs=0.06535,0.1456,0.03073,0.06802
FLIP k=11 phi=4/8 d=0.1  0.00001135567632571971940449633 -> -0.00001271209725405579990717156  type=mixed ovs=0.007198,0.01802,0.004344,0.01123
FLIP k=11 phi=4/8 d=0.2  0.00001135670014504998781379121 -> -0.0007790614337852205552992652  type=mixed ovs=0.001068,0.001584,0.0007509,0.0009632
FLIP k=11 phi=4/8 d=0.3  0.00001134482253676392365372331 -> -0.004767072600828952966848909  type=mixed ovs=0.0005411,0.001256,0.001274,1.902e-5
FLIP k=11 phi=4/8 d=0.45  0.00001121974317653709746138193 -> -0.03077793400487171697510854  type=mixed ovs=8.296e-5,0.0007425,0.001968,0.0006246
FLIP k=12 phi=4/8 d=0.05  0.00001166628225415921972747208 -> -0.000002282481571189352689815311  type=mixed ovs=0.002374,0.0004515,0.003869,0.01398
FLIP k=12 phi=4/8 d=0.1  0.00001165930983684331009081032 -> -0.00009612860172335074367300494  type=mixed ovs=0.0003648,0.0002598,0.001036,0.003075
FLIP k=12 phi=4/8 d=0.2  0.00001162902371097134276471156 -> -0.001082445319949437894791836  type=mixed ovs=0.0001719,0.0002592,0.000605,0.001137
FLIP k=12 phi=4/8 d=0.3  0.00001156902271348446448642878 -> -0.004182877570103745592178293  type=mixed ovs=0.000556,2.105e-5,0.0004821,0.0007275
FLIP k=12 phi=4/8 d=0.45  0.00001137552932126633678039039 -> -0.0238777013825055604928933  type=descent ovs=0.001216,0.0002564,0.0004635,0.0002214
FLIP k=13 phi=4/8 d=0.05  0.00001148240896074916318509075 -> -0.000000117645742661223089445957  type=mixed ovs=0.0509,0.01617,0.007012,0.2426
FLIP k=13 phi=4/8 d=0.1  0.00001147627646488559715766361 -> -0.00004020661872830731815085979  type=mixed ovs=0.002545,0.0009826,0.0004917,0.01478
FLIP k=13 phi=4/8 d=0.2  0.00001145113921523525821518635 -> -0.0007648329844931211593230279  type=mixed ovs=0.0009903,0.0003489,0.0002627,0.005836
FLIP k=13 phi=4/8 d=0.3  0.00001140757608307835423918224 -> -0.003492041766772993575534903  type=mixed ovs=0.0004967,0.0004463,0.0003317,0.004832
FLIP k=13 phi=4/8 d=0.45  0.00001130897392155850597026979 -> -0.02023565438224756407436477  type=mixed ovs=0.0002082,0.000571,0.0004518,0.003859
FLIP k=14 phi=4/8 d=0.05  0.0000117372528533961110478018 -> -2.474109838826315479391576e-9  type=descent ovs=0.1509,0.09197,0.1186,0.03237
FLIP k=14 phi=4/8 d=0.1  0.00001173617120636673718871963 -> -0.000001988553851997111827441461  type=descent ovs=0.01424,0.004145,0.003043,0.002812
FLIP k=14 phi=4/8 d=0.2  0.0000117315250616149595046308 -> -0.00008881682245523026942407333  type=descent ovs=0.003922,0.0005823,0.00123,0.001492
FLIP k=14 phi=4/8 d=0.3  0.00001172247971718323085309232 -> -0.0007724266328043220341785245  type=descent ovs=0.002522,4.01e-5,0.001588,0.001339
FLIP k=14 phi=4/8 d=0.45  0.00001169365219226904683713357 -> -0.009156990927486225478438063  type=descent ovs=0.00145,0.0001224,0.001133,0.0007912
FLIP k=15 phi=4/8 d=0.05  0.00001148957425973670886316266 -> -6.329602530638020047891359e-10  type=reorganization ovs=0.4767,0.05405,0.6888,0.4934
FLIP k=15 phi=4/8 d=0.1  0.00001148790256782485484366081 -> -0.000001695073831463990171632607  type=mixed ovs=0.0125,0.001259,0.02497,0.02788
FLIP k=15 phi=4/8 d=0.2  0.00001148120213451188277933758 -> -0.00009436616595661092110290017  type=mixed ovs=0.003296,0.0003455,0.006978,0.00794
FLIP k=15 phi=4/8 d=0.3  0.00001147014377049040641225116 -> -0.0007835411590227732137927261  type=mixed ovs=0.001608,0.0008483,0.003666,0.00423
FLIP k=15 phi=4/8 d=0.45  0.00001144853837039432015941003 -> -0.00717699901099442338558941  type=mixed ovs=0.001085,0.001647,0.002674,0.003
FLIP k=16 phi=4/8 d=0.1  0.00001152593916547097726376946 -> -0.0000007980718943933414519252095  type=mixed ovs=0.008258,0.01163,0.01717,0.03681
FLIP k=16 phi=4/8 d=0.2  0.00001149685557406870773059578 -> -0.00006850039018940836665971485  type=mixed ovs=0.002163,0.002778,0.004099,0.00865
FLIP k=16 phi=4/8 d=0.3  0.00001144508999183107741165551 -> -0.001089123222614399061796021  type=mixed ovs=0.0009417,0.001263,0.001758,0.003068
FLIP k=16 phi=4/8 d=0.45  0.00001131808648590032859057852 -> -0.008392913861325236340301677  type=mixed ovs=0.0008987,0.001095,0.001313,0.001945
FLIP k=17 phi=4/8 d=0.05  0.00001170675654223833755881428 -> -2.938951237001264218435136e-11  type=descent ovs=0.9225,0.2126,0.3,0.09963
FLIP k=17 phi=4/8 d=0.1  0.00001170636681562297252592265 -> -4.46391391913886265228695e-8  type=mixed ovs=0.1456,0.07217,0.181,0.1322
FLIP k=17 phi=4/8 d=0.2  0.00001170444509711630053819116 -> -0.00001249334906920558412177844  type=mixed ovs=0.01924,0.01325,0.02477,0.01725
FLIP k=17 phi=4/8 d=0.3  0.00001169962273408808897400439 -> -0.0003169582722067362536147446  type=mixed ovs=0.004264,0.002971,0.005847,0.003845
FLIP k=17 phi=4/8 d=0.45  0.00001167661721946789192662815 -> -0.002842562322956321794551384  type=mixed ovs=0.002741,0.002092,0.004117,0.002375
FLIP k=18 phi=4/8 d=0.1  0.00001172020416665750183273878 -> -0.000000187298629869541147559078  type=mixed ovs=0.01389,0.01949,0.03831,0.1049
FLIP k=18 phi=4/8 d=0.2  0.00001171820194054456532815053 -> -0.000005242141727719212762881158  type=mixed ovs=0.005314,0.007229,0.01577,0.04189
FLIP k=18 phi=4/8 d=0.3  0.00001171543322247799227060832 -> -0.00005143625425109242886409691  type=mixed ovs=0.002772,0.003373,0.00849,0.02163
FLIP k=18 phi=4/8 d=0.45  0.00001171271272610673743429903 -> -0.0006694296948429931316299167  type=mixed ovs=0.001436,0.001472,0.004237,0.01002
FLIP k=19 phi=4/8 d=0.1  0.00001174456610772657957736891 -> -4.837914453100135706238493e-9  type=descent ovs=0.2386,0.1219,0.03436,0.1035
FLIP k=19 phi=4/8 d=0.2  0.00001174085942838008559188014 -> -0.00001438720692700010108852106  type=mixed ovs=0.005833,0.001071,0.0005082,0.007309
FLIP k=19 phi=4/8 d=0.3  0.00001173326758265006716872433 -> -0.0001101995583254493384716885  type=mixed ovs=0.003429,0.0004029,0.0001915,0.004048
FLIP k=19 phi=4/8 d=0.45  0.00001170644825563532178877522 -> -0.0009226689610964728299064335  type=descent ovs=0.002388,0.001589,0.001186,0.001476
FLIP k=20 phi=4/8 d=0.1  0.00001179881993669976528026974 -> -1.746678231483458373767283e-9  type=mixed ovs=0.2616,0.4211,0.4584,0.1765
FLIP k=20 phi=4/8 d=0.2  0.00001179573489661487727398828 -> -0.000001961840057359351280997759  type=mixed ovs=0.01051,0.02044,0.02322,0.01299
FLIP k=20 phi=4/8 d=0.3  0.00001179042204310864937536282 -> -0.00002095957567041015027867545  type=mixed ovs=0.0007011,0.008735,0.006959,0.008806
FLIP k=20 phi=4/8 d=0.45  0.00001177939978519486630976486 -> -0.0004662289041398284646709261  type=mixed ovs=0.0009718,0.002737,0.002519,0.005076
FLIP k=21 phi=4/8 d=0.1  0.0000117825592998446696588196 -> -5.46305247621404562696236e-11  type=descent ovs=0.6136,0.4696,0.5873,0.1569
FLIP k=21 phi=4/8 d=0.2  0.00001178344146349608554789998 -> -0.000000605451218036911732180988  type=mixed ovs=0.002257,0.01701,0.008716,0.01117
FLIP k=21 phi=4/8 d=0.3  0.00001178484291741188381841351 -> -0.00001309019273476413131721713  type=mixed ovs=0.001752,0.007702,0.01,0.0008796
FLIP k=21 phi=4/8 d=0.45  0.00001178734171109272028243384 -> -0.0003577515048842091223694707  type=mixed ovs=0.001728,0.003053,0.007709,0.001912
FLIP k=22 phi=4/8 d=0.1  0.00001172803671832197156102963 -> -2.135176833101324708185699e-10  type=reorganization ovs=0.1114,0.7918,0.4595,0.03316
FLIP k=22 phi=4/8 d=0.2  0.00001172768356383835096013251 -> -0.000001142509192652766549183073  type=mixed ovs=0.002637,0.01933,0.01837,0.001559
FLIP k=22 phi=4/8 d=0.3  0.00001172712295687368259276645 -> -0.00001718509827555202238866375  type=mixed ovs=0.0008718,0.007736,0.009402,0.001381
FLIP k=22 phi=4/8 d=0.45  0.00001172575329104361137290497 -> -0.000467109052620108740807467  type=mixed ovs=0.0006516,0.002351,0.003525,0.0007962
FLIP k=23 phi=4/8 d=0.1  0.00001175879842743739002739978 -> -1.214758777067231931212808e-10  type=reorganization ovs=0.4178,0.8038,0.1647,0.2677
FLIP k=23 phi=4/8 d=0.2  0.00001175840768820325657897043 -> -0.0000001841537038973486480237775  type=mixed ovs=0.01107,0.0293,0.02792,0.09395
FLIP k=23 phi=4/8 d=0.3  0.00001175741574844312629101722 -> -0.000003144242402878031959470636  type=mixed ovs=0.001156,0.005306,0.009152,0.03029
FLIP k=23 phi=4/8 d=0.45  0.00001175241666847845196169258 -> -0.00007582251965305627101470333  type=mixed ovs=0.004578,0.01074,0.00549,0.001259
FLIP k=24 phi=4/8 d=0.2  0.00001178558899231644784767385 -> -0.0000004870741336070910791041483  type=mixed ovs=0.0004967,0.0008169,0.02143,0.00623
FLIP k=24 phi=4/8 d=0.3  0.00001178873577829282799491104 -> -0.000006910895561948029277947838  type=mixed ovs=0.0003719,0.001602,0.008188,0.007173
FLIP k=24 phi=4/8 d=0.45  0.00001179936301163150101604921 -> -0.0001840574018693339913547147  type=mixed ovs=0.0003299,0.00127,0.002138,0.004891
FLIP k=0 phi=6/8 d=0.05  0.000004802677570170377359351702 -> -0.3129292879036522784977532  type=mixed ovs=0.0003823,0.002094,0.0002254,0.000404
FLIP k=1 phi=2/8 d=0.05  0.000003109963585291308541948382 -> -0.1037660371688132564035974  type=mixed ovs=0.00116,0.002432,0.001427,0.001998
FLIP k=1 phi=2/8 d=0.1  0.000001427121817568226652182369 -> -0.592262756955658879456747  type=mixed ovs=0.0009497,0.001866,0.001097,0.001687
FLIP k=1 phi=6/8 d=0.05  0.00000903057240981993309990102 -> -0.07682376532534608065282957  type=mixed ovs=0.0009175,0.0001665,0.00099,0.002924
FLIP k=1 phi=6/8 d=0.1  0.000008004541137157761009565344 -> -0.4852260152294997701126198  type=mixed ovs=0.001168,0.00101,0.0003805,0.001965
FLIP k=2 phi=2/8 d=0.05  0.00001073642455803954251839875 -> -0.03151043526846167922395098  type=mixed ovs=0.001148,0.0006054,0.000163,0.001747
FLIP k=2 phi=2/8 d=0.1  0.000009875544810841322682424377 -> -0.1919555806721563488769178  type=mixed ovs=0.0007083,0.0004151,8.893e-6,0.001373
FLIP k=2 phi=2/8 d=0.2  0.000005953561980332642726568507 -> -1.006567082450460313005354  type=mixed ovs=0.0005898,0.0004063,4.546e-5,0.001099
FLIP k=2 phi=6/8 d=0.05  0.00002870891973651685161582277 -> -0.01959893009898773692458183  type=mixed ovs=0.0007996,0.001589,0.001837,0.001073
FLIP k=2 phi=6/8 d=0.1  0.00002892758809210686333767559 -> -0.1400339296417893225077748  type=mixed ovs=0.0005888,0.001198,0.001361,0.000942
FLIP k=2 phi=6/8 d=0.2  0.00002982717646516971882987817 -> -0.8929834613278628692597663  type=mixed ovs=0.0004389,0.001013,0.001132,0.0009096
FLIP k=2 phi=6/8 d=0.3  0.00003139532240915355779787524 -> -2.712277703731689498158697  type=mixed ovs=0.0003138,0.0009642,0.001095,0.0008835
FLIP k=2 phi=6/8 d=0.45  0.00003455627645835813785049618 -> -9.44731457167494667121087  type=mixed ovs=6.671e-5,0.0009617,0.001243,0.0008803
FLIP k=3 phi=2/8 d=0.05  0.00002414194357396291791758226 -> -0.01116787607334627913270393  type=descent ovs=0.001394,0.0006212,0.0009796,0.001302
FLIP k=3 phi=2/8 d=0.1  0.00002450728634962762737196335 -> -0.07340985221199035628715678  type=descent ovs=0.001118,0.0004781,0.000775,0.0007498
FLIP k=3 phi=2/8 d=0.2  0.00002605055393898044082948745 -> -0.4817279789745824934660277  type=descent ovs=0.0008403,0.0004897,0.0008035,0.0007302
FLIP k=3 phi=2/8 d=0.3  0.00002874291816924470168558588 -> -1.591861730633610565091705  type=mixed ovs=0.0006454,0.0005909,0.001047,0.000927
FLIP k=3 phi=2/8 d=0.45  0.00003126881105577774200401464 -> -6.541804585922858006535332  type=mixed ovs=0.0003703,0.0008642,0.001712,0.001088
FLIP k=3 phi=6/8 d=0.05  0.000007718067087585618966181297 -> -0.004121943230308251781709492  type=mixed ovs=0.0009187,0.001881,0.001241,0.00222
FLIP k=3 phi=6/8 d=0.1  0.000007502013218489201438361554 -> -0.03053722897004545188123875  type=mixed ovs=0.0006121,0.00149,0.001003,0.001647
FLIP k=3 phi=6/8 d=0.2  0.000006302333128996479457356874 -> -0.2244302658381458980111334  type=mixed ovs=0.0004152,0.001348,0.0007437,0.001132
FLIP k=3 phi=6/8 d=0.3  0.000001966156392211530544229961 -> -0.782129715113813159849638  type=mixed ovs=0.000305,0.001516,0.0006703,0.0008057
FLIP k=4 phi=2/8 d=0.05  0.00000899261743080350194069586 -> -0.004111605509592827532956818  type=descent ovs=0.00332,0.0001394,0.00183,0.002602
FLIP k=4 phi=2/8 d=0.1  0.000008508051778179313377845888 -> -0.04279038892896249130021584  type=descent ovs=0.002008,5.521e-5,0.00109,0.001646
FLIP k=4 phi=2/8 d=0.2  0.000005668243583797949125642269 -> -0.3991987261463206583861166  type=descent ovs=0.001309,6.61e-5,0.000752,0.0008449
FLIP k=4 phi=6/8 d=0.05  0.000009299646895213036943757776 -> -0.003610505774119093387801824  type=mixed ovs=0.00116,0.001476,0.003725,0.002839
FLIP k=4 phi=6/8 d=0.1  0.000009313038805843680853354088 -> -0.0265590505673855856159968  type=mixed ovs=0.0007766,0.001057,0.002593,0.001871
FLIP k=4 phi=6/8 d=0.2  0.000009359281288030482832015097 -> -0.2074868300230506622112731  type=mixed ovs=0.0005356,0.0008543,0.00196,0.001269
FLIP k=4 phi=6/8 d=0.3  0.0000093867064510900959212245 -> -0.7690994642119022274835601  type=mixed ovs=0.0003877,0.0007689,0.001619,0.0009127
FLIP k=4 phi=6/8 d=0.45  0.00000884279488496688486176277 -> -3.511400416134851298425281  type=mixed ovs=0.0002324,0.0007626,0.001356,0.0005464
FLIP k=5 phi=2/8 d=0.05  0.00000973400924070484195331126 -> -0.0004737675035080553454433523  type=mixed ovs=0.002007,0.001044,0.0007816,0.005455
FLIP k=5 phi=2/8 d=0.1  0.000009528865989428903831419295 -> -0.01171357245075313652175346  type=mixed ovs=0.0005736,0.0005911,0.001389,0.001049
FLIP k=5 phi=2/8 d=0.2  0.000008684825183630285962457671 -> -0.09374938873700836544480088  type=mixed ovs=0.0003256,0.000313,0.0009092,0.0008526
FLIP k=5 phi=2/8 d=0.3  0.000007205090138769939355642186 -> -0.3229842554400006917904242  type=mixed ovs=0.0002057,0.0001585,0.000779,0.001011
FLIP k=5 phi=2/8 d=0.45  0.000003358161046649886512895892 -> -1.606269319342930831576184  type=mixed ovs=8.947e-6,0.000132,0.0006057,0.001302
FLIP k=5 phi=6/8 d=0.05  0.00002169044951412535615722019 -> -0.0003300027928639364539484659  type=mixed ovs=0.002056,0.001472,0.003608,0.001472
FLIP k=5 phi=6/8 d=0.1  0.0000216734338512452849904772 -> -0.004209617966802242366128651  type=mixed ovs=0.001234,0.0007195,0.002182,0.001064
FLIP k=5 phi=6/8 d=0.2  0.00002152644826471406329411368 -> -0.04873846234895698214455884  type=mixed ovs=0.00078,0.0003137,0.0007877,0.0001995
FLIP k=5 phi=6/8 d=0.3  0.00002088502496174822940970462 -> -0.1835768536635186759271432  type=descent ovs=0.0007635,0.0001356,0.0001446,0.0002675
FLIP k=5 phi=6/8 d=0.45  0.00001514719471164081556085786 -> -0.8119575623142374993146431  type=descent ovs=0.0008559,0.000109,0.0006534,0.0008302
FLIP k=6 phi=2/8 d=0.05  0.00001163821072368199616039622 -> -0.0001653364641246466870470776  type=mixed ovs=0.001154,0.001674,0.003565,0.001039
FLIP k=6 phi=2/8 d=0.1  0.00001158490908905402731997824 -> -0.001601642312640431219319624  type=mixed ovs=0.0006874,0.0007764,0.001918,0.0006404
FLIP k=6 phi=2/8 d=0.2  0.00001136415337617847354219412 -> -0.01274263583142065010715983  type=mixed ovs=0.0004357,0.0002839,0.001151,0.0005621
FLIP k=6 phi=2/8 d=0.3  0.00001097087301153536913055738 -> -0.04948588508689265241359411  type=mixed ovs=0.000208,3.33e-5,0.0007191,0.0005628
FLIP k=6 phi=2/8 d=0.45  0.000009976863249584907746405028 -> -0.3163872329774269409816169  type=mixed ovs=0.0001984,0.0004197,0.000248,0.0006425
FLIP k=6 phi=6/8 d=0.05  0.00001232824309188734246188086 -> -0.00002672000246942336462182604  type=mixed ovs=0.003132,0.009369,0.01686,0.01503
FLIP k=6 phi=6/8 d=0.1  0.00001230876947862863523748571 -> -0.0007428430355365233022306349  type=mixed ovs=0.0002101,7.493e-5,0.007922,0.00514
FLIP k=6 phi=6/8 d=0.2  0.00001224003785169247513694756 -> -0.009726194766778623456429578  type=mixed ovs=0.0002337,0.0004905,0.004882,0.002869
FLIP k=6 phi=6/8 d=0.3  0.0000121803857562909962991955 -> -0.04803852503498432514645338  type=mixed ovs=0.0005687,0.0007445,0.004535,0.002095
FLIP k=6 phi=6/8 d=0.45  0.00001260287020868643742807797 -> -0.3001579819762605927951661  type=mixed ovs=0.0005278,0.0004543,0.003976,0.0008074
FLIP k=7 phi=2/8 d=0.05  0.00001381592014693897869182724 -> -0.0001163573322297223553097636  type=descent ovs=0.003001,0.001464,0.001337,0.0009559
FLIP k=7 phi=2/8 d=0.1  0.00001375338245407793397488507 -> -0.001911533902688573442897339  type=mixed ovs=0.001079,0.0009395,0.0005192,0.001126
FLIP k=7 phi=2/8 d=0.2  0.00001350634506137853196728509 -> -0.02276139498983886141862612  type=descent ovs=0.0006419,0.000553,0.0002988,0.0006193
FLIP k=7 phi=2/8 d=0.3  0.00001313285923551539690042552 -> -0.1029477201638593047882824  type=mixed ovs=0.0004224,0.0004294,0.0002115,0.0004137
FLIP k=7 phi=2/8 d=0.45  0.0000128592561946250915912758 -> -0.5110135673460150141405194  type=mixed ovs=0.0001113,0.0005493,0.0003045,0.0006059
FLIP k=7 phi=6/8 d=0.05  0.00001324490062351298563795623 -> -0.0001342476097711841255621957  type=mixed ovs=0.001053,0.003798,0.002359,0.001282
FLIP k=7 phi=6/8 d=0.1  0.00001325945922049965571276303 -> -0.002068027707570715231785134  type=mixed ovs=0.001313,0.0008186,0.001465,0.0004727
FLIP k=7 phi=6/8 d=0.2  0.00001330997859790582448657874 -> -0.01894839808292401979081779  type=mixed ovs=0.001186,0.002111,0.0009396,0.0008136
FLIP k=7 phi=6/8 d=0.3  0.00001335278648022250476744109 -> -0.07188059282928966966203696  type=mixed ovs=0.001008,0.002396,0.0006804,0.0007207
FLIP k=7 phi=6/8 d=0.45  0.0000129752557723993545352724 -> -0.2844141409186900722242954  type=mixed ovs=0.0009918,0.00252,0.0005281,0.0003599
SUMMARY n_fire {8: 31, 64: 196}  flips 165  status {8: 'GREEN', 64: 'GREEN'}
WROTE /Users/gjw255/astrodata/SWARM/ASTRA-dev-main/Riemann/experiments/orchestrator/heat78c_census_result.json
heat78c done 8351.3s
