
########## cfg R [v2]: dps=60(+10) r_w=0.05 N_w=16 h_e=1e-9 npts=9 kx=3 ke=4 centre=OP hhw=1e-40
WIT-2 FD poly exactness orders 0..4: worst 1.342e-68 (tol 1.0e-45)
h(0,0) direct(even-limit) = (3.06886090143206751996054482316e-32 + 0.0j)
c_0 (DFT mean)            = (-2.216553194496727725782379417e-15 + 3.11288968334668237633125975624e-72j)
Delta = c_0 - h(0,0)      = (-2.21655319449672775647098843132e-15 + 3.11288968334668237633125975624e-72j)
(2 r_w)^N_w               = 1.0e-16
prefactor Delta/(2r_w)^Nw = (-22.1655319449672775647099 + 3.11288968334668237633126e-56j)   [strong form -4]
WIT-1 circle c2 rel-to-Richardson = (7.349e-9 + 5.198e-71j) (tol 1e-6)
  stencil node -4: c2 = (-18.816777343193 + 1.9379153228689e-69j)  [470s]
  stencil node -3: c2 = (-18.816777829551 - 7.3124608561526e-70j)  [687s]
  stencil node -2: c2 = (-18.816778315909 + 3.9392203992896e-70j)  [904s]
  stencil node -1: c2 = (-18.816778802267 + 5.9541089943286e-70j)  [1120s]
  stencil node +0: c2 = (-18.816779288625 - 9.7801334051328e-70j)  [1336s]
  stencil node +1: c2 = (-18.816779774983 + 2.6714253282539e-70j)  [1554s]
  stencil node +2: c2 = (-18.816780261341 - 3.2351413509108e-69j)  [1771s]
  stencil node +3: c2 = (-18.816780747699 + 2.223169213852e-69j)  [1987s]
  stencil node +4: c2 = (-18.816781234057 + 9.5990198235563e-70j)  [2204s]
CTL max |Im g| (j,l!=0,0) = 5.63813e-28
g[0][0] = (-2.21655319449672772578238e-15 + 3.11288968334668237633126e-72j)
g[1][0] = (-18.81677928862535992340864277124051053194 - 9.780133405132849356909848834158815123137e-70j)
g[0][1] = (-49.78019250939258038452661436483552934976 + 1.073845872907743514562325808768781112386e-62j)
g-table full (row j, cols l=0..4):
  g[0] = (-2.21655319449672772578238e-15 + 3.11288968334668237633126e-72j)  (-49.7801925093925803845266 + 1.07384587290774351456233e-62j)  (526.836816410642150625496 + 5.67717747904656171951056e-54j)  (-4543.12387149900697407762 - 4.29653454210912353495772e-45j)  (36425.0529749407666202265 - 1.76460951320648344240356e-36j)
  g[1] = (-18.8167792886253599234086 - 9.78013340513284935690985e-70j)  (-486.358052374958716052479 + 5.79240043934951494650315e-61j)  (7393.52178466422789017307 + 2.38283305399138235336666e-51j)  (-76634.4990750742152261749 - 8.9305031815600139580124e-43j)  (693671.446456483320014721 - 1.11063973485542775315812e-33j)
  g[2] = (-279.180914117996207323563 + 5.28561876472957547466772e-67j)  (811.779644539101273103156 - 1.72319120029078490662851e-57j)  (5332.07641478321293645219 - 8.18460439629622983732021e-49j)  (-126590.729853084197902119 + 2.71493283529482093094531e-40j)  (1560051.64930226765797089 + 1.63251757686830714244847e-31j)
  g[3] = (-1382.36060778211502941538 + 6.17211903474386918585761e-64j)  (8950.62076469038034285469 - 4.02600768172899086180071e-55j)  (-52807.0574340161259649871 - 1.55056969164599323189841e-45j)  (267827.066304627348431145 + 1.1434246160519090991749e-38j)  (-953921.966432314115185785 + 5.63812523193023828129484e-28j)
a  = (2.6455214118116607903670358277399302684157533 - 5.7068540538837109038228010897222175986979997e-64j)
b  = (-7.4624528767936012022251737299636255278674741 + 3.0170819485167260419728403641953407287856469e-55j)
a3 = (11.700717320431348666247637280700108734809755 + 2.2833559777266374617605922138237384306541139e-46j)
a4 = (-14725.652175546936038623171769467923905929174 + 9.3778395855986397265949365432542832926924544e-38j)   [m1 eps-basis, L141 formula]
X4 raw (the v3 'D4' slot, now full-support) = (14725.6521755469360386231717695 - 9.37783958559863972659493654325e-38j)
WIT-3 resid G(x(e),e) at e=0.001: 1.28179e-8
WIT-3 resid G(x(e),e) at e=0.0001: 1.28841e-13
etilde (recentring shift, c_0 series root) = (-4.452681041919444235028690018278891223231e-17 + 6.253268716488051715454275886298720899408e-74j)
implied D* = centre + etilde = (0.141733239663887146868605265889742673713099817211087767687754 + 6.25326871648805171545427588629872089940780833270360138621194e-74j)
e_root (direct h(0,e) Newton)            = 5.399530359145481709079137040264201104503e-34
root D* = centre + e_root = 0.141733239663887191395415685084185563953035914548170907913704
identity: etilde - e_root = (-4.45268104191944428902399e-17 + 6.25326871648805171545428e-74j)   vs  -Delta/g[0][1] = (-4.45268104191944639495343e-17 + 6.25326871648803499805627e-74j)   ratio = (1.0 - 4.41867021586e-72j)
ACCEPT v3 a rel diff = -5.988e-37
ACCEPT v3 b rel diff = 2.858e-37
ACCEPT v3 a3 rel diff = 2.975e-36
ACCEPT v3 D4 rel diff = -2.178e-30
c2/c4/c6/c8/c10 at e=0: (-18.816779288625359923 - 9.7801334051328493569e-70j) / (-279.18091411799620732 + 5.2856187647295754747e-67j) / (-1382.3606077821150294 + 6.1721190347438691859e-64j) / n/a / n/a
cfg R done [3721s] (v2 fixed reversion)
run complete: 1 cfgs, wall 3721s (v2)
