== A_D (central FD in D at s=1/2+eps) ==
  eps=  1e-8 hD=  1e-20: A_D = -49.7801950292901299
  eps=  1e-8 hD=  1e-18: A_D = -49.7801950292901299
  eps=  1e-8 hD=  1e-16: A_D = -49.7801950292901299
  eps= 1e-10 hD=  1e-20: A_D = -49.7801925345915709
  eps= 1e-10 hD=  1e-18: A_D = -49.7801925345915709
  eps= 1e-10 hD=  1e-16: A_D = -49.7801925345915709
  eps=  1e-6 hD=  1e-20: A_D = -49.7804444996274745
  eps=  1e-6 hD=  1e-18: A_D = -49.7804444996274745
  eps=  1e-6 hD=  1e-16: A_D = -49.7804444996274745
  published A_D = -49.78019502929013
== A_ss (2nd diff in s centered at 1/2+eps) ==
  eps=  1e-8 h2=  1e-16: A_ss = -37.6335642923379927
  eps=  1e-8 h2=  1e-15: A_ss = -37.6335642923379927
  eps=  1e-8 h2=  1e-14: A_ss = -37.6335642923379927
  eps=  1e-8 h2=  1e-13: A_ss = -37.6335642923379927
  eps= 1e-10 h2=  1e-16: A_ss = -37.6335586344015717
  eps= 1e-10 h2=  1e-15: A_ss = -37.6335586344015717
  eps= 1e-10 h2=  1e-14: A_ss = -37.6335586344015717
  eps= 1e-10 h2=  1e-13: A_ss = -37.6335586344015717
  published A_ss = -37.63356429233802

best-estimate a = 2 A_D/A_ss = 2.645521143976529  k = 3.253011616319
a_m2 = 2.645521411811663   a_mine_published = 2.6455211439765270943
total 142s
