  basis 0 panel [ -3.441, -2.714] h= 0.726 heff= 0.726 |I|=6.4208e-9    dmin=7 nodes=192 [gt selfconv 7.2e-35]  (4s)
  basis 0 panel [ -0.709,  0.118] h= 0.827 heff= 0.823 |I|=1.9248e-8    dmin=7 nodes=192 [gt selfconv 1.49e-34]  (9s)
  basis 0 panel [  0.118,  0.798] EMPTY (phi==0) -- excluded as vacuous
  basis 0 panel [  0.798,  2.002] h= 1.204 heff= 1.198 |I|=2.5633e-9    dmin=7 nodes=192 [gt selfconv 1.06e-32]  (13s)
  basis 0 panel [  2.002,  4.341] EMPTY (phi==0) -- excluded as vacuous
  basis 0 panel [  4.341,  5.418] h= 1.077 heff= 1.072 |I|=3.1447e-8    dmin=7 nodes=192 [gt selfconv 1.17e-32]  (17s)
  basis 1 panel [ -5.050, -4.863] h= 0.187 heff= 0.186 |I|=1.5105e-6    dmin=5 nodes=48 [gt selfconv 2.24e-38]  (17s)
  basis 1 panel [ -4.863, -4.215] h= 0.649 heff= 0.649 |I|=3.761e-5     dmin=6 nodes=96 [gt selfconv 6.03e-38]  (20s)
  basis 1 panel [ -4.215, -3.986] h= 0.229 heff= 0.229 |I|=7.8306e-5    dmin=5 nodes=48 [gt selfconv 1.4e-38]  (21s)
  basis 1 panel [ -3.986, -3.684] h= 0.302 heff= 0.302 |I|=6.6619e-5    dmin=6 nodes=96 [gt selfconv 5.3e-38]  (22s)
  basis 1 panel [ -3.684, -1.205] h= 2.479 heff= 2.472 |I|=5.6436e-5    dmin=8 nodes=384 [gt selfconv 7.21e-37]  (32s)
  basis 1 panel [ -1.205,  0.304] EMPTY (phi==0) -- excluded as vacuous
  basis 1 panel [  0.304,  1.708] h= 1.403 heff= 1.396 |I|=2.8053e-10   dmin=7 nodes=192 [gt selfconv 4.93e-32]  (37s)
  basis 1 panel [  1.708,  2.919] EMPTY (phi==0) -- excluded as vacuous
  basis 1 panel [  2.919,  3.672] h= 0.753 heff= 0.749 |I|=1.7881e-7    dmin=7 nodes=192 [gt selfconv 8.73e-34]  (39s)
  basis 2 panel [ -5.993, -5.712] h= 0.281 heff= 0.281 |I|=1.421e-6     dmin=5 nodes=48 [gt selfconv 2.29e-38]  (40s)
  basis 2 panel [ -5.712, -4.577] h= 1.135 heff= 1.135 |I|=9.9623e-6    dmin=7 nodes=192 [gt selfconv 1.16e-37]  (45s)
  basis 2 panel [ -4.577, -3.622] h= 0.955 heff= 0.955 |I|=9.7408e-6    dmin=7 nodes=192 [gt selfconv 9.33e-38]  (48s)
  basis 2 panel [  0.981,  5.290] h= 4.309 heff= 4.287 |I|=1.0867e-14   dmin=9 nodes=768 [gt selfconv 2.35e-26]  (75s)
  basis 3 panel [ -5.814, -4.967] h= 0.847 heff= 0.847 |I|=6.6313e-6    dmin=7 nodes=192 [gt selfconv 9.58e-38]  (79s)
  basis 3 panel [ -4.967, -4.110] h= 0.857 heff= 0.857 |I|=2.1009e-5    dmin=7 nodes=192 [gt selfconv 8.41e-38]  (82s)
  basis 3 panel [ -4.110, -2.310] h= 1.801 heff= 1.801 |I|=1.4638e-5    dmin=8 nodes=384 [gt selfconv 1.15e-37]  (89s)
  basis 3 panel [ -1.916, -1.014] h= 0.903 heff= 0.900 |I|=5.7068e-5    dmin=7 nodes=192 [gt selfconv 2.03e-38]  (92s)
  basis 3 panel [ -1.014,  0.699] h= 1.712 heff= 1.712 |I|=1.2643e-5    dmin=8 nodes=384 [gt selfconv 1.66e-36]  (99s)
  basis 3 panel [  0.699,  1.074] h= 0.376 heff= 0.375 |I|=4.5223e-5    dmin=6 nodes=96 [gt selfconv 5.62e-39]  (100s)
  basis 3 panel [  1.074,  1.489] EMPTY (phi==0) -- excluded as vacuous
  basis 3 panel [  1.489,  2.402] h= 0.913 heff= 0.909 |I|=6.8085e-9    dmin=7 nodes=192 [gt selfconv 2.33e-33]  (104s)
  basis 4 panel [  0.347,  3.012] h= 2.666 heff= 2.659 |I|=0.0031982    dmin=8 nodes=384 [gt selfconv 5.77e-38]  (111s)
  basis 4 panel [  3.012,  4.020] h= 1.007 heff= 1.007 |I|=0.0061491    dmin=7 nodes=192 [gt selfconv 4.46e-38]  (115s)
  basis 4 panel [  4.020,  6.000] h= 1.980 heff= 1.980 |I|=0.010232     dmin=8 nodes=384 [gt selfconv 2.45e-37]  (121s)
  basis 4 panel [  6.000,  7.592] h= 1.592 heff= 1.588 |I|=0.013159     dmin=8 nodes=384 [gt selfconv 9.13e-38]  (126s)
  basis 5 panel [ -5.348, -3.036] h= 2.311 heff= 2.300 |I|=9.9242e-13   dmin=8 nodes=384 [gt selfconv 8.92e-30]  (133s)
  basis 5 panel [  0.524,  1.136] h= 0.612 heff= 0.609 |I|=4.0552e-7    dmin=7 nodes=192 [gt selfconv 3.5e-35]  (137s)
  basis 6 panel [ -3.742, -2.201] h= 1.541 heff= 1.537 |I|=0.00010827   dmin=7 nodes=192 [gt selfconv 9.73e-38]  (142s)
  basis 6 panel [ -2.201, -1.571] h= 0.630 heff= 0.630 |I|=5.98e-5      dmin=7 nodes=192 [gt selfconv 5.44e-38]  (144s)
  basis 6 panel [ -1.571, -1.167] h= 0.404 heff= 0.403 |I|=6.3503e-5    dmin=6 nodes=96 [gt selfconv 3.46e-39]  (145s)
  basis 6 panel [ -1.167,  0.864] EMPTY (phi==0) -- excluded as vacuous
  basis 6 panel [  0.864,  1.815] h= 0.951 heff= 0.946 |I|=3.2852e-8    dmin=7 nodes=192 [gt selfconv 1.35e-33]  (148s)
  basis 7 panel [ -3.816, -1.328] h= 2.487 heff= 2.475 |I|=1.1313e-12   dmin=8 nodes=384 [gt selfconv 9.08e-30]  (155s)
  basis 7 panel [  3.789,  3.853] h= 0.064 heff= 0.063 |I|=0.00025987   dmin=5 nodes=48 [gt selfconv 2.93e-38]  (159s)
  basis 7 panel [  3.853,  4.693] h= 0.840 heff= 0.840 |I|=0.00035712   dmin=7 nodes=192 [gt selfconv 7.84e-37]  (162s)
  basis 7 panel [  4.693,  4.761] h= 0.068 heff= 0.068 |I|=0.00059838   dmin=5 nodes=48 [gt selfconv 8.02e-38]  (162s)

n panels (non-empty) = 36;  dmin range 5..9
predictor h     Spearman rho = +0.9216  permutation P (two-sided, 20000) = 0.00005
predictor heff  Spearman rho = +0.9216  permutation P (two-sided, 20000) = 0.00005
predictor absI  Spearman rho = -0.1817  permutation P (two-sided, 20000) = 0.29444

nodes / (gamma*heff/4):
   heff= 0.726  nodes=  192  gamma*heff/4=    72.6  ratio=  2.64
   heff= 0.823  nodes=  192  gamma*heff/4=    82.3  ratio=  2.33
   heff= 1.198  nodes=  192  gamma*heff/4=   119.8  ratio=  1.60
   heff= 1.072  nodes=  192  gamma*heff/4=   107.2  ratio=  1.79
   heff= 0.186  nodes=   48  gamma*heff/4=    18.6  ratio=  2.58
   heff= 0.649  nodes=   96  gamma*heff/4=    64.9  ratio=  1.48
   heff= 0.229  nodes=   48  gamma*heff/4=    22.9  ratio=  2.10
   heff= 0.302  nodes=   96  gamma*heff/4=    30.2  ratio=  3.18
   heff= 2.472  nodes=  384  gamma*heff/4=   247.2  ratio=  1.55
   heff= 1.396  nodes=  192  gamma*heff/4=   139.6  ratio=  1.37
   heff= 0.749  nodes=  192  gamma*heff/4=    74.9  ratio=  2.56
   heff= 0.281  nodes=   48  gamma*heff/4=    28.1  ratio=  1.71
   heff= 1.135  nodes=  192  gamma*heff/4=   113.5  ratio=  1.69
   heff= 0.955  nodes=  192  gamma*heff/4=    95.5  ratio=  2.01
   heff= 4.287  nodes=  768  gamma*heff/4=   428.7  ratio=  1.79
   heff= 0.847  nodes=  192  gamma*heff/4=    84.7  ratio=  2.27
   heff= 0.857  nodes=  192  gamma*heff/4=    85.7  ratio=  2.24
   heff= 1.801  nodes=  384  gamma*heff/4=   180.1  ratio=  2.13
   heff= 0.900  nodes=  192  gamma*heff/4=    90.0  ratio=  2.13
   heff= 1.712  nodes=  384  gamma*heff/4=   171.2  ratio=  2.24
   heff= 0.375  nodes=   96  gamma*heff/4=    37.5  ratio=  2.56
   heff= 0.909  nodes=  192  gamma*heff/4=    90.9  ratio=  2.11
   heff= 2.659  nodes=  384  gamma*heff/4=   265.9  ratio=  1.44
   heff= 1.007  nodes=  192  gamma*heff/4=   100.7  ratio=  1.91
   heff= 1.980  nodes=  384  gamma*heff/4=   198.0  ratio=  1.94
   heff= 1.588  nodes=  384  gamma*heff/4=   158.8  ratio=  2.42
   heff= 2.300  nodes=  384  gamma*heff/4=   230.0  ratio=  1.67
   heff= 0.609  nodes=  192  gamma*heff/4=    60.9  ratio=  3.15
   heff= 1.537  nodes=  192  gamma*heff/4=   153.7  ratio=  1.25
   heff= 0.630  nodes=  192  gamma*heff/4=    63.0  ratio=  3.05
   heff= 0.403  nodes=   96  gamma*heff/4=    40.3  ratio=  2.38
   heff= 0.946  nodes=  192  gamma*heff/4=    94.6  ratio=  2.03
   heff= 2.475  nodes=  384  gamma*heff/4=   247.5  ratio=  1.55
   heff= 0.063  nodes=   48  gamma*heff/4=     6.3  ratio=  7.58
   heff= 0.840  nodes=  192  gamma*heff/4=    84.0  ratio=  2.28
   heff= 0.068  nodes=   48  gamma*heff/4=     6.8  ratio=  7.05
