REDIRECTION: {
 "wrapper": "/shared/rh-exchange-repo/Riemann/data/c54/m2_c54_spectrum.py",
 "c53_module": "/shared/rh-exchange-repo/Riemann/data/c53/m2_c53_spectrum.py",
 "c53_dir": "/shared/rh-exchange-repo/Riemann/data/c53",
 "out_dir": "/shared/rh-exchange-repo/Riemann/data/c54",
 "redirected": true,
 "inner_resolver": {
  "HERE": "/shared/rh-exchange-repo/Riemann/data/c54",
  "c42": "/shared/rh-exchange-repo/Riemann/data/c42",
  "code": "/shared/rh-exchange-repo/Riemann/data/code",
  "c46": "/shared/rh-exchange-repo/Riemann/data/c46",
  "c50": "/shared/rh-exchange-repo/Riemann/data/c50",
  "c51": "/shared/rh-exchange-repo/Riemann/data/c51",
  "detector_module": "/shared/rh-exchange-repo/Riemann/data/c51/m2_c51_nodes.py"
 }
}
  odd  rung 1  log10lam=-75.341029464952 rel_resid=7.869512893e-226 adm=True  nu=1    refine=1    lobe=1.0        sturm=1   delta=0    stable=True
  odd  rung 2  log10lam=-67.655943079044 rel_resid=3.120883687e-233 adm=True  nu=3    refine=3    lobe=0.5634     sturm=3   delta=0    stable=True
  odd  rung 3  log10lam=-60.472489258850 rel_resid=2.255244503e-240 adm=True  nu=7    refine=7    lobe=0.07159    sturm=5   delta=2    stable=True
  odd  rung 4  log10lam=-54.027756425454 rel_resid=8.219214498e-247 adm=True  nu=9    refine=9    lobe=0.4752     sturm=7   delta=2    stable=True
  odd  rung 5  log10lam=-47.736561413791 rel_resid=6.225522382e-253 adm=True  nu=11   refine=11   lobe=0.2262     sturm=9   delta=2    stable=True
  odd  rung 6  log10lam=-42.101184520176 rel_resid=1.74783828e-258 adm=True  nu=17   refine=17   lobe=0.1356     sturm=11  delta=6    stable=True
  odd  rung 7  log10lam=-36.611879508021 rel_resid=5.678675857e-264 adm=True  nu=19   refine=19   lobe=0.1253     sturm=13  delta=6    stable=True
  odd  rung 8  log10lam=-31.467968876057 rel_resid=3.734060752e-269 adm=True  nu=25   refine=25   lobe=0.1835     sturm=15  delta=10   stable=True
  odd  rung 9  log10lam=-26.590595582760 rel_resid=6.324121689e-274 adm=True  nu=25   refine=25   lobe=0.06422    sturm=17  delta=8    stable=True
  odd  rung 10 log10lam=-22.083191740966 rel_resid=2.153184469e-278 adm=True  nu=35   refine=35   lobe=0.0723     sturm=19  delta=16   stable=True
  odd  rung 11 log10lam=-17.718656663030 rel_resid=1.081761673e-282 adm=True  nu=33   refine=33   lobe=0.1224     sturm=21  delta=12   stable=True
  odd  rung 12 log10lam=-13.685583018827 rel_resid=9.522529511e-287 adm=True  nu=43   refine=43   lobe=0.09719    sturm=23  delta=20   stable=True
wrote m2_c54_nodes_odd_x17_N100_dps300.json  1343.1s
