REDIRECTION: {
 "wrapper": "/shared/rh-exchange-repo/Riemann/data/c54/m2_c54_spectrum.py",
 "c53_module": "/shared/rh-exchange-repo/Riemann/data/c53/m2_c53_spectrum.py",
 "c53_dir": "/shared/rh-exchange-repo/Riemann/data/c53",
 "out_dir": "/shared/rh-exchange-repo/Riemann/data/c54",
 "redirected": true,
 "inner_resolver": {
  "HERE": "/shared/rh-exchange-repo/Riemann/data/c54",
  "c42": "/shared/rh-exchange-repo/Riemann/data/c42",
  "code": "/shared/rh-exchange-repo/Riemann/data/code",
  "c46": "/shared/rh-exchange-repo/Riemann/data/c46",
  "c50": "/shared/rh-exchange-repo/Riemann/data/c50",
  "c51": "/shared/rh-exchange-repo/Riemann/data/c51",
  "detector_module": "/shared/rh-exchange-repo/Riemann/data/c51/m2_c51_nodes.py"
 }
}
  odd  rung 1  log10lam=-75.574948813773 rel_resid=3.259864119e-225 adm=True  nu=1    refine=1    lobe=1.0        sturm=1   delta=0    stable=True
  odd  rung 2  log10lam=-67.877626131873 rel_resid=7.668187839e-233 adm=True  nu=3    refine=3    lobe=0.5634     sturm=3   delta=0    stable=True
  odd  rung 3  log10lam=-60.660801962271 rel_resid=8.020536429e-240 adm=True  nu=7    refine=7    lobe=0.0716     sturm=5   delta=2    stable=True
  odd  rung 4  log10lam=-54.263786085276 rel_resid=3.34380438e-246 adm=True  nu=9    refine=9    lobe=0.4752     sturm=7   delta=2    stable=True
  odd  rung 5  log10lam=-47.879566179176 rel_resid=1.264440448e-252 adm=True  nu=11   refine=11   lobe=0.2261     sturm=9   delta=2    stable=True
  odd  rung 6  log10lam=-42.297296550529 rel_resid=3.653408248e-258 adm=True  nu=17   refine=17   lobe=0.1356     sturm=11  delta=6    stable=True
  odd  rung 7  log10lam=-36.765846178667 rel_resid=1.181953401e-263 adm=True  nu=19   refine=19   lobe=0.1253     sturm=13  delta=6    stable=True
  odd  rung 8  log10lam=-31.612781364060 rel_resid=7.947469127e-269 adm=True  nu=25   refine=25   lobe=0.1835     sturm=15  delta=10   stable=True
  odd  rung 9  log10lam=-26.761326020342 rel_resid=1.351446848e-273 adm=True  nu=25   refine=25   lobe=0.06416    sturm=17  delta=8    stable=True
  odd  rung 10 log10lam=-22.206336010372 rel_resid=8.04116779e-278 adm=True  nu=35   refine=35   lobe=0.07232    sturm=19  delta=16   stable=True
  odd  rung 11 log10lam=-17.853216075335 rel_resid=4.218617786e-282 adm=True  nu=33   refine=33   lobe=0.1225     sturm=21  delta=12   stable=True
  odd  rung 12 log10lam=-13.781623148792 rel_resid=2.207813041e-286 adm=True  nu=43   refine=43   lobe=0.09692    sturm=23  delta=20   stable=True
wrote m2_c54_nodes_odd_x17_N180_dps300.json  2364.1s
