==============================================================================
E1/E2  registered (16/12 d) vs m1-L164 rung-3 (19/21 d) constants, PUBLISHED estimator
==============================================================================

--- registered a,b | dps=50 | fit_normal ---
K   a3                       max resid  
5   11.7007173757872234      3.04e-8    
6   11.7007173268834849      3.13e-10   
7   11.7007173261617275      1.94e-10   
8   11.7007173271329231      7.95e-11   

--- U1/U2 a,b | dps=50 | fit_normal ---
K   a3                       max resid  
5   11.7007173702388507      3.09e-8    
6   11.700717319895874       7.33e-10   
7   11.7007173174123915      2.01e-10   
8   11.7007173164027646      8.67e-11   

==============================================================================
E3  WORKING-PRECISION SWEEP -- does the published estimator's answer depend on dps?
==============================================================================

--- registered a,b | dps=50 | fit_normal ---
K   a3                       max resid  
5   11.7007173757872234      3.04e-8    
6   11.7007173268834849      3.13e-10   
7   11.7007173261617275      1.94e-10   
8   11.7007173271329231      7.95e-11   

--- registered a,b | dps=80 | fit_normal ---
K   a3                       max resid  
5   11.7007173757872234      3.04e-8    
6   11.7007173268834849      3.13e-10   
7   11.7007173261617275      1.94e-10   
8   11.7007173271329231      7.95e-11   

--- registered a,b | dps=150 | fit_normal ---
K   a3                       max resid  
5   11.7007173757872234      3.04e-8    
6   11.7007173268834849      3.13e-10   
7   11.7007173261617275      1.94e-10   
8   11.7007173271329231      7.95e-11   

--- registered a,b | dps=300 | fit_normal ---
K   a3                       max resid  
5   11.7007173757872234      3.04e-8    
6   11.7007173268834849      3.13e-10   
7   11.7007173261617275      1.94e-10   
8   11.7007173271329231      7.95e-11   

==============================================================================
E4  CONDITIONED ESTIMATOR (QR on scaled Vandermonde), same model, same data
==============================================================================

--- registered a,b | dps=50 | fit_qr_scaled ---
K   a3                       max resid  
5   11.7007173757872234      3.04e-8    
6   11.7007173268834849      3.13e-10   
7   11.7007173261617275      1.94e-10   
8   11.7007173271329231      7.95e-11   

--- U1/U2 a,b | dps=50 | fit_qr_scaled ---
K   a3                       max resid  
5   11.7007173702388507      3.09e-8    
6   11.700717319895874       7.33e-10   
7   11.7007173174123915      2.01e-10   
8   11.7007173164027646      8.67e-11   

--- registered a,b | dps=300 | fit_qr_scaled ---
K   a3                       max resid  
5   11.7007173757872234      3.04e-8    
6   11.7007173268834849      3.13e-10   
7   11.7007173261617275      1.94e-10   
8   11.7007173271329231      7.95e-11   

--- U1/U2 a,b | dps=300 | fit_qr_scaled ---
K   a3                       max resid  
5   11.7007173702388507      3.09e-8    
6   11.700717319895874       7.33e-10   
7   11.7007173174123915      2.01e-10   
8   11.7007173164027646      8.67e-11   

==============================================================================
E5  SENSITIVITY d a3 / d|b|  (measured, both estimators, dps=300)
==============================================================================
fit_normal     K=6  d|b|=1e-13 -> d a3 = -1.328e-10    ratio -1328.0
fit_normal     K=6  d|b|=1e-12 -> d a3 = -1.328e-9     ratio -1328.0
fit_normal     K=7  d|b|=1e-13 -> d a3 = -1.609e-10    ratio -1609.0
fit_normal     K=7  d|b|=1e-12 -> d a3 = -1.609e-9     ratio -1609.0
fit_normal     K=8  d|b|=1e-13 -> d a3 = -1.904e-10    ratio -1904.0
fit_normal     K=8  d|b|=1e-12 -> d a3 = -1.904e-9     ratio -1904.0
fit_qr_scaled  K=6  d|b|=1e-13 -> d a3 = -1.328e-10    ratio -1328.0
fit_qr_scaled  K=6  d|b|=1e-12 -> d a3 = -1.328e-9     ratio -1328.0
fit_qr_scaled  K=7  d|b|=1e-13 -> d a3 = -1.609e-10    ratio -1609.0
fit_qr_scaled  K=7  d|b|=1e-12 -> d a3 = -1.609e-9     ratio -1609.0
fit_qr_scaled  K=8  d|b|=1e-13 -> d a3 = -1.904e-10    ratio -1904.0
fit_qr_scaled  K=8  d|b|=1e-12 -> d a3 = -1.904e-9     ratio -1904.0

==============================================================================
E6  IS a3 u-LIMITED?  perturb every u by 1e-25 relative (my print floor / m1's 2.35e-25)
==============================================================================
K=6  d a3 from du/u = 1e-25 : 7.196e-19
K=7  d a3 from du/u = 1e-25 : 9.727e-19
K=8  d a3 from du/u = 1e-25 : 1.284e-18

==============================================================================
E7  CROSS-ROUTE AGREEMENT |a3^BL - a3^kappa|, a3^kappa = 11.700717320435114
==============================================================================
registered  fit_normal     K=6..8 mid 11.7007173267260452  spread 9.71e-10    |mid-kappa| 6.291e-9
registered  fit_qr_scaled  K=6..8 mid 11.7007173267260452  spread 9.71e-10    |mid-kappa| 6.291e-9
U1/U2       fit_normal     K=6..8 mid 11.7007173179036767  spread 3.49e-9     |mid-kappa| 2.531e-9
U1/U2       fit_qr_scaled  K=6..8 mid 11.7007173179036767  spread 3.49e-9     |mid-kappa| 2.531e-9
