========================================================================================
  rung-3 constants (19/21 d)
========================================================================================
K   dof   in-sample    LOO max      LOO rms      a3 (full fit)          a3 JK spread
4   6     1.89e-6      0.000629     0.00019      11.7007189455230763    1.82e-6    
5   5     3.09e-8      0.000193     5.83e-5      11.7007173702388507    5.93e-8    
6   4     7.33e-10     0.00014      4.21e-5      11.700717319895874     3.12e-9    
7   3     2.01e-10     0.00114      0.000343     11.7007173174123915    1.35e-9    
8   2     8.67e-11     0.0333       0.01         11.7007173164027646    1.78e-9    

========================================================================================
  registered constants (16/12 d)
========================================================================================
K   dof   in-sample    LOO max      LOO rms      a3 (full fit)          a3 JK spread
4   6     1.89e-6      0.000628     0.00019      11.7007189500395598    1.82e-6    
5   5     3.04e-8      0.000188     5.66e-5      11.7007173757872234    5.72e-8    
6   4     3.13e-10     4.14e-5      1.25e-5      11.7007173268834849    8.89e-10   
7   3     1.94e-10     0.0011       0.000331     11.7007173261617275    1.26e-9    
8   2     7.95e-11     0.0297       0.00896      11.7007173271329231    1.63e-9    

========================================================================================
  a3 under the BEST-SUPPORTED K, with a jackknife bar, vs the contour rung a3^kappa
========================================================================================
K=5  a3 = 11.7007173702388507  jackknife SE 6.65e-8      |a3 - a3^kappa| = 4.98e-8
K=6  a3 = 11.700717319895874  jackknife SE 3.44e-9      |a3 - a3^kappa| = 5.392e-10
K=7  a3 = 11.7007173174123915  jackknife SE 1.39e-9      |a3 - a3^kappa| = 3.023e-9
